Archive member included to satisfy reference by file (symbol)

C:/ti/energia_cc3220emt_5.6.2/system/source\ti/drivers/lib/drivers_cc32xx.am4g(PowerCC32XX.om4g)
                              C:/ti/energia_cc3220emt_5.6.2/system/energia\configPkg/package/cfg/energia_pm4g.om4g (Power_idleFunc)
C:/ti/energia_cc3220emt_5.6.2/system/source\ti/drivers/lib/drivers_cc32xx.am4g(PowerCC32XX_asm.om4g)
                              C:/ti/energia_cc3220emt_5.6.2/system/source\ti/drivers/lib/drivers_cc32xx.am4g(PowerCC32XX.om4g) (PowerCC32XX_enterLPDS)
C:/ti/energia_cc3220emt_5.6.2/system/source\ti/drivers/lib/drivers_cc32xx.am4g(List.om4g)
                              C:/ti/energia_cc3220emt_5.6.2/system/source\ti/drivers/lib/drivers_cc32xx.am4g(PowerCC32XX.om4g) (List_empty)
C:/ti/energia_cc3220emt_5.6.2/system/kernel/tirtos/packages\ti/dpl/lib/dpl_cc32xx.am4g(HwiP_tirtos.om4g)
                              C:/ti/energia_cc3220emt_5.6.2/system/source\ti/drivers/lib/drivers_cc32xx.am4g(PowerCC32XX.om4g) (HwiP_disable)
C:/ti/energia_cc3220emt_5.6.2/system/energia\src/sysbios/sysbios.am4g(m3_Hwi_asm_gnu.o)
                              C:/ti/energia_cc3220emt_5.6.2/system/energia\configPkg/package/cfg/energia_pm4g.om4g (ti_sysbios_family_arm_m3_Hwi_pendSV(int0_t))
C:/ti/energia_cc3220emt_5.6.2/system/energia\src/sysbios/sysbios.am4g(m3_Hwi_asm_switch_gnu.o)
                              C:/ti/energia_cc3220emt_5.6.2/system/energia\configPkg/package/cfg/energia_pm4g.om4g (ti_sysbios_family_arm_m3_Hwi_getTaskSP__E)
C:/ti/energia_cc3220emt_5.6.2/system/energia\src/sysbios/sysbios.am4g(m3_IntrinsicsSupport_asm_gnu.o)
                              C:/ti/energia_cc3220emt_5.6.2/system/energia\configPkg/package/cfg/energia_pm4g.om4g (ti_sysbios_family_arm_m3_IntrinsicsSupport_maxbit__E)
C:/ti/energia_cc3220emt_5.6.2/system/energia\src/sysbios/sysbios.am4g(m3_TaskSupport_asm_gnu.o)
                              C:/ti/energia_cc3220emt_5.6.2/system/energia\configPkg/package/cfg/energia_pm4g.om4g (ti_sysbios_family_arm_m3_TaskSupport_swap__E)
C:/ti/energia_cc3220emt_5.6.2/system/energia\src/sysbios/sysbios.am4g(_BIOS.o)
                              C:/ti/energia_cc3220emt_5.6.2/system/energia\configPkg/package/cfg/energia_pm4g.om4g (ti_sysbios_BIOS_linkedWithIncorrectBootLibrary__E)
C:/ti/energia_cc3220emt_5.6.2/system/energia\src/sysbios/sysbios.am4g(knl_Clock.o)
                              C:/ti/energia_cc3220emt_5.6.2/system/energia\configPkg/package/cfg/energia_pm4g.om4g (ti_sysbios_knl_Clock_Module_startup__E)
C:/ti/energia_cc3220emt_5.6.2/system/energia\src/sysbios/sysbios.am4g(knl_Idle.o)
                              C:/ti/energia_cc3220emt_5.6.2/system/energia\configPkg/package/cfg/energia_pm4g.om4g (ti_sysbios_knl_Idle_loop__E)
C:/ti/energia_cc3220emt_5.6.2/system/energia\src/sysbios/sysbios.am4g(knl_Event.o)
                              C:/ti/energia_cc3220emt_5.6.2/system/energia\configPkg/package/cfg/energia_pm4g.om4g (ti_sysbios_knl_Event_Instance_init__E)
C:/ti/energia_cc3220emt_5.6.2/system/energia\src/sysbios/sysbios.am4g(knl_Mailbox.o)
                              C:/ti/energia_cc3220emt_5.6.2/system/energia\configPkg/package/cfg/energia_pm4g.om4g (ti_sysbios_knl_Mailbox_Module_startup__E)
C:/ti/energia_cc3220emt_5.6.2/system/energia\src/sysbios/sysbios.am4g(knl_Queue.o)
                              C:/ti/energia_cc3220emt_5.6.2/system/energia\configPkg/package/cfg/energia_pm4g.om4g (ti_sysbios_knl_Queue_Instance_init__E)
C:/ti/energia_cc3220emt_5.6.2/system/energia\src/sysbios/sysbios.am4g(knl_Semaphore.o)
                              C:/ti/energia_cc3220emt_5.6.2/system/energia\configPkg/package/cfg/energia_pm4g.om4g (ti_sysbios_knl_Semaphore_Instance_init__E)
C:/ti/energia_cc3220emt_5.6.2/system/energia\src/sysbios/sysbios.am4g(knl_Swi.o)
                              C:/ti/energia_cc3220emt_5.6.2/system/energia\configPkg/package/cfg/energia_pm4g.om4g (ti_sysbios_knl_Swi_Module_startup__E)
C:/ti/energia_cc3220emt_5.6.2/system/energia\src/sysbios/sysbios.am4g(knl_Task.o)
                              C:/ti/energia_cc3220emt_5.6.2/system/energia\configPkg/package/cfg/energia_pm4g.om4g (ti_sysbios_knl_Task_Module_startup__E)
C:/ti/energia_cc3220emt_5.6.2/system/energia\src/sysbios/sysbios.am4g(hal_Hwi.o)
                              C:/ti/energia_cc3220emt_5.6.2/system/energia\configPkg/package/cfg/energia_pm4g.om4g (ti_sysbios_hal_Hwi_Module_startup__E)
C:/ti/energia_cc3220emt_5.6.2/system/energia\src/sysbios/sysbios.am4g(hal_Hwi_stack.o)
                              C:/ti/energia_cc3220emt_5.6.2/system/energia\configPkg/package/cfg/energia_pm4g.om4g (ti_sysbios_hal_Hwi_initStack)
C:/ti/energia_cc3220emt_5.6.2/system/energia\src/sysbios/sysbios.am4g(hal_Hwi_startup.o)
                              C:/ti/energia_cc3220emt_5.6.2/system/energia\configPkg/package/cfg/energia_pm4g.om4g (ti_sysbios_hal_Hwi_startup__E)
[...]
Memory Configuration

Name             Origin             Length             Attributes
FLASH            0x00000000         0x00000000         xr
SRAM0            0x20000000         0x00004000         xrw
SRAM             0x20004000         0x0003c000         xrw
*default*        0x00000000         0xffffffff

Linker script and memory map

LOAD ./Adafruit_TMP006.o
LOAD ./main.o
LOAD ./WiFiUdpSendReceiveString.o
START GROUP
                0x00000400                __STACK_SIZE = 0x400
                0x00000400                __TI_STACK_SIZE = __STACK_SIZE
LOAD C:/ti/energia_cc3220emt_5.6.2/system/energia\configPkg/package/cfg/energia_pm4g.om4g
LOAD C:/ti/energia_cc3220emt_5.6.2/system/source\ti/drivers/lib/drivers_cc32xx.am4g
LOAD C:/ti/energia_cc3220emt_5.6.2/system/kernel/tirtos/packages\ti/dpl/lib/dpl_cc32xx.am4g
LOAD C:/ti/energia_cc3220emt_5.6.2/system/energia\src/sysbios/sysbios.am4g
LOAD C:/ti/energia_cc3220emt_5.6.2/system/source\third_party/fatfs/lib/fatfs.am4g
LOAD C:/ti/energia_cc3220emt_5.6.2/system/kernel/tirtos/packages\gnu/targets/arm/rtsv7M/lib/gnu.targets.arm.rtsv7M.am4g
LOAD C:/ti/energia_cc3220emt_5.6.2/system/kernel/tirtos/packages\gnu/targets/arm/rtsv7M/lib/boot.am4g
LOAD C:/ti/energia_cc3220emt_5.6.2/system/kernel/tirtos/packages\gnu/targets/arm/rtsv7M/lib/syscalls.am4g
                0x00000001                xdc_runtime_Startup__EXECFXN__C = 0x1
                0x00000001                xdc_runtime_Startup__RESETFXN__C = 0x1
                [!provide]                PROVIDE (_vtable_base_address, DEFINED (_vtable_base_address)?_vtable_base_address:0x20000000)

.vtable         0x20000000      0x30c
 *(.vtable)
 .vtable        0x20000000      0x30c C:/ti/energia_cc3220emt_5.6.2/system/energia\configPkg/package/cfg/energia_pm4g.om4g
                0x20000000                ti_sysbios_family_arm_m3_Hwi_ramVectors
                [!provide]                PROVIDE (_intvecs_base_address, DEFINED (_intvecs_base_address)?_intvecs_base_address:0x20004000)

.intvecs        0x20004000       0x3c
 *(.intvecs)
 .intvecs       0x20004000       0x3c C:/ti/energia_cc3220emt_5.6.2/system/energia\configPkg/package/cfg/energia_pm4g.om4g
                0x20004000                ti_sysbios_family_arm_m3_Hwi_resetVectors

.text           0x20004040    0x1138c
 CREATE_OBJECT_SYMBOLS
 *(.text)
 .text          0x20004040       0x98 C:/ti/energia_cc3220emt_5.6.2/system/source\ti/drivers/lib/drivers_cc32xx.am4g(PowerCC32XX_asm.om4g)
                0x20004040                PowerCC32XX_enterLPDS
                0x20004084                PowerCC32XX_resumeLPDS
 .text          0x200040d8      0x370 c:/ti/energia_tool_arm-none-eabi-gcc_6.3.1-20170620/bin/../lib/gcc/arm-none-eabi/6.3.1/thumb/v7e-m\libgcc.a(_arm_addsubdf3.o)
                0x200040d8                __aeabi_drsub
                0x200040e0                __subdf3
                0x200040e0                __aeabi_dsub
                0x200040e4                __aeabi_dadd
                0x200040e4                __adddf3
                0x2000435c                __floatunsidf
                0x2000435c                __aeabi_ui2d
                0x2000437c                __aeabi_i2d
                0x2000437c                __floatsidf
                0x200043a0                __extendsfdf2
                0x200043a0                __aeabi_f2d
                0x200043dc                __floatundidf
                0x200043dc                __aeabi_ul2d
                0x200043ec                __aeabi_l2d
                0x200043ec                __floatdidf
 .text          0x20004448      0x424 c:/ti/energia_tool_arm-none-eabi-gcc_6.3.1-20170620/bin/../lib/gcc/arm-none-eabi/6.3.1/thumb/v7e-m\libgcc.a(_arm_muldivdf3.o)
                0x20004448                __aeabi_dmul
                0x20004448                __muldf3
                0x2000469c                __divdf3
                0x2000469c                __aeabi_ddiv
 .text          0x2000486c       0xa0 c:/ti/energia_tool_arm-none-eabi-gcc_6.3.1-20170620/bin/../lib/gcc/arm-none-eabi/6.3.1/thumb/v7e-m\libgcc.a(_arm_truncdfsf2.o)
                0x2000486c                __truncdfsf2
                0x2000486c                __aeabi_d2f
 .text          0x2000490c      0x21c c:/ti/energia_tool_arm-none-eabi-gcc_6.3.1-20170620/bin/../lib/gcc/arm-none-eabi/6.3.1/thumb/v7e-m\libgcc.a(_arm_addsubsf3.o)
                0x2000490c                __aeabi_frsub
                0x20004914                __subsf3
                0x20004914                __aeabi_fsub
                0x20004918                __addsf3
                0x20004918                __aeabi_fadd
                0x20004a78                __aeabi_ui2f
                0x20004a78                __floatunsisf
                0x20004a80                __floatsisf
                0x20004a80                __aeabi_i2f
                0x20004a9c                __aeabi_ul2f
                0x20004a9c                __floatundisf
                0x20004aac                __aeabi_l2f
                0x20004aac                __floatdisf
 .text          0x20004b28      0x2a0 c:/ti/energia_tool_arm-none-eabi-gcc_6.3.1-20170620/bin/../lib/gcc/arm-none-eabi/6.3.1/thumb/v7e-m\libgcc.a(_arm_muldivsf3.o)
                0x20004b28                __aeabi_fmul
                0x20004b28                __mulsf3
                0x20004c90                __divsf3
                0x20004c90                __aeabi_fdiv
 .text          0x20004dc8       0xec c:/ti/energia_tool_arm-none-eabi-gcc_6.3.1-20170620/bin/../lib/gcc/arm-none-eabi/6.3.1/thumb/v7e-m\libgcc.a(_arm_cmpsf2.o)
                0x20004dc8                __gtsf2
                0x20004dc8                __gesf2
                0x20004dd0                __lesf2
                0x20004dd0                __ltsf2
                0x20004dd8                __cmpsf2
                0x20004dd8                __eqsf2
                0x20004dd8                __nesf2
                0x20004e38                __aeabi_cfrcmple
                0x20004e40                __aeabi_cfcmpeq
                0x20004e40                __aeabi_cfcmple
                0x20004e50                __aeabi_fcmpeq
                0x20004e64                __aeabi_fcmplt
                0x20004e78                __aeabi_fcmple
                0x20004e8c                __aeabi_fcmpge
                0x20004ea0                __aeabi_fcmpgt
 .text          0x20004eb4       0x4c c:/ti/energia_tool_arm-none-eabi-gcc_6.3.1-20170620/bin/../lib/gcc/arm-none-eabi/6.3.1/thumb/v7e-m\libgcc.a(_arm_fixsfsi.o)
                0x20004eb4                __aeabi_f2iz
                0x20004eb4                __fixsfsi
 .text          0x20004f00       0x40 c:/ti/energia_tool_arm-none-eabi-gcc_6.3.1-20170620/bin/../lib/gcc/arm-none-eabi/6.3.1/thumb/v7e-m\libgcc.a(_arm_fixunssfsi.o)
                0x20004f00                __aeabi_f2uiz
                0x20004f00                __fixunssfsi
 .text          0x20004f40       0x30 c:/ti/energia_tool_arm-none-eabi-gcc_6.3.1-20170620/bin/../lib/gcc/arm-none-eabi/6.3.1/thumb/v7e-m\libgcc.a(_aeabi_uldivmod.o)
                0x20004f40                __aeabi_uldivmod
 .text          0x20004f70      0x2dc c:/ti/energia_tool_arm-none-eabi-gcc_6.3.1-20170620/bin/../lib/gcc/arm-none-eabi/6.3.1/thumb/v7e-m\libgcc.a(_udivmoddi4.o)
                0x20004f70                __udivmoddi4
 .text          0x2000524c        0x4 c:/ti/energia_tool_arm-none-eabi-gcc_6.3.1-20170620/bin/../lib/gcc/arm-none-eabi/6.3.1/thumb/v7e-m\libgcc.a(_dvmd_tls.o)
                0x2000524c                __aeabi_idiv0
                0x2000524c                __aeabi_ldiv0
 .text          0x20005250       0x10 C:/ti/energia_cc3220emt_5.6.2/system/kernel/tirtos/packages/gnu/targets/arm/libs/install-native/arm-none-eabi/lib/thumb/v7e-m\libc_nano.a(lib_a-strlen.o)
                0x20005250                strlen
 .text          0x20005260      0x110 c:/ti/energia_tool_arm-none-eabi-gcc_6.3.1-20170620/bin/../lib/gcc/arm-none-eabi/6.3.1/thumb/v7e-m\libgcc.a(_arm_cmpdf2.o)
                0x20005260                __gtdf2
                0x20005260                __gedf2
                0x20005268                __ltdf2
                0x20005268                __ledf2
                0x20005270                __nedf2
                0x20005270                __cmpdf2
                0x20005270                __eqdf2
                0x200052ec                __aeabi_cdrcmple
                0x200052fc                __aeabi_cdcmple
                0x200052fc                __aeabi_cdcmpeq
                0x2000530c                __aeabi_dcmpeq
                0x20005320                __aeabi_dcmplt
                0x20005334                __aeabi_dcmple
                0x20005348                __aeabi_dcmpge
                0x2000535c                __aeabi_dcmpgt
 .text          0x20005370       0x2c c:/ti/energia_tool_arm-none-eabi-gcc_6.3.1-20170620/bin/../lib/gcc/arm-none-eabi/6.3.1/thumb/v7e-m\libgcc.a(_arm_unorddf2.o)
                0x20005370                __unorddf2
                0x20005370                __aeabi_dcmpun
 *(.text.*)
 .text._ZN15Adafruit_TMP006C2Eh
                0x2000539c        0x4 ./Adafruit_TMP006.o
                0x2000539c                Adafruit_TMP006::Adafruit_TMP006(unsigned char)
                0x2000539c                Adafruit_TMP006::Adafruit_TMP006(unsigned char)
 .text._ZN15Adafruit_TMP0067write16Eht
                0x200053a0       0x38 ./Adafruit_TMP006.o
                0x200053a0                Adafruit_TMP006::write16(unsigned char, unsigned short)
 .text._ZN15Adafruit_TMP0066read16Eh
                0x200053d8       0x44 ./Adafruit_TMP006.o
                0x200053d8                Adafruit_TMP006::read16(unsigned char)
 .text._ZN15Adafruit_TMP0065beginEt
                0x2000541c       0x44 ./Adafruit_TMP006.o
                0x2000541c                Adafruit_TMP006::begin(unsigned short)
 .text._ZN15Adafruit_TMP00621readRawDieTemperatureEv
                0x20005460        0xe ./Adafruit_TMP006.o
                0x20005460                Adafruit_TMP006::readRawDieTemperature()
 *fill*         0x2000546e        0x2 
 .text._ZN15Adafruit_TMP00612readDieTempCEv
                0x20005470       0x18 ./Adafruit_TMP006.o
                0x20005470                Adafruit_TMP006::readDieTempC()
 .text._ZN15Adafruit_TMP00614readRawVoltageEv
                0x20005488        0xc ./Adafruit_TMP006.o
                0x20005488                Adafruit_TMP006::readRawVoltage()
 *fill*         0x20005494        0x4 
 .text._ZN15Adafruit_TMP00612readObjTempCEv
                0x20005498      0x1f4 ./Adafruit_TMP006.o
                0x20005498                Adafruit_TMP006::readObjTempC()
 .text._Z8the_taskjj
                0x2000568c       0x12 ./main.o
                0x2000568c                the_task(unsigned int, unsigned int)
 *fill*         0x2000569e        0x2 
 .text.startup.main
                0x200056a0       0x5c ./main.o
                0x200056a0                main
 .text._Z4loopv
                0x200056fc      0x1c8 ./WiFiUdpSendReceiveString.o
                0x200056fc                loop()
 .text._Z15printWifiStatusv
                0x200058c4       0x90 ./WiFiUdpSendReceiveString.o
                0x200058c4                printWifiStatus()
 .text._Z5setupv
                0x20005954       0xe0 ./WiFiUdpSendReceiveString.o
                0x20005954                setup()
 .text.startup._GLOBAL__sub_I_tmp006
                0x20005a34       0x1c ./WiFiUdpSendReceiveString.o
 .text.xdc_runtime_Startup_exec__I
                0x20005a50       0x14 C:/ti/energia_cc3220emt_5.6.2/system/energia\configPkg/package/cfg/energia_pm4g.om4g
                0x20005a50                xdc_runtime_Startup_exec(int0_t)
 .text.ti_sysbios_BIOS_startFunc__I
                0x20005a64       0x30 C:/ti/energia_cc3220emt_5.6.2/system/energia\configPkg/package/cfg/energia_pm4g.om4g
                0x20005a64                ti_sysbios_BIOS_startFunc(int0_t)
 .text.ti_sysbios_BIOS_atExitFunc__I
                0x20005a94       0x10 C:/ti/energia_cc3220emt_5.6.2/system/energia\configPkg/package/cfg/energia_pm4g.om4g
                0x20005a94                ti_sysbios_BIOS_atExitFunc(int0_t)
 .text.ti_sysbios_BIOS_exitFunc__I
                0x20005aa4       0x14 C:/ti/energia_cc3220emt_5.6.2/system/energia\configPkg/package/cfg/energia_pm4g.om4g
                0x20005aa4                ti_sysbios_BIOS_exitFunc(int0_t)
 .text.ti_sysbios_gates_GateHwi_Handle__label__S
                0x20005ab8       0x18 C:/ti/energia_cc3220emt_5.6.2/system/energia\configPkg/package/cfg/energia_pm4g.om4g
                0x20005ab8                ti_sysbios_gates_GateHwi_Handle__label(void) static
 .text.ti_sysbios_gates_GateMutex_Handle__label__S
                0x20005ad0       0x18 C:/ti/energia_cc3220emt_5.6.2/system/energia\configPkg/package/cfg/energia_pm4g.om4g
                0x20005ad0                ti_sysbios_gates_GateMutex_Handle__label(void) static
 .text.ti_sysbios_heaps_HeapMem_Handle__label__S
                0x20005ae8       0x18 C:/ti/energia_cc3220emt_5.6.2/system/energia\configPkg/package/cfg/energia_pm4g.om4g
                0x20005ae8                ti_sysbios_heaps_HeapMem_Handle__label(void) static
 .text.ti_sysbios_gates_GateHwi_Object__delete__S
                0x20005b00       0x24 C:/ti/energia_cc3220emt_5.6.2/system/energia\configPkg/package/cfg/energia_pm4g.om4g
                0x20005b00                ti_sysbios_gates_GateHwi_Object__delete(void) static
 .text.ti_sysbios_gates_GateMutex_Object__delete__S
                0x20005b24       0x28 C:/ti/energia_cc3220emt_5.6.2/system/energia\configPkg/package/cfg/energia_pm4g.om4g
                0x20005b24                ti_sysbios_gates_GateMutex_Object__delete(void) static
 .text.ti_sysbios_heaps_HeapMem_Object__delete__S
                0x20005b4c       0x24 C:/ti/energia_cc3220emt_5.6.2/system/energia\configPkg/package/cfg/energia_pm4g.om4g
                0x20005b4c                ti_sysbios_heaps_HeapMem_Object__delete(void) static
 .text.ti_sysbios_gates_GateHwi_Object__create__S
                0x20005b70       0x2c C:/ti/energia_cc3220emt_5.6.2/system/energia\configPkg/package/cfg/energia_pm4g.om4g
                0x20005b70                ti_sysbios_gates_GateHwi_Object__create(void) static
 .text.ti_sysbios_gates_GateMutex_Object__create__S
                0x20005b9c       0x2c C:/ti/energia_cc3220emt_5.6.2/system/energia\configPkg/package/cfg/energia_pm4g.om4g
                0x20005b9c                ti_sysbios_gates_GateMutex_Object__create(void) static
 .text.ti_sysbios_heaps_HeapMem_Object__create__S
                0x20005bc8       0x2c C:/ti/energia_cc3220emt_5.6.2/system/energia\configPkg/package/cfg/energia_pm4g.om4g
                0x20005bc8                ti_sysbios_heaps_HeapMem_Object__create(void) static
 .text.ti_sysbios_knl_Clock_doTick__I
                0x20005bf4       0x30 C:/ti/energia_cc3220emt_5.6.2/system/energia\configPkg/package/cfg/energia_pm4g.om4g
                0x20005bf4                ti_sysbios_knl_Clock_doTick(int0_t)
 .text.xdc_runtime_Startup_reset__I
                0x20005c24        0x4 C:/ti/energia_cc3220emt_5.6.2/system/energia\configPkg/package/cfg/energia_pm4g.om4g
                0x20005c24                xdc_runtime_Startup_reset(int0_t)
 .text.ti_sysbios_utils_Load_update__E
                0x20005c28        0x4 C:/ti/energia_cc3220emt_5.6.2/system/energia\configPkg/package/cfg/energia_pm4g.om4g
                0x20005c28                ti_sysbios_utils_Load_update__E
 .text.free     0x20005c2c       0x18 C:/ti/energia_cc3220emt_5.6.2/system/energia\configPkg/package/cfg/energia_pm4g.om4g
                0x20005c2c                free
 .text._free_r  0x20005c44        0x8 C:/ti/energia_cc3220emt_5.6.2/system/energia\configPkg/package/cfg/energia_pm4g.om4g
                0x20005c44                _free_r
 .text.ti_sysbios_hal_Hwi_HwiProxy_Module__startupDone__S
                0x20005c4c       0x14 C:/ti/energia_cc3220emt_5.6.2/system/energia\configPkg/package/cfg/energia_pm4g.om4g
                0x20005c4c                ti_sysbios_hal_Hwi_HwiProxy_Module__startupDone(void) static
 .text.ti_sysbios_hal_Hwi_HwiProxy_getStackInfo__E
                0x20005c60        0x4 C:/ti/energia_cc3220emt_5.6.2/system/energia\configPkg/package/cfg/energia_pm4g.om4g
                0x20005c60                ti_sysbios_hal_Hwi_HwiProxy_getStackInfo__E
 .text.ti_sysbios_hal_Hwi_HwiProxy_startup__E
                0x20005c64        0x4 C:/ti/energia_cc3220emt_5.6.2/system/energia\configPkg/package/cfg/energia_pm4g.om4g
                0x20005c64                ti_sysbios_hal_Hwi_HwiProxy_startup__E
 .text.ti_sysbios_hal_Hwi_HwiProxy_switchFromBootStack__E
                0x20005c68        0x4 C:/ti/energia_cc3220emt_5.6.2/system/energia\configPkg/package/cfg/energia_pm4g.om4g
                0x20005c68                ti_sysbios_hal_Hwi_HwiProxy_switchFromBootStack__E
 .text.ti_sysbios_heaps_HeapMem_Module_GateProxy_query__E
                0x20005c6c        0x4 C:/ti/energia_cc3220emt_5.6.2/system/energia\configPkg/package/cfg/energia_pm4g.om4g
                0x20005c6c                ti_sysbios_heaps_HeapMem_Module_GateProxy_query__E
 .text.ti_sysbios_heaps_HeapMem_Module_GateProxy_enter__E
                0x20005c70        0x4 C:/ti/energia_cc3220emt_5.6.2/system/energia\configPkg/package/cfg/energia_pm4g.om4g
                0x20005c70                ti_sysbios_heaps_HeapMem_Module_GateProxy_enter__E
 .text.ti_sysbios_heaps_HeapMem_Module_GateProxy_leave__E
                0x20005c74        0x4 C:/ti/energia_cc3220emt_5.6.2/system/energia\configPkg/package/cfg/energia_pm4g.om4g
                0x20005c74                ti_sysbios_heaps_HeapMem_Module_GateProxy_leave__E
 .text.ti_sysbios_knl_Clock_TimerProxy_Module__startupDone__S
                0x20005c78       0x14 C:/ti/energia_cc3220emt_5.6.2/system/energia\configPkg/package/cfg/energia_pm4g.om4g
                0x20005c78                ti_sysbios_knl_Clock_TimerProxy_Module__startupDone(void) static
 .text.ti_sysbios_knl_Task_SupportProxy_Module__startupDone__S
                0x20005c8c        0x4 C:/ti/energia_cc3220emt_5.6.2/system/energia\configPkg/package/cfg/energia_pm4g.om4g
                0x20005c8c                ti_sysbios_knl_Task_SupportProxy_Module__startupDone(void) static
 .text.ti_sysbios_knl_Task_SupportProxy_start__E
                0x20005c90        0x4 C:/ti/energia_cc3220emt_5.6.2/system/energia\configPkg/package/cfg/energia_pm4g.om4g
                0x20005c90                ti_sysbios_knl_Task_SupportProxy_start__E
 .text.ti_sysbios_knl_Task_SupportProxy_swap__E
                0x20005c94        0x4 C:/ti/energia_cc3220emt_5.6.2/system/energia\configPkg/package/cfg/energia_pm4g.om4g
                0x20005c94                ti_sysbios_knl_Task_SupportProxy_swap__E
 .text.ti_sysbios_knl_Task_SupportProxy_getStackAlignment__E
                0x20005c98        0x4 C:/ti/energia_cc3220emt_5.6.2/system/energia\configPkg/package/cfg/energia_pm4g.om4g
                0x20005c98                ti_sysbios_knl_Task_SupportProxy_getStackAlignment__E
 .text.xdc_runtime_Memory_HeapProxy_alloc__E
                0x20005c9c        0xc C:/ti/energia_cc3220emt_5.6.2/system/energia\configPkg/package/cfg/energia_pm4g.om4g
                0x20005c9c                xdc_runtime_Memory_HeapProxy_alloc__E
 .text.xdc_runtime_Memory_HeapProxy_free__E
                0x20005ca8        0x8 C:/ti/energia_cc3220emt_5.6.2/system/energia\configPkg/package/cfg/energia_pm4g.om4g
                0x20005ca8                xdc_runtime_Memory_HeapProxy_free__E
 .text.xdc_runtime_System_Module_GateProxy_enter__E
                0x20005cb0        0x4 C:/ti/energia_cc3220emt_5.6.2/system/energia\configPkg/package/cfg/energia_pm4g.om4g
                0x20005cb0                xdc_runtime_System_Module_GateProxy_enter__E
 .text.xdc_runtime_System_Module_GateProxy_leave__E
                0x20005cb4        0x4 C:/ti/energia_cc3220emt_5.6.2/system/energia\configPkg/package/cfg/energia_pm4g.om4g
                0x20005cb4                xdc_runtime_System_Module_GateProxy_leave__E
 .text.xdc_runtime_System_SupportProxy_abort__E
                0x20005cb8        0x4 C:/ti/energia_cc3220emt_5.6.2/system/energia\configPkg/package/cfg/energia_pm4g.om4g
                0x20005cb8                xdc_runtime_System_SupportProxy_abort__E
 .text.xdc_runtime_System_SupportProxy_exit__E
                0x20005cbc        0x4 C:/ti/energia_cc3220emt_5.6.2/system/energia\configPkg/package/cfg/energia_pm4g.om4g
                0x20005cbc                xdc_runtime_System_SupportProxy_exit__E
 .text.xdc_runtime_System_SupportProxy_flush__E
                0x20005cc0        0x4 C:/ti/energia_cc3220emt_5.6.2/system/energia\configPkg/package/cfg/energia_pm4g.om4g
                0x20005cc0                xdc_runtime_System_SupportProxy_flush__E
 .text.xdc_runtime_Timestamp_SupportProxy_get32__E
                0x20005cc4        0x4 C:/ti/energia_cc3220emt_5.6.2/system/energia\configPkg/package/cfg/energia_pm4g.om4g
                0x20005cc4                xdc_runtime_Timestamp_SupportProxy_get32__E
 .text.xdc_runtime_Timestamp_SupportProxy_getFreq__E
                0x20005cc8        0x4 C:/ti/energia_cc3220emt_5.6.2/system/energia\configPkg/package/cfg/energia_pm4g.om4g
                0x20005cc8                xdc_runtime_Timestamp_SupportProxy_getFreq__E
 .text.ti_sysbios_family_arm_lm4_Timer_Module__startupDone__S
                0x20005ccc       0x14 C:/ti/energia_cc3220emt_5.6.2/system/energia\configPkg/package/cfg/energia_pm4g.om4g
                0x20005ccc                ti_sysbios_family_arm_lm4_Timer_Module__startupDone(void) static
 .text.ti_sysbios_hal_Timer_TimerProxy_Module__startupDone__S
                0x20005ce0        0x4 C:/ti/energia_cc3220emt_5.6.2/system/energia\configPkg/package/cfg/energia_pm4g.om4g
                0x20005ce0                ti_sysbios_hal_Timer_TimerProxy_Module__startupDone(void) static
 .text.ti_sysbios_family_arm_m3_Hwi_Params__init__S
                0x20005ce4       0x14 C:/ti/energia_cc3220emt_5.6.2/system/energia\configPkg/package/cfg/energia_pm4g.om4g
                0x20005ce4                ti_sysbios_family_arm_m3_Hwi_Params__init(void) static
 .text.ti_sysbios_family_arm_m3_Hwi_Object__get__S
                0x20005cf8       0x1c C:/ti/energia_cc3220emt_5.6.2/system/energia\configPkg/package/cfg/energia_pm4g.om4g
                0x20005cf8                ti_sysbios_family_arm_m3_Hwi_Object__get(void) static
 .text.ti_sysbios_family_arm_m3_Hwi_create
                0x20005d14       0x54 C:/ti/energia_cc3220emt_5.6.2/system/energia\configPkg/package/cfg/energia_pm4g.om4g
                0x20005d14                ti_sysbios_family_arm_m3_Hwi_create
 .text.ti_sysbios_family_arm_m3_Hwi_delete
                0x20005d68       0x24 C:/ti/energia_cc3220emt_5.6.2/system/energia\configPkg/package/cfg/energia_pm4g.om4g
                0x20005d68                ti_sysbios_family_arm_m3_Hwi_delete
 .text.ti_sysbios_gates_GateMutex_create
                0x20005d8c       0x2c C:/ti/energia_cc3220emt_5.6.2/system/energia\configPkg/package/cfg/energia_pm4g.om4g
                0x20005d8c                ti_sysbios_gates_GateMutex_create
 .text.ti_sysbios_gates_GateMutex_construct
                0x20005db8       0x28 C:/ti/energia_cc3220emt_5.6.2/system/energia\configPkg/package/cfg/energia_pm4g.om4g
                0x20005db8                ti_sysbios_gates_GateMutex_construct
 .text.ti_sysbios_gates_GateMutex_delete
                0x20005de0       0x28 C:/ti/energia_cc3220emt_5.6.2/system/energia\configPkg/package/cfg/energia_pm4g.om4g
                0x20005de0                ti_sysbios_gates_GateMutex_delete
 .text.ti_sysbios_heaps_HeapMem_Object__get__S
                0x20005e08       0x1c C:/ti/energia_cc3220emt_5.6.2/system/energia\configPkg/package/cfg/energia_pm4g.om4g
                0x20005e08                ti_sysbios_heaps_HeapMem_Object__get(void) static
 .text.ti_sysbios_knl_Clock_Params__init__S
                0x20005e24       0x14 C:/ti/energia_cc3220emt_5.6.2/system/energia\configPkg/package/cfg/energia_pm4g.om4g
                0x20005e24                ti_sysbios_knl_Clock_Params__init(void) static
 .text.ti_sysbios_knl_Clock_create
                0x20005e38       0x34 C:/ti/energia_cc3220emt_5.6.2/system/energia\configPkg/package/cfg/energia_pm4g.om4g
                0x20005e38                ti_sysbios_knl_Clock_create
 .text.ti_sysbios_knl_Clock_delete
                0x20005e6c       0x28 C:/ti/energia_cc3220emt_5.6.2/system/energia\configPkg/package/cfg/energia_pm4g.om4g
                0x20005e6c                ti_sysbios_knl_Clock_delete
 .text.ti_sysbios_knl_Mailbox_Object__get__S
                0x20005e94        0xc C:/ti/energia_cc3220emt_5.6.2/system/energia\configPkg/package/cfg/energia_pm4g.om4g
                0x20005e94                ti_sysbios_knl_Mailbox_Object__get(void) static
 .text.ti_sysbios_knl_Queue_Object__get__S
                0x20005ea0        0x8 C:/ti/energia_cc3220emt_5.6.2/system/energia\configPkg/package/cfg/energia_pm4g.om4g
                0x20005ea0                ti_sysbios_knl_Queue_Object__get(void) static
 .text.ti_sysbios_knl_Queue_construct
                0x20005ea8       0x28 C:/ti/energia_cc3220emt_5.6.2/system/energia\configPkg/package/cfg/energia_pm4g.om4g
                0x20005ea8                ti_sysbios_knl_Queue_construct
 .text.ti_sysbios_knl_Queue_destruct
                0x20005ed0       0x20 C:/ti/energia_cc3220emt_5.6.2/system/energia\configPkg/package/cfg/energia_pm4g.om4g
                0x20005ed0                ti_sysbios_knl_Queue_destruct
 .text.ti_sysbios_knl_Semaphore_Params__init__S
                0x20005ef0       0x14 C:/ti/energia_cc3220emt_5.6.2/system/energia\configPkg/package/cfg/energia_pm4g.om4g
                0x20005ef0                ti_sysbios_knl_Semaphore_Params__init(void) static
 .text.ti_sysbios_knl_Semaphore_create
                0x20005f04       0x30 C:/ti/energia_cc3220emt_5.6.2/system/energia\configPkg/package/cfg/energia_pm4g.om4g
                0x20005f04                ti_sysbios_knl_Semaphore_create
 .text.ti_sysbios_knl_Semaphore_construct
                0x20005f34       0x2c C:/ti/energia_cc3220emt_5.6.2/system/energia\configPkg/package/cfg/energia_pm4g.om4g
                0x20005f34                ti_sysbios_knl_Semaphore_construct
 .text.ti_sysbios_knl_Semaphore_destruct
                0x20005f60       0x24 C:/ti/energia_cc3220emt_5.6.2/system/energia\configPkg/package/cfg/energia_pm4g.om4g
                0x20005f60                ti_sysbios_knl_Semaphore_destruct
 .text.ti_sysbios_knl_Semaphore_delete
                0x20005f84       0x28 C:/ti/energia_cc3220emt_5.6.2/system/energia\configPkg/package/cfg/energia_pm4g.om4g
                0x20005f84                ti_sysbios_knl_Semaphore_delete
 .text.ti_sysbios_knl_Task_Params__init__S
                0x20005fac       0x14 C:/ti/energia_cc3220emt_5.6.2/system/energia\configPkg/package/cfg/energia_pm4g.om4g
                0x20005fac                ti_sysbios_knl_Task_Params__init(void) static
 .text.ti_sysbios_knl_Task_Object__get__S
                0x20005fc0       0x1c C:/ti/energia_cc3220emt_5.6.2/system/energia\configPkg/package/cfg/energia_pm4g.om4g
                0x20005fc0                ti_sysbios_knl_Task_Object__get(void) static
 .text.ti_sysbios_knl_Task_create
                0x20005fdc       0x4c C:/ti/energia_cc3220emt_5.6.2/system/energia\configPkg/package/cfg/energia_pm4g.om4g
                0x20005fdc                ti_sysbios_knl_Task_create
 .text.notify   0x20006028       0x48 C:/ti/energia_cc3220emt_5.6.2/system/source\ti/drivers/lib/drivers_cc32xx.am4g(PowerCC32XX.om4g)
 .text.Power_getConstraintMask
                0x20006070        0xc C:/ti/energia_cc3220emt_5.6.2/system/source\ti/drivers/lib/drivers_cc32xx.am4g(PowerCC32XX.om4g)
                0x20006070                Power_getConstraintMask
 .text.Power_idleFunc
                0x2000607c       0x14 C:/ti/energia_cc3220emt_5.6.2/system/source\ti/drivers/lib/drivers_cc32xx.am4g(PowerCC32XX.om4g)
                0x2000607c                Power_idleFunc
 .text.Power_registerNotify
                0x20006090       0x24 C:/ti/energia_cc3220emt_5.6.2/system/source\ti/drivers/lib/drivers_cc32xx.am4g(PowerCC32XX.om4g)
                0x20006090                Power_registerNotify
 .text.Power_releaseConstraint
                0x200060b4       0x4c C:/ti/energia_cc3220emt_5.6.2/system/source\ti/drivers/lib/drivers_cc32xx.am4g(PowerCC32XX.om4g)
                0x200060b4                Power_releaseConstraint
 .text.Power_releaseDependency
                0x20006100       0x5c C:/ti/energia_cc3220emt_5.6.2/system/source\ti/drivers/lib/drivers_cc32xx.am4g(PowerCC32XX.om4g)
                0x20006100                Power_releaseDependency
 .text.Power_setConstraint
                0x2000615c       0x38 C:/ti/energia_cc3220emt_5.6.2/system/source\ti/drivers/lib/drivers_cc32xx.am4g(PowerCC32XX.om4g)
                0x2000615c                Power_setConstraint
 .text.Power_setDependency
                0x20006194       0x60 C:/ti/energia_cc3220emt_5.6.2/system/source\ti/drivers/lib/drivers_cc32xx.am4g(PowerCC32XX.om4g)
                0x20006194                Power_setDependency
 .text.Power_unregisterNotify
                0x200061f4       0x20 C:/ti/energia_cc3220emt_5.6.2/system/source\ti/drivers/lib/drivers_cc32xx.am4g(PowerCC32XX.om4g)
                0x200061f4                Power_unregisterNotify
 .text.PowerCC32XX_configureWakeup
                0x20006214       0xb4 C:/ti/energia_cc3220emt_5.6.2/system/source\ti/drivers/lib/drivers_cc32xx.am4g(PowerCC32XX.om4g)
                0x20006214                PowerCC32XX_configureWakeup
 .text.Power_init
                0x200062c8       0x78 C:/ti/energia_cc3220emt_5.6.2/system/source\ti/drivers/lib/drivers_cc32xx.am4g(PowerCC32XX.om4g)
                0x200062c8                Power_init
 .text.PowerCC32XX_getParkState
                0x20006340       0x3c C:/ti/energia_cc3220emt_5.6.2/system/source\ti/drivers/lib/drivers_cc32xx.am4g(PowerCC32XX.om4g)
                0x20006340                PowerCC32XX_getParkState
 .text.PowerCC32XX_parkPin
                0x2000637c       0x4c C:/ti/energia_cc3220emt_5.6.2/system/source\ti/drivers/lib/drivers_cc32xx.am4g(PowerCC32XX.om4g)
                0x2000637c                PowerCC32XX_parkPin
 .text.PowerCC32XX_restoreParkedPin
                0x200063c8       0x34 C:/ti/energia_cc3220emt_5.6.2/system/source\ti/drivers/lib/drivers_cc32xx.am4g(PowerCC32XX.om4g)
                0x200063c8                PowerCC32XX_restoreParkedPin
 .text.Power_sleep
                0x200063fc      0x4f4 C:/ti/energia_cc3220emt_5.6.2/system/source\ti/drivers/lib/drivers_cc32xx.am4g(PowerCC32XX.om4g)
                0x200063fc                Power_sleep
 .text.PowerCC32XX_restoreParkState
                0x200068f0       0x3c C:/ti/energia_cc3220emt_5.6.2/system/source\ti/drivers/lib/drivers_cc32xx.am4g(PowerCC32XX.om4g)
                0x200068f0                PowerCC32XX_restoreParkState
 .text.PowerCC32XX_setParkState
                0x2000692c       0x70 C:/ti/energia_cc3220emt_5.6.2/system/source\ti/drivers/lib/drivers_cc32xx.am4g(PowerCC32XX.om4g)
                0x2000692c                PowerCC32XX_setParkState
 .text.List_empty
                0x2000699c        0xc C:/ti/energia_cc3220emt_5.6.2/system/source\ti/drivers/lib/drivers_cc32xx.am4g(List.om4g)
                0x2000699c                List_empty
 .text.List_head
                0x200069a8        0x4 C:/ti/energia_cc3220emt_5.6.2/system/source\ti/drivers/lib/drivers_cc32xx.am4g(List.om4g)
                0x200069a8                List_head
 .text.List_next
                0x200069ac        0x4 C:/ti/energia_cc3220emt_5.6.2/system/source\ti/drivers/lib/drivers_cc32xx.am4g(List.om4g)
                0x200069ac                List_next
 .text.List_put
                0x200069b0       0x2c C:/ti/energia_cc3220emt_5.6.2/system/source\ti/drivers/lib/drivers_cc32xx.am4g(List.om4g)
                0x200069b0                List_put
 .text.List_remove
                0x200069dc       0x1c C:/ti/energia_cc3220emt_5.6.2/system/source\ti/drivers/lib/drivers_cc32xx.am4g(List.om4g)
                0x200069dc                List_remove
 .text.HwiP_clearInterrupt
                0x200069f8        0x4 C:/ti/energia_cc3220emt_5.6.2/system/kernel/tirtos/packages\ti/dpl/lib/dpl_cc32xx.am4g(HwiP_tirtos.om4g)
                0x200069f8                HwiP_clearInterrupt
 .text.HwiP_create
                0x200069fc       0x44 C:/ti/energia_cc3220emt_5.6.2/system/kernel/tirtos/packages\ti/dpl/lib/dpl_cc32xx.am4g(HwiP_tirtos.om4g)
                0x200069fc                HwiP_create
 .text.HwiP_delete
                0x20006a40       0x18 C:/ti/energia_cc3220emt_5.6.2/system/kernel/tirtos/packages\ti/dpl/lib/dpl_cc32xx.am4g(HwiP_tirtos.om4g)
                0x20006a40                HwiP_delete
 .text.HwiP_disable
                0x20006a58        0x4 C:/ti/energia_cc3220emt_5.6.2/system/kernel/tirtos/packages\ti/dpl/lib/dpl_cc32xx.am4g(HwiP_tirtos.om4g)
                0x20006a58                HwiP_disable
 .text.HwiP_disableInterrupt
                0x20006a5c        0x4 C:/ti/energia_cc3220emt_5.6.2/system/kernel/tirtos/packages\ti/dpl/lib/dpl_cc32xx.am4g(HwiP_tirtos.om4g)
                0x20006a5c                HwiP_disableInterrupt
 .text.HwiP_enableInterrupt
                0x20006a60        0x4 C:/ti/energia_cc3220emt_5.6.2/system/kernel/tirtos/packages\ti/dpl/lib/dpl_cc32xx.am4g(HwiP_tirtos.om4g)
                0x20006a60                HwiP_enableInterrupt
 .text.HwiP_Params_init
                0x20006a64       0x10 C:/ti/energia_cc3220emt_5.6.2/system/kernel/tirtos/packages\ti/dpl/lib/dpl_cc32xx.am4g(HwiP_tirtos.om4g)
                0x20006a64                HwiP_Params_init
 .text.HwiP_restore
                0x20006a74        0x4 C:/ti/energia_cc3220emt_5.6.2/system/kernel/tirtos/packages\ti/dpl/lib/dpl_cc32xx.am4g(HwiP_tirtos.om4g)
                0x20006a74                HwiP_restore
 .text.ti_sysbios_family_arm_m3_Hwi_dispatch__I
                0x20006a78       0xe8 C:/ti/energia_cc3220emt_5.6.2/system/energia\src/sysbios/sysbios.am4g(m3_Hwi_asm_gnu.o)
                0x20006a78                ti_sysbios_family_arm_m3_Hwi_dispatch(int0_t)
                0x20006b28                ti_sysbios_family_arm_m3_Hwi_interruptsAreDisabledButShouldNotBe
                0x20006b2c                ti_sysbios_family_arm_m3_Hwi_pendSV(int0_t)
 .text.ti_sysbios_family_arm_m3_Hwi_excHandlerAsm__I
                0x20006b60       0x20 C:/ti/energia_cc3220emt_5.6.2/system/energia\src/sysbios/sysbios.am4g(m3_Hwi_asm_gnu.o)
                0x20006b60                ti_sysbios_family_arm_m3_Hwi_excHandlerAsm(int0_t)
 .text.ti_sysbios_family_arm_m3_Hwi_initStacks__E
                0x20006b80       0x48 C:/ti/energia_cc3220emt_5.6.2/system/energia\src/sysbios/sysbios.am4g(m3_Hwi_asm_switch_gnu.o)
                0x20006b80                ti_sysbios_family_arm_m3_Hwi_initStacks__E
 .text.ti_sysbios_family_arm_m3_TaskSupport_buildTaskStack
                0x20006bc8       0x4c C:/ti/energia_cc3220emt_5.6.2/system/energia\src/sysbios/sysbios.am4g(m3_TaskSupport_asm_gnu.o)
                0x20006bc8                ti_sysbios_family_arm_m3_TaskSupport_buildTaskStack
 .text.ti_sysbios_family_arm_m3_TaskSupport_swap__E
                0x20006c14       0x20 C:/ti/energia_cc3220emt_5.6.2/system/energia\src/sysbios/sysbios.am4g(m3_TaskSupport_asm_gnu.o)
                0x20006c14                ti_sysbios_family_arm_m3_TaskSupport_swap__E
                0x20006c1c                ti_sysbios_knl_Task_swapReturn
 .text.ti_sysbios_family_arm_m3_TaskSupport_glue
                0x20006c34       0x18 C:/ti/energia_cc3220emt_5.6.2/system/energia\src/sysbios/sysbios.am4g(m3_TaskSupport_asm_gnu.o)
                0x20006c34                ti_sysbios_family_arm_m3_TaskSupport_glue
 .text.ti_sysbios_BIOS_linkedWithIncorrectBootLibrary__E
                0x20006c4c        0x4 C:/ti/energia_cc3220emt_5.6.2/system/energia\src/sysbios/sysbios.am4g(_BIOS.o)
                0x20006c4c                ti_sysbios_BIOS_linkedWithIncorrectBootLibrary__E
 .text.ti_sysbios_BIOS_getThreadType__E
                0x20006c50        0xc C:/ti/energia_cc3220emt_5.6.2/system/energia\src/sysbios/sysbios.am4g(_BIOS.o)
                0x20006c50                ti_sysbios_BIOS_getThreadType__E
 .text.ti_sysbios_BIOS_setThreadType__E
                0x20006c5c       0x10 C:/ti/energia_cc3220emt_5.6.2/system/energia\src/sysbios/sysbios.am4g(_BIOS.o)
                0x20006c5c                ti_sysbios_BIOS_setThreadType__E
 .text.ti_sysbios_BIOS_getCpuFreq__E
                0x20006c6c       0x10 C:/ti/energia_cc3220emt_5.6.2/system/energia\src/sysbios/sysbios.am4g(_BIOS.o)
                0x20006c6c                ti_sysbios_BIOS_getCpuFreq__E
 .text.ti_sysbios_BIOS_start__E
                0x20006c7c        0xc C:/ti/energia_cc3220emt_5.6.2/system/energia\src/sysbios/sysbios.am4g(_BIOS.o)
                0x20006c7c                ti_sysbios_BIOS_start__E
 .text.ti_sysbios_BIOS_exit__E
                0x20006c88        0xc C:/ti/energia_cc3220emt_5.6.2/system/energia\src/sysbios/sysbios.am4g(_BIOS.o)
                0x20006c88                ti_sysbios_BIOS_exit__E
 .text.ti_sysbios_knl_Clock_Module_startup__E
                0x20006c94       0x10 C:/ti/energia_cc3220emt_5.6.2/system/energia\src/sysbios/sysbios.am4g(knl_Clock.o)
                0x20006c94                ti_sysbios_knl_Clock_Module_startup__E
 .text.ti_sysbios_knl_Clock_getTicks__E
                0x20006ca4        0xc C:/ti/energia_cc3220emt_5.6.2/system/energia\src/sysbios/sysbios.am4g(knl_Clock.o)
                0x20006ca4                ti_sysbios_knl_Clock_getTicks__E
 .text.ti_sysbios_knl_Clock_setTicks__E
                0x20006cb0        0xc C:/ti/energia_cc3220emt_5.6.2/system/energia\src/sysbios/sysbios.am4g(knl_Clock.o)
                0x20006cb0                ti_sysbios_knl_Clock_setTicks__E
 .text.ti_sysbios_knl_Clock_getTicksUntilTimeout__E
                0x20006cbc       0x54 C:/ti/energia_cc3220emt_5.6.2/system/energia\src/sysbios/sysbios.am4g(knl_Clock.o)
                0x20006cbc                ti_sysbios_knl_Clock_getTicksUntilTimeout__E
 .text.ti_sysbios_knl_Clock_tickStop__E
                0x20006d10        0x4 C:/ti/energia_cc3220emt_5.6.2/system/energia\src/sysbios/sysbios.am4g(knl_Clock.o)
                0x20006d10                ti_sysbios_knl_Clock_tickStop__E
 .text.ti_sysbios_knl_Clock_tickReconfig__E
                0x20006d14        0x4 C:/ti/energia_cc3220emt_5.6.2/system/energia\src/sysbios/sysbios.am4g(knl_Clock.o)
                0x20006d14                ti_sysbios_knl_Clock_tickReconfig__E
 .text.ti_sysbios_knl_Clock_tickStart__E
                0x20006d18        0x4 C:/ti/energia_cc3220emt_5.6.2/system/energia\src/sysbios/sysbios.am4g(knl_Clock.o)
                0x20006d18                ti_sysbios_knl_Clock_tickStart__E
 .text.ti_sysbios_knl_Clock_workFunc__E
                0x20006d1c       0x8c C:/ti/energia_cc3220emt_5.6.2/system/energia\src/sysbios/sysbios.am4g(knl_Clock.o)
                0x20006d1c                ti_sysbios_knl_Clock_workFunc__E
 .text.ti_sysbios_knl_Clock_Instance_init__E
                0x20006da8       0x4c C:/ti/energia_cc3220emt_5.6.2/system/energia\src/sysbios/sysbios.am4g(knl_Clock.o)
                0x20006da8                ti_sysbios_knl_Clock_Instance_init__E
 .text.ti_sysbios_knl_Clock_Instance_finalize__E
                0x20006df4       0x18 C:/ti/energia_cc3220emt_5.6.2/system/energia\src/sysbios/sysbios.am4g(knl_Clock.o)
                0x20006df4                ti_sysbios_knl_Clock_Instance_finalize__E
 .text.ti_sysbios_knl_Clock_addI__E
                0x20006e0c       0x28 C:/ti/energia_cc3220emt_5.6.2/system/energia\src/sysbios/sysbios.am4g(knl_Clock.o)
                0x20006e0c                ti_sysbios_knl_Clock_addI__E
 .text.ti_sysbios_knl_Clock_removeI__E
                0x20006e34        0x4 C:/ti/energia_cc3220emt_5.6.2/system/energia\src/sysbios/sysbios.am4g(knl_Clock.o)
                0x20006e34                ti_sysbios_knl_Clock_removeI__E
 .text.ti_sysbios_knl_Clock_startI__E
                0x20006e38       0x14 C:/ti/energia_cc3220emt_5.6.2/system/energia\src/sysbios/sysbios.am4g(knl_Clock.o)
                0x20006e38                ti_sysbios_knl_Clock_startI__E
 .text.ti_sysbios_knl_Clock_start__E
                0x20006e4c       0x28 C:/ti/energia_cc3220emt_5.6.2/system/energia\src/sysbios/sysbios.am4g(knl_Clock.o)
                0x20006e4c                ti_sysbios_knl_Clock_start__E
 .text.ti_sysbios_knl_Clock_stop__E
                0x20006e74        0x8 C:/ti/energia_cc3220emt_5.6.2/system/energia\src/sysbios/sysbios.am4g(knl_Clock.o)
                0x20006e74                ti_sysbios_knl_Clock_stop__E
 .text.ti_sysbios_knl_Clock_setTimeout__E
                0x20006e7c        0x4 C:/ti/energia_cc3220emt_5.6.2/system/energia\src/sysbios/sysbios.am4g(knl_Clock.o)
                0x20006e7c                ti_sysbios_knl_Clock_setTimeout__E
 .text.ti_sysbios_knl_Clock_logTick__E
                0x20006e80        0x4 C:/ti/energia_cc3220emt_5.6.2/system/energia\src/sysbios/sysbios.am4g(knl_Clock.o)
                0x20006e80                ti_sysbios_knl_Clock_logTick__E
 .text.ti_sysbios_knl_Idle_loop__E
                0x20006e84       0x24 C:/ti/energia_cc3220emt_5.6.2/system/energia\src/sysbios/sysbios.am4g(knl_Idle.o)
                0x20006e84                ti_sysbios_knl_Idle_loop__E
 .text.ti_sysbios_knl_Idle_run__E
                0x20006ea8       0x24 C:/ti/energia_cc3220emt_5.6.2/system/energia\src/sysbios/sysbios.am4g(knl_Idle.o)
                0x20006ea8                ti_sysbios_knl_Idle_run__E
 .text.ti_sysbios_knl_Mailbox_Module_startup__E
                0x20006ecc       0x80 C:/ti/energia_cc3220emt_5.6.2/system/energia\src/sysbios/sysbios.am4g(knl_Mailbox.o)
                0x20006ecc                ti_sysbios_knl_Mailbox_Module_startup__E
 .text.ti_sysbios_knl_Queue_Instance_init__E
                0x20006f4c        0x8 C:/ti/energia_cc3220emt_5.6.2/system/energia\src/sysbios/sysbios.am4g(knl_Queue.o)
                0x20006f4c                ti_sysbios_knl_Queue_Instance_init__E
 .text.ti_sysbios_knl_Queue_dequeue__E
                0x20006f54        0xc C:/ti/energia_cc3220emt_5.6.2/system/energia\src/sysbios/sysbios.am4g(knl_Queue.o)
                0x20006f54                ti_sysbios_knl_Queue_dequeue__E
 .text.ti_sysbios_knl_Queue_empty__E
                0x20006f60        0xc C:/ti/energia_cc3220emt_5.6.2/system/energia\src/sysbios/sysbios.am4g(knl_Queue.o)
                0x20006f60                ti_sysbios_knl_Queue_empty__E
 .text.ti_sysbios_knl_Queue_enqueue__E
                0x20006f6c        0xc C:/ti/energia_cc3220emt_5.6.2/system/energia\src/sysbios/sysbios.am4g(knl_Queue.o)
                0x20006f6c                ti_sysbios_knl_Queue_enqueue__E
 .text.ti_sysbios_knl_Queue_head__E
                0x20006f78        0x4 C:/ti/energia_cc3220emt_5.6.2/system/energia\src/sysbios/sysbios.am4g(knl_Queue.o)
                0x20006f78                ti_sysbios_knl_Queue_head__E
 .text.ti_sysbios_knl_Queue_elemClear__E
                0x20006f7c        0x8 C:/ti/energia_cc3220emt_5.6.2/system/energia\src/sysbios/sysbios.am4g(knl_Queue.o)
                0x20006f7c                ti_sysbios_knl_Queue_elemClear__E
 .text.ti_sysbios_knl_Queue_insert__E
                0x20006f84        0xc C:/ti/energia_cc3220emt_5.6.2/system/energia\src/sysbios/sysbios.am4g(knl_Queue.o)
                0x20006f84                ti_sysbios_knl_Queue_insert__E
 .text.ti_sysbios_knl_Queue_next__E
                0x20006f90        0x4 C:/ti/energia_cc3220emt_5.6.2/system/energia\src/sysbios/sysbios.am4g(knl_Queue.o)
                0x20006f90                ti_sysbios_knl_Queue_next__E
 .text.ti_sysbios_knl_Queue_put__E
                0x20006f94       0x1c C:/ti/energia_cc3220emt_5.6.2/system/energia\src/sysbios/sysbios.am4g(knl_Queue.o)
                0x20006f94                ti_sysbios_knl_Queue_put__E
 .text.ti_sysbios_knl_Queue_remove__E
                0x20006fb0       0x10 C:/ti/energia_cc3220emt_5.6.2/system/energia\src/sysbios/sysbios.am4g(knl_Queue.o)
                0x20006fb0                ti_sysbios_knl_Queue_remove__E
 .text.ti_sysbios_knl_Semaphore_pendTimeout__I
                0x20006fc0       0x30 C:/ti/energia_cc3220emt_5.6.2/system/energia\src/sysbios/sysbios.am4g(knl_Semaphore.o)
                0x20006fc0                ti_sysbios_knl_Semaphore_pendTimeout(int0_t)
 .text.ti_sysbios_knl_Semaphore_Instance_init__E
                0x20006ff0       0x28 C:/ti/energia_cc3220emt_5.6.2/system/energia\src/sysbios/sysbios.am4g(knl_Semaphore.o)
                0x20006ff0                ti_sysbios_knl_Semaphore_Instance_init__E
 .text.ti_sysbios_knl_Semaphore_Instance_finalize__E
                0x20007018       0x10 C:/ti/energia_cc3220emt_5.6.2/system/energia\src/sysbios/sysbios.am4g(knl_Semaphore.o)
                0x20007018                ti_sysbios_knl_Semaphore_Instance_finalize__E
 .text.ti_sysbios_knl_Semaphore_pend__E
                0x20007028      0x114 C:/ti/energia_cc3220emt_5.6.2/system/energia\src/sysbios/sysbios.am4g(knl_Semaphore.o)
                0x20007028                ti_sysbios_knl_Semaphore_pend__E
 .text.ti_sysbios_knl_Semaphore_post__E
                0x2000713c       0x68 C:/ti/energia_cc3220emt_5.6.2/system/energia\src/sysbios/sysbios.am4g(knl_Semaphore.o)
                0x2000713c                ti_sysbios_knl_Semaphore_post__E
 .text.ti_sysbios_knl_Swi_Module_startup__E
                0x200071a4        0x8 C:/ti/energia_cc3220emt_5.6.2/system/energia\src/sysbios/sysbios.am4g(knl_Swi.o)
                0x200071a4                ti_sysbios_knl_Swi_Module_startup__E
 .text.ti_sysbios_knl_Task_sleepTimeout__I
                0x200071ac       0x68 C:/ti/energia_cc3220emt_5.6.2/system/energia\src/sysbios/sysbios.am4g(knl_Task.o)
                0x200071ac                ti_sysbios_knl_Task_sleepTimeout(int0_t)
 .text.ti_sysbios_knl_Task_schedule__I
                0x20007214       0xf8 C:/ti/energia_cc3220emt_5.6.2/system/energia\src/sysbios/sysbios.am4g(knl_Task.o)
                0x20007214                ti_sysbios_knl_Task_schedule(int0_t)
 .text.ti_sysbios_knl_Task_enter__I
                0x2000730c       0x28 C:/ti/energia_cc3220emt_5.6.2/system/energia\src/sysbios/sysbios.am4g(knl_Task.o)
                0x2000730c                ti_sysbios_knl_Task_enter(int0_t)
 .text.ti_sysbios_knl_Task_exit__E
                0x20007334       0xec C:/ti/energia_cc3220emt_5.6.2/system/energia\src/sysbios/sysbios.am4g(knl_Task.o)
                0x20007334                ti_sysbios_knl_Task_exit__E
 .text.ti_sysbios_knl_Task_postInit__I.constprop.3
                0x20007420      0x164 C:/ti/energia_cc3220emt_5.6.2/system/energia\src/sysbios/sysbios.am4g(knl_Task.o)
 .text.ti_sysbios_knl_Task_Module_startup__E
                0x20007584       0x78 C:/ti/energia_cc3220emt_5.6.2/system/energia\src/sysbios/sysbios.am4g(knl_Task.o)
                0x20007584                ti_sysbios_knl_Task_Module_startup__E
 .text.ti_sysbios_knl_Task_startCore__E
                0x200075fc       0xe4 C:/ti/energia_cc3220emt_5.6.2/system/energia\src/sysbios/sysbios.am4g(knl_Task.o)
                0x200075fc                ti_sysbios_knl_Task_startCore__E
 .text.ti_sysbios_knl_Task_startup__E
                0x200076e0        0x8 C:/ti/energia_cc3220emt_5.6.2/system/energia\src/sysbios/sysbios.am4g(knl_Task.o)
                0x200076e0                ti_sysbios_knl_Task_startup__E
 .text.ti_sysbios_knl_Task_disable__E
                0x200076e8       0x18 C:/ti/energia_cc3220emt_5.6.2/system/energia\src/sysbios/sysbios.am4g(knl_Task.o)
                0x200076e8                ti_sysbios_knl_Task_disable__E
 .text.ti_sysbios_knl_Task_restore__E
                0x20007700       0x38 C:/ti/energia_cc3220emt_5.6.2/system/energia\src/sysbios/sysbios.am4g(knl_Task.o)
                0x20007700                ti_sysbios_knl_Task_restore__E
 .text.ti_sysbios_knl_Task_restoreHwi__E
                0x20007738       0x24 C:/ti/energia_cc3220emt_5.6.2/system/energia\src/sysbios/sysbios.am4g(knl_Task.o)
                0x20007738                ti_sysbios_knl_Task_restoreHwi__E
 .text.ti_sysbios_knl_Task_self__E
                0x2000775c        0xc C:/ti/energia_cc3220emt_5.6.2/system/energia\src/sysbios/sysbios.am4g(knl_Task.o)
                0x2000775c                ti_sysbios_knl_Task_self__E
 .text.ti_sysbios_knl_Task_sleep__E
                0x20007768       0xe8 C:/ti/energia_cc3220emt_5.6.2/system/energia\src/sysbios/sysbios.am4g(knl_Task.o)
                0x20007768                ti_sysbios_knl_Task_sleep__E
 .text.ti_sysbios_knl_Task_yield__E
                0x20007850       0x6c C:/ti/energia_cc3220emt_5.6.2/system/energia\src/sysbios/sysbios.am4g(knl_Task.o)
                0x20007850                ti_sysbios_knl_Task_yield__E
 .text.ti_sysbios_knl_Task_getIdleTask__E
                0x200078bc        0xc C:/ti/energia_cc3220emt_5.6.2/system/energia\src/sysbios/sysbios.am4g(knl_Task.o)
                0x200078bc                ti_sysbios_knl_Task_getIdleTask__E
 .text.ti_sysbios_knl_Task_postInit__I
                0x200078c8      0x184 C:/ti/energia_cc3220emt_5.6.2/system/energia\src/sysbios/sysbios.am4g(knl_Task.o)
                0x200078c8                ti_sysbios_knl_Task_postInit(int0_t)
 .text.ti_sysbios_knl_Task_Instance_init__E
                0x20007a4c       0xdc C:/ti/energia_cc3220emt_5.6.2/system/energia\src/sysbios/sysbios.am4g(knl_Task.o)
                0x20007a4c                ti_sysbios_knl_Task_Instance_init__E
 .text.ti_sysbios_knl_Task_Instance_finalize__E
                0x20007b28      0x170 C:/ti/energia_cc3220emt_5.6.2/system/energia\src/sysbios/sysbios.am4g(knl_Task.o)
                0x20007b28                ti_sysbios_knl_Task_Instance_finalize__E
 .text.ti_sysbios_knl_Task_getArg1__E
                0x20007c98        0x4 C:/ti/energia_cc3220emt_5.6.2/system/energia\src/sysbios/sysbios.am4g(knl_Task.o)
                0x20007c98                ti_sysbios_knl_Task_getArg1__E
 .text.ti_sysbios_knl_Task_getEnv__E
                0x20007c9c        0x4 C:/ti/energia_cc3220emt_5.6.2/system/energia\src/sysbios/sysbios.am4g(knl_Task.o)
                0x20007c9c                ti_sysbios_knl_Task_getEnv__E
 .text.ti_sysbios_knl_Task_getHookContext__E
                0x20007ca0        0x8 C:/ti/energia_cc3220emt_5.6.2/system/energia\src/sysbios/sysbios.am4g(knl_Task.o)
                0x20007ca0                ti_sysbios_knl_Task_getHookContext__E
 .text.ti_sysbios_knl_Task_setHookContext__E
                0x20007ca8        0x8 C:/ti/energia_cc3220emt_5.6.2/system/energia\src/sysbios/sysbios.am4g(knl_Task.o)
                0x20007ca8                ti_sysbios_knl_Task_setHookContext__E
 .text.ti_sysbios_knl_Task_getPri__E
                0x20007cb0        0x4 C:/ti/energia_cc3220emt_5.6.2/system/energia\src/sysbios/sysbios.am4g(knl_Task.o)
                0x20007cb0                ti_sysbios_knl_Task_getPri__E
 .text.ti_sysbios_knl_Task_setEnv__E
                0x20007cb4        0x4 C:/ti/energia_cc3220emt_5.6.2/system/energia\src/sysbios/sysbios.am4g(knl_Task.o)
                0x20007cb4                ti_sysbios_knl_Task_setEnv__E
 .text.ti_sysbios_knl_Task_blockI__E
                0x20007cb8       0x48 C:/ti/energia_cc3220emt_5.6.2/system/energia\src/sysbios/sysbios.am4g(knl_Task.o)
                0x20007cb8                ti_sysbios_knl_Task_blockI__E
 .text.ti_sysbios_knl_Task_unblockI__E
                0x20007d00       0x5c C:/ti/energia_cc3220emt_5.6.2/system/energia\src/sysbios/sysbios.am4g(knl_Task.o)
                0x20007d00                ti_sysbios_knl_Task_unblockI__E
 .text.ti_sysbios_hal_Hwi_Module_startup__E
                0x20007d5c       0x10 C:/ti/energia_cc3220emt_5.6.2/system/energia\src/sysbios/sysbios.am4g(hal_Hwi.o)
                0x20007d5c                ti_sysbios_hal_Hwi_Module_startup__E
 .text.ti_sysbios_hal_Hwi_getStackInfo__E
                0x20007d6c        0x4 C:/ti/energia_cc3220emt_5.6.2/system/energia\src/sysbios/sysbios.am4g(hal_Hwi.o)
                0x20007d6c                ti_sysbios_hal_Hwi_getStackInfo__E
 .text.ti_sysbios_hal_Hwi_switchFromBootStack__E
                0x20007d70        0x4 C:/ti/energia_cc3220emt_5.6.2/system/energia\src/sysbios/sysbios.am4g(hal_Hwi.o)
                0x20007d70                ti_sysbios_hal_Hwi_switchFromBootStack__E
 .text.ti_sysbios_hal_Hwi_initStack
                0x20007d74       0x24 C:/ti/energia_cc3220emt_5.6.2/system/energia\src/sysbios/sysbios.am4g(hal_Hwi_stack.o)
                0x20007d74                ti_sysbios_hal_Hwi_initStack
 .text.ti_sysbios_hal_Hwi_startup__E
                0x20007d98        0x4 C:/ti/energia_cc3220emt_5.6.2/system/energia\src/sysbios/sysbios.am4g(hal_Hwi_startup.o)
                0x20007d98                ti_sysbios_hal_Hwi_startup__E
 .text.ti_sysbios_hal_Timer_Module_startup__E
                0x20007d9c       0x10 C:/ti/energia_cc3220emt_5.6.2/system/energia\src/sysbios/sysbios.am4g(hal_Timer.o)
                0x20007d9c                ti_sysbios_hal_Timer_Module_startup__E
 .text.ti_sysbios_utils_Load_taskRegHook__E
                0x20007dac        0xc C:/ti/energia_cc3220emt_5.6.2/system/energia\src/sysbios/sysbios.am4g(utils_Load.o)
                0x20007dac                ti_sysbios_utils_Load_taskRegHook__E
 .text.ti_sysbios_utils_Load_taskCreateHook__E
                0x20007db8       0xb8 C:/ti/energia_cc3220emt_5.6.2/system/energia\src/sysbios/sysbios.am4g(utils_Load.o)
                0x20007db8                ti_sysbios_utils_Load_taskCreateHook__E
 .text.ti_sysbios_utils_Load_taskDeleteHook__E
                0x20007e70       0x70 C:/ti/energia_cc3220emt_5.6.2/system/energia\src/sysbios/sysbios.am4g(utils_Load.o)
                0x20007e70                ti_sysbios_utils_Load_taskDeleteHook__E
 .text.ti_sysbios_utils_Load_taskSwitchHook__E
                0x20007ee0       0x58 C:/ti/energia_cc3220emt_5.6.2/system/energia\src/sysbios/sysbios.am4g(utils_Load.o)
                0x20007ee0                ti_sysbios_utils_Load_taskSwitchHook__E
 .text.ti_sysbios_utils_Load_idleFxn__E
                0x20007f38       0x70 C:/ti/energia_cc3220emt_5.6.2/system/energia\src/sysbios/sysbios.am4g(utils_Load.o)
                0x20007f38                ti_sysbios_utils_Load_idleFxn__E
 .text.ti_sysbios_utils_Load_startup__E
                0x20007fa8       0x3c C:/ti/energia_cc3220emt_5.6.2/system/energia\src/sysbios/sysbios.am4g(utils_Load.o)
                0x20007fa8                ti_sysbios_utils_Load_startup__E
 .text.ti_sysbios_utils_Load_updateThreadContexts__E
                0x20007fe4       0xf4 C:/ti/energia_cc3220emt_5.6.2/system/energia\src/sysbios/sysbios.am4g(utils_Load.o)
                0x20007fe4                ti_sysbios_utils_Load_updateThreadContexts__E
 .text.ti_sysbios_utils_Load_updateLoads__E
                0x200080d8      0x11c C:/ti/energia_cc3220emt_5.6.2/system/energia\src/sysbios/sysbios.am4g(utils_Load.o)
                0x200080d8                ti_sysbios_utils_Load_updateLoads__E
 .text.ti_sysbios_utils_Load_logCPULoad__I
                0x200081f4        0x4 C:/ti/energia_cc3220emt_5.6.2/system/energia\src/sysbios/sysbios.am4g(utils_Load_CPU.o)
                0x200081f4                ti_sysbios_utils_Load_logCPULoad(int0_t)
 .text.ti_sysbios_gates_GateHwi_Instance_init__E
                0x200081f8        0x4 C:/ti/energia_cc3220emt_5.6.2/system/energia\src/sysbios/sysbios.am4g(gates_GateHwi.o)
                0x200081f8                ti_sysbios_gates_GateHwi_Instance_init__E
 .text.ti_sysbios_gates_GateHwi_enter__E
                0x200081fc        0xc C:/ti/energia_cc3220emt_5.6.2/system/energia\src/sysbios/sysbios.am4g(gates_GateHwi.o)
                0x200081fc                ti_sysbios_gates_GateHwi_enter__E
 .text.ti_sysbios_gates_GateHwi_leave__E
                0x20008208        0x8 C:/ti/energia_cc3220emt_5.6.2/system/energia\src/sysbios/sysbios.am4g(gates_GateHwi.o)
                0x20008208                ti_sysbios_gates_GateHwi_leave__E
 .text.ti_sysbios_gates_GateHwi_query__E
                0x20008210        0x4 C:/ti/energia_cc3220emt_5.6.2/system/energia\src/sysbios/sysbios.am4g(gates_GateHwi.o)
                0x20008210                ti_sysbios_gates_GateHwi_query__E
 .text.ti_sysbios_gates_GateMutex_Instance_init__E
                0x20008214       0x1c C:/ti/energia_cc3220emt_5.6.2/system/energia\src/sysbios/sysbios.am4g(gates_GateMutex.o)
                0x20008214                ti_sysbios_gates_GateMutex_Instance_init__E
 .text.ti_sysbios_gates_GateMutex_Instance_finalize__E
                0x20008230       0x10 C:/ti/energia_cc3220emt_5.6.2/system/energia\src/sysbios/sysbios.am4g(gates_GateMutex.o)
                0x20008230                ti_sysbios_gates_GateMutex_Instance_finalize__E
 .text.ti_sysbios_gates_GateMutex_enter__E
                0x20008240       0x34 C:/ti/energia_cc3220emt_5.6.2/system/energia\src/sysbios/sysbios.am4g(gates_GateMutex.o)
                0x20008240                ti_sysbios_gates_GateMutex_enter__E
 .text.ti_sysbios_gates_GateMutex_leave__E
                0x20008274       0x14 C:/ti/energia_cc3220emt_5.6.2/system/energia\src/sysbios/sysbios.am4g(gates_GateMutex.o)
                0x20008274                ti_sysbios_gates_GateMutex_leave__E
 .text.ti_sysbios_gates_GateMutex_query__E
                0x20008288        0x4 C:/ti/energia_cc3220emt_5.6.2/system/energia\src/sysbios/sysbios.am4g(gates_GateMutex.o)
                0x20008288                ti_sysbios_gates_GateMutex_query__E
 .text.ti_sysbios_family_arm_m3_Hwi_Module_startup__E
                0x2000828c      0x114 C:/ti/energia_cc3220emt_5.6.2/system/energia\src/sysbios/sysbios.am4g(m3_Hwi.o)
                0x2000828c                ti_sysbios_family_arm_m3_Hwi_Module_startup__E
 .text.ti_sysbios_family_arm_m3_Hwi_Instance_init__E
                0x200083a0      0x15c C:/ti/energia_cc3220emt_5.6.2/system/energia\src/sysbios/sysbios.am4g(m3_Hwi.o)
                0x200083a0                ti_sysbios_family_arm_m3_Hwi_Instance_init__E
 .text.ti_sysbios_family_arm_m3_Hwi_Instance_finalize__E
                0x200084fc       0x74 C:/ti/energia_cc3220emt_5.6.2/system/energia\src/sysbios/sysbios.am4g(m3_Hwi.o)
                0x200084fc                ti_sysbios_family_arm_m3_Hwi_Instance_finalize__E
 .text.ti_sysbios_family_arm_m3_Hwi_initNVIC__E
                0x20008570       0x8c C:/ti/energia_cc3220emt_5.6.2/system/energia\src/sysbios/sysbios.am4g(m3_Hwi.o)
                0x20008570                ti_sysbios_family_arm_m3_Hwi_initNVIC__E
 .text.ti_sysbios_family_arm_m3_Hwi_startup__E
                0x200085fc       0x10 C:/ti/energia_cc3220emt_5.6.2/system/energia\src/sysbios/sysbios.am4g(m3_Hwi.o)
                0x200085fc                ti_sysbios_family_arm_m3_Hwi_startup__E
 .text.ti_sysbios_family_arm_m3_Hwi_disableFxn__E
                0x2000860c        0xc C:/ti/energia_cc3220emt_5.6.2/system/energia\src/sysbios/sysbios.am4g(m3_Hwi.o)
                0x2000860c                ti_sysbios_family_arm_m3_Hwi_disableFxn__E
 .text.ti_sysbios_family_arm_m3_Hwi_restoreFxn__E
                0x20008618        0x8 C:/ti/energia_cc3220emt_5.6.2/system/energia\src/sysbios/sysbios.am4g(m3_Hwi.o)
                0x20008618                ti_sysbios_family_arm_m3_Hwi_restoreFxn__E
 .text.ti_sysbios_family_arm_m3_Hwi_disableInterrupt__E
                0x20008620       0x4c C:/ti/energia_cc3220emt_5.6.2/system/energia\src/sysbios/sysbios.am4g(m3_Hwi.o)
                0x20008620                ti_sysbios_family_arm_m3_Hwi_disableInterrupt__E
 .text.ti_sysbios_family_arm_m3_Hwi_enableInterrupt__E
                0x2000866c       0x48 C:/ti/energia_cc3220emt_5.6.2/system/energia\src/sysbios/sysbios.am4g(m3_Hwi.o)
                0x2000866c                ti_sysbios_family_arm_m3_Hwi_enableInterrupt__E
 .text.ti_sysbios_family_arm_m3_Hwi_clearInterrupt__E
                0x200086b4       0x20 C:/ti/energia_cc3220emt_5.6.2/system/energia\src/sysbios/sysbios.am4g(m3_Hwi.o)
                0x200086b4                ti_sysbios_family_arm_m3_Hwi_clearInterrupt__E
 .text.ti_sysbios_family_arm_m3_Hwi_switchFromBootStack__E
                0x200086d4       0x1c C:/ti/energia_cc3220emt_5.6.2/system/energia\src/sysbios/sysbios.am4g(m3_Hwi.o)
                0x200086d4                ti_sysbios_family_arm_m3_Hwi_switchFromBootStack__E
 .text.ti_sysbios_family_arm_m3_Hwi_getStackInfo__E
                0x200086f0       0x44 C:/ti/energia_cc3220emt_5.6.2/system/energia\src/sysbios/sysbios.am4g(m3_Hwi.o)
                0x200086f0                ti_sysbios_family_arm_m3_Hwi_getStackInfo__E
 .text.ti_sysbios_family_arm_m3_Hwi_excHandler__I
                0x20008734       0x20 C:/ti/energia_cc3220emt_5.6.2/system/energia\src/sysbios/sysbios.am4g(m3_Hwi.o)
                0x20008734                ti_sysbios_family_arm_m3_Hwi_excHandler(int0_t)
 .text.ti_sysbios_family_arm_m3_Hwi_dispatchC__I
                0x20008754       0x5c C:/ti/energia_cc3220emt_5.6.2/system/energia\src/sysbios/sysbios.am4g(m3_Hwi.o)
                0x20008754                ti_sysbios_family_arm_m3_Hwi_dispatchC(int0_t)
 .text.ti_sysbios_family_arm_m3_Hwi_doSwiRestore__I
                0x200087b0        0x4 C:/ti/energia_cc3220emt_5.6.2/system/energia\src/sysbios/sysbios.am4g(m3_Hwi.o)
                0x200087b0                ti_sysbios_family_arm_m3_Hwi_doSwiRestore(int0_t)
 .text.ti_sysbios_family_arm_m3_Hwi_doTaskRestore__I
                0x200087b4        0x8 C:/ti/energia_cc3220emt_5.6.2/system/energia\src/sysbios/sysbios.am4g(m3_Hwi.o)
                0x200087b4                ti_sysbios_family_arm_m3_Hwi_doTaskRestore(int0_t)
 .text.ti_sysbios_family_arm_m3_TaskSupport_start__E
                0x200087bc       0x38 C:/ti/energia_cc3220emt_5.6.2/system/energia\src/sysbios/sysbios.am4g(m3_TaskSupport.o)
                0x200087bc                ti_sysbios_family_arm_m3_TaskSupport_start__E
 .text.ti_sysbios_family_arm_m3_TaskSupport_getStackAlignment__E
                0x200087f4        0xc C:/ti/energia_cc3220emt_5.6.2/system/energia\src/sysbios/sysbios.am4g(m3_TaskSupport.o)
                0x200087f4                ti_sysbios_family_arm_m3_TaskSupport_getStackAlignment__E
 .text.ti_sysbios_family_arm_m3_Timer_periodicStub__I
                0x20008800       0x34 C:/ti/energia_cc3220emt_5.6.2/system/energia\src/sysbios/sysbios.am4g(m3_Timer.o)
                0x20008800                ti_sysbios_family_arm_m3_Timer_periodicStub(int0_t)
 .text.ti_sysbios_family_arm_m3_Timer_Module_startup__E
                0x20008834       0xb4 C:/ti/energia_cc3220emt_5.6.2/system/energia\src/sysbios/sysbios.am4g(m3_Timer.o)
                0x20008834                ti_sysbios_family_arm_m3_Timer_Module_startup__E
 .text.ti_sysbios_family_arm_m3_Timer_startup__E
                0x200088e8       0x60 C:/ti/energia_cc3220emt_5.6.2/system/energia\src/sysbios/sysbios.am4g(m3_Timer.o)
                0x200088e8                ti_sysbios_family_arm_m3_Timer_startup__E
 .text.ti_sysbios_family_arm_m3_Timer_getHandle__E
                0x20008948        0xc C:/ti/energia_cc3220emt_5.6.2/system/energia\src/sysbios/sysbios.am4g(m3_Timer.o)
                0x20008948                ti_sysbios_family_arm_m3_Timer_getHandle__E
 .text.ti_sysbios_family_arm_m3_Timer_getPeriod__E
                0x20008954        0x4 C:/ti/energia_cc3220emt_5.6.2/system/energia\src/sysbios/sysbios.am4g(m3_Timer.o)
                0x20008954                ti_sysbios_family_arm_m3_Timer_getPeriod__E
 .text.ti_sysbios_family_arm_m3_Timer_getExpiredCounts__E
                0x20008958       0x44 C:/ti/energia_cc3220emt_5.6.2/system/energia\src/sysbios/sysbios.am4g(m3_Timer.o)
                0x20008958                ti_sysbios_family_arm_m3_Timer_getExpiredCounts__E
 .text.ti_sysbios_family_arm_m3_Timer_getTickCount__E
                0x2000899c        0xc C:/ti/energia_cc3220emt_5.6.2/system/energia\src/sysbios/sysbios.am4g(m3_Timer.o)
                0x2000899c                ti_sysbios_family_arm_m3_Timer_getTickCount__E
 .text.ti_sysbios_family_arm_m3_TimestampProvider_Module_startup__E
                0x200089a8       0x20 C:/ti/energia_cc3220emt_5.6.2/system/energia\src/sysbios/sysbios.am4g(m3_TimestampProvider.o)
                0x200089a8                ti_sysbios_family_arm_m3_TimestampProvider_Module_startup__E
 .text.ti_sysbios_family_arm_m3_TimestampProvider_get32__E
                0x200089c8       0x30 C:/ti/energia_cc3220emt_5.6.2/system/energia\src/sysbios/sysbios.am4g(m3_TimestampProvider.o)
                0x200089c8                ti_sysbios_family_arm_m3_TimestampProvider_get32__E
 .text.ti_sysbios_family_arm_m3_TimestampProvider_getFreq__E
                0x200089f8        0x4 C:/ti/energia_cc3220emt_5.6.2/system/energia\src/sysbios/sysbios.am4g(m3_TimestampProvider.o)
                0x200089f8                ti_sysbios_family_arm_m3_TimestampProvider_getFreq__E
 .text.ti_sysbios_heaps_HeapMem_initPrimary__I
                0x200089fc       0x9c C:/ti/energia_cc3220emt_5.6.2/system/energia\src/sysbios/sysbios.am4g(heaps_HeapMem.o)
                0x200089fc                ti_sysbios_heaps_HeapMem_initPrimary(int0_t)
 .text.ti_sysbios_heaps_HeapMem_Instance_init__E
                0x20008a98       0x40 C:/ti/energia_cc3220emt_5.6.2/system/energia\src/sysbios/sysbios.am4g(heaps_HeapMem.o)
                0x20008a98                ti_sysbios_heaps_HeapMem_Instance_init__E
 .text.ti_sysbios_heaps_HeapMem_alloc__E
                0x20008ad8       0xfc C:/ti/energia_cc3220emt_5.6.2/system/energia\src/sysbios/sysbios.am4g(heaps_HeapMem.o)
                0x20008ad8                ti_sysbios_heaps_HeapMem_alloc__E
 .text.ti_sysbios_heaps_HeapMem_free__E
                0x20008bd4       0x88 C:/ti/energia_cc3220emt_5.6.2/system/energia\src/sysbios/sysbios.am4g(heaps_HeapMem.o)
                0x20008bd4                ti_sysbios_heaps_HeapMem_free__E
 .text.ti_sysbios_heaps_HeapMem_isBlocking__E
                0x20008c5c        0x8 C:/ti/energia_cc3220emt_5.6.2/system/energia\src/sysbios/sysbios.am4g(heaps_HeapMem.o)
                0x20008c5c                ti_sysbios_heaps_HeapMem_isBlocking__E
 .text.ti_sysbios_heaps_HeapMem_getStats__E
                0x20008c64       0x48 C:/ti/energia_cc3220emt_5.6.2/system/energia\src/sysbios/sysbios.am4g(heaps_HeapMem.o)
                0x20008c64                ti_sysbios_heaps_HeapMem_getStats__E
 .text.pthread_self
                0x20008cac       0x10 C:/ti/energia_cc3220emt_5.6.2/system/energia\src/sysbios/sysbios.am4g(posix_pthread.o)
                0x20008cac                pthread_self
 .text.ti_sysbios_rts_gnu_ReentSupport_Module_startup__E
                0x20008cbc       0x28 C:/ti/energia_cc3220emt_5.6.2/system/energia\src/sysbios/sysbios.am4g(gnu_ReentSupport.o)
                0x20008cbc                ti_sysbios_rts_gnu_ReentSupport_Module_startup__E
 .text.ti_sysbios_rts_gnu_ReentSupport_taskRegHook__I
                0x20008ce4        0xc C:/ti/energia_cc3220emt_5.6.2/system/energia\src/sysbios/sysbios.am4g(gnu_ReentSupport.o)
                0x20008ce4                ti_sysbios_rts_gnu_ReentSupport_taskRegHook(int0_t)
 .text.ti_sysbios_rts_gnu_ReentSupport_taskDeleteHook__I
                0x20008cf0       0x2c C:/ti/energia_cc3220emt_5.6.2/system/energia\src/sysbios/sysbios.am4g(gnu_ReentSupport.o)
                0x20008cf0                ti_sysbios_rts_gnu_ReentSupport_taskDeleteHook(int0_t)
 .text.ti_sysbios_family_arm_lm4_Timer_masterDisable__I
                0x20008d1c        0x8 C:/ti/energia_cc3220emt_5.6.2/system/energia\src/sysbios/sysbios.am4g(lm4_Timer.o)
                0x20008d1c                ti_sysbios_family_arm_lm4_Timer_masterDisable(int0_t)
 .text.ti_sysbios_family_arm_lm4_Timer_masterEnable__I
                0x20008d24        0x4 C:/ti/energia_cc3220emt_5.6.2/system/energia\src/sysbios/sysbios.am4g(lm4_Timer.o)
                0x20008d24                ti_sysbios_family_arm_lm4_Timer_masterEnable(int0_t)
 .text.ti_sysbios_family_arm_lm4_Timer_enableTimers__I
                0x20008d28       0x9c C:/ti/energia_cc3220emt_5.6.2/system/energia\src/sysbios/sysbios.am4g(lm4_Timer.o)
                0x20008d28                ti_sysbios_family_arm_lm4_Timer_enableTimers(int0_t)
 .text.ti_sysbios_family_arm_lm4_Timer_Module_startup__E
                0x20008dc4       0xa4 C:/ti/energia_cc3220emt_5.6.2/system/energia\src/sysbios/sysbios.am4g(lm4_Timer.o)
                0x20008dc4                ti_sysbios_family_arm_lm4_Timer_Module_startup__E
 .text.ti_sysbios_family_arm_lm4_Timer_start__E
                0x20008e68      0x230 C:/ti/energia_cc3220emt_5.6.2/system/energia\src/sysbios/sysbios.am4g(lm4_Timer.o)
                0x20008e68                ti_sysbios_family_arm_lm4_Timer_start__E
 .text.ti_sysbios_family_arm_lm4_Timer_startup__E
                0x20009098       0x4c C:/ti/energia_cc3220emt_5.6.2/system/energia\src/sysbios/sysbios.am4g(lm4_Timer.o)
                0x20009098                ti_sysbios_family_arm_lm4_Timer_startup__E
 .text.ti_sysbios_family_arm_lm4_Timer_enableCC3200__I
                0x200090e4       0x6c C:/ti/energia_cc3220emt_5.6.2/system/energia\src/sysbios/sysbios.am4g(lm4_Timer.o)
                0x200090e4                ti_sysbios_family_arm_lm4_Timer_enableCC3200(int0_t)
 .text.xdc_runtime_Core_createObject__I
                0x20009150       0xc8 C:/ti/energia_cc3220emt_5.6.2/system/kernel/tirtos/packages\gnu/targets/arm/rtsv7M/lib/gnu.targets.arm.rtsv7M.am4g(Core-mem.om4g)
                0x20009150                xdc_runtime_Core_createObject(int0_t)
 .text.xdc_runtime_Core_deleteObject__I
                0x20009218       0x70 C:/ti/energia_cc3220emt_5.6.2/system/kernel/tirtos/packages\gnu/targets/arm/rtsv7M/lib/gnu.targets.arm.rtsv7M.am4g(Core-mem.om4g)
                0x20009218                xdc_runtime_Core_deleteObject(int0_t)
 .text.xdc_runtime_Core_constructObject__I
                0x20009288       0xac C:/ti/energia_cc3220emt_5.6.2/system/kernel/tirtos/packages\gnu/targets/arm/rtsv7M/lib/gnu.targets.arm.rtsv7M.am4g(Core-smem.om4g)
                0x20009288                xdc_runtime_Core_constructObject(int0_t)
 .text.xdc_runtime_Core_assignLabel__I
                0x20009334       0x3c C:/ti/energia_cc3220emt_5.6.2/system/kernel/tirtos/packages\gnu/targets/arm/rtsv7M/lib/gnu.targets.arm.rtsv7M.am4g(Core-label.om4g)
                0x20009334                xdc_runtime_Core_assignLabel(int0_t)
 .text.xdc_runtime_Core_assignParams__I
                0x20009370       0x40 C:/ti/energia_cc3220emt_5.6.2/system/kernel/tirtos/packages\gnu/targets/arm/rtsv7M/lib/gnu.targets.arm.rtsv7M.am4g(Core-params.om4g)
                0x20009370                xdc_runtime_Core_assignParams(int0_t)
 .text.xdc_runtime_Error_init__E
                0x200093b0       0x18 C:/ti/energia_cc3220emt_5.6.2/system/kernel/tirtos/packages\gnu/targets/arm/rtsv7M/lib/gnu.targets.arm.rtsv7M.am4g(Error.om4g)
                0x200093b0                xdc_runtime_Error_init__E
 .text.xdc_runtime_Error_check__E
                0x200093c8       0x20 C:/ti/energia_cc3220emt_5.6.2/system/kernel/tirtos/packages\gnu/targets/arm/rtsv7M/lib/gnu.targets.arm.rtsv7M.am4g(Error.om4g)
                0x200093c8                xdc_runtime_Error_check__E
 .text.xdc_runtime_Error_raiseX__E
                0x200093e8       0x10 C:/ti/energia_cc3220emt_5.6.2/system/kernel/tirtos/packages\gnu/targets/arm/rtsv7M/lib/gnu.targets.arm.rtsv7M.am4g(Error.om4g)
                0x200093e8                xdc_runtime_Error_raiseX__E
 .text.xdc_runtime_Error_policySpin__E
                0x200093f8        0x4 C:/ti/energia_cc3220emt_5.6.2/system/kernel/tirtos/packages\gnu/targets/arm/rtsv7M/lib/gnu.targets.arm.rtsv7M.am4g(Error.om4g)
                0x200093f8                xdc_runtime_Error_policySpin__E
 .text.xdc_runtime_Gate_enterSystem__E
                0x200093fc        0xc C:/ti/energia_cc3220emt_5.6.2/system/kernel/tirtos/packages\gnu/targets/arm/rtsv7M/lib/gnu.targets.arm.rtsv7M.am4g(Gate.om4g)
                0x200093fc                xdc_runtime_Gate_enterSystem__E
 .text.xdc_runtime_Gate_leaveSystem__E
                0x20009408       0x10 C:/ti/energia_cc3220emt_5.6.2/system/kernel/tirtos/packages\gnu/targets/arm/rtsv7M/lib/gnu.targets.arm.rtsv7M.am4g(Gate.om4g)
                0x20009408                xdc_runtime_Gate_leaveSystem__E
 .text.xdc_runtime_Memory_alloc__E
                0x20009418       0x80 C:/ti/energia_cc3220emt_5.6.2/system/kernel/tirtos/packages\gnu/targets/arm/rtsv7M/lib/gnu.targets.arm.rtsv7M.am4g(Memory.om4g)
                0x20009418                xdc_runtime_Memory_alloc__E
 .text.xdc_runtime_Memory_free__E
                0x20009498       0x14 C:/ti/energia_cc3220emt_5.6.2/system/kernel/tirtos/packages\gnu/targets/arm/rtsv7M/lib/gnu.targets.arm.rtsv7M.am4g(Memory.om4g)
                0x20009498                xdc_runtime_Memory_free__E
 .text.xdc_runtime_Memory_valloc__E
                0x200094ac       0x1c C:/ti/energia_cc3220emt_5.6.2/system/kernel/tirtos/packages\gnu/targets/arm/rtsv7M/lib/gnu.targets.arm.rtsv7M.am4g(Memory.om4g)
                0x200094ac                xdc_runtime_Memory_valloc__E
 .text.xdc_runtime_Memory_calloc__E
                0x200094c8       0x14 C:/ti/energia_cc3220emt_5.6.2/system/kernel/tirtos/packages\gnu/targets/arm/rtsv7M/lib/gnu.targets.arm.rtsv7M.am4g(Memory.om4g)
                0x200094c8                xdc_runtime_Memory_calloc__E
 .text.xdc_runtime_Startup_exec__E
                0x200094dc       0x5c C:/ti/energia_cc3220emt_5.6.2/system/kernel/tirtos/packages\gnu/targets/arm/rtsv7M/lib/gnu.targets.arm.rtsv7M.am4g(Startup.om4g)
                0x200094dc                xdc_runtime_Startup_exec__E
 .text.xdc_runtime_Startup_rtsDone__E
                0x20009538        0xc C:/ti/energia_cc3220emt_5.6.2/system/kernel/tirtos/packages\gnu/targets/arm/rtsv7M/lib/gnu.targets.arm.rtsv7M.am4g(Startup.om4g)
                0x20009538                xdc_runtime_Startup_rtsDone__E
 .text.xdc_runtime_Startup_startMods__I
                0x20009544       0xec C:/ti/energia_cc3220emt_5.6.2/system/kernel/tirtos/packages\gnu/targets/arm/rtsv7M/lib/gnu.targets.arm.rtsv7M.am4g(Startup.om4g)
                0x20009544                xdc_runtime_Startup_startMods(int0_t)
 .text.xdc_runtime_System_Module_startup__E
                0x20009630        0x8 C:/ti/energia_cc3220emt_5.6.2/system/kernel/tirtos/packages\gnu/targets/arm/rtsv7M/lib/gnu.targets.arm.rtsv7M.am4g(System.om4g)
                0x20009630                xdc_runtime_System_Module_startup__E
 .text.xdc_runtime_System_abort__E
                0x20009638       0x1c C:/ti/energia_cc3220emt_5.6.2/system/kernel/tirtos/packages\gnu/targets/arm/rtsv7M/lib/gnu.targets.arm.rtsv7M.am4g(System.om4g)
                0x20009638                xdc_runtime_System_abort__E
 .text.xdc_runtime_System_atexit__E
                0x20009654       0x3c C:/ti/energia_cc3220emt_5.6.2/system/kernel/tirtos/packages\gnu/targets/arm/rtsv7M/lib/gnu.targets.arm.rtsv7M.am4g(System.om4g)
                0x20009654                xdc_runtime_System_atexit__E
 .text.xdc_runtime_System_abortSpin__E
                0x20009690        0x4 C:/ti/energia_cc3220emt_5.6.2/system/kernel/tirtos/packages\gnu/targets/arm/rtsv7M/lib/gnu.targets.arm.rtsv7M.am4g(System.om4g)
                0x20009690                xdc_runtime_System_abortSpin__E
 .text.xdc_runtime_System_exitSpin__E
                0x20009694        0x4 C:/ti/energia_cc3220emt_5.6.2/system/kernel/tirtos/packages\gnu/targets/arm/rtsv7M/lib/gnu.targets.arm.rtsv7M.am4g(System.om4g)
                0x20009694                xdc_runtime_System_exitSpin__E
 .text.xdc_runtime_System_processAtExit__E
                0x20009698       0x38 C:/ti/energia_cc3220emt_5.6.2/system/kernel/tirtos/packages\gnu/targets/arm/rtsv7M/lib/gnu.targets.arm.rtsv7M.am4g(System.om4g)
                0x20009698                xdc_runtime_System_processAtExit__E
 .text.xdc_runtime_System_exit__E
                0x200096d0       0x18 C:/ti/energia_cc3220emt_5.6.2/system/kernel/tirtos/packages\gnu/targets/arm/rtsv7M/lib/gnu.targets.arm.rtsv7M.am4g(System.om4g)
                0x200096d0                xdc_runtime_System_exit__E
 .text.xdc_runtime_System_flush__E
                0x200096e8        0x4 C:/ti/energia_cc3220emt_5.6.2/system/kernel/tirtos/packages\gnu/targets/arm/rtsv7M/lib/gnu.targets.arm.rtsv7M.am4g(System.om4g)
                0x200096e8                xdc_runtime_System_flush__E
 .text.xdc_runtime_SysCallback_abort__E
                0x200096ec        0xc C:/ti/energia_cc3220emt_5.6.2/system/kernel/tirtos/packages\gnu/targets/arm/rtsv7M/lib/gnu.targets.arm.rtsv7M.am4g(SysCallback.om4g)
                0x200096ec                xdc_runtime_SysCallback_abort__E
 .text.xdc_runtime_SysCallback_exit__E
                0x200096f8        0xc C:/ti/energia_cc3220emt_5.6.2/system/kernel/tirtos/packages\gnu/targets/arm/rtsv7M/lib/gnu.targets.arm.rtsv7M.am4g(SysCallback.om4g)
                0x200096f8                xdc_runtime_SysCallback_exit__E
 .text.xdc_runtime_SysCallback_flush__E
                0x20009704        0xc C:/ti/energia_cc3220emt_5.6.2/system/kernel/tirtos/packages\gnu/targets/arm/rtsv7M/lib/gnu.targets.arm.rtsv7M.am4g(SysCallback.om4g)
                0x20009704                xdc_runtime_SysCallback_flush__E
 .text.xdc_runtime_SysCallback_defaultFlush
                0x20009710        0x4 C:/ti/energia_cc3220emt_5.6.2/system/kernel/tirtos/packages\gnu/targets/arm/rtsv7M/lib/gnu.targets.arm.rtsv7M.am4g(SysCallback.om4g)
                0x20009710                xdc_runtime_SysCallback_defaultFlush
 .text.xdc_runtime_SysCallback_defaultAbort
                0x20009714        0x4 C:/ti/energia_cc3220emt_5.6.2/system/kernel/tirtos/packages\gnu/targets/arm/rtsv7M/lib/gnu.targets.arm.rtsv7M.am4g(SysCallback.om4g)
                0x20009714                xdc_runtime_SysCallback_defaultAbort
 .text.xdc_runtime_SysCallback_defaultExit
                0x20009718        0x4 C:/ti/energia_cc3220emt_5.6.2/system/kernel/tirtos/packages\gnu/targets/arm/rtsv7M/lib/gnu.targets.arm.rtsv7M.am4g(SysCallback.om4g)
                0x20009718                xdc_runtime_SysCallback_defaultExit
 .text.xdc_runtime_Text_cordText__E
                0x2000971c       0x2c C:/ti/energia_cc3220emt_5.6.2/system/kernel/tirtos/packages\gnu/targets/arm/rtsv7M/lib/gnu.targets.arm.rtsv7M.am4g(Text.om4g)
                0x2000971c                xdc_runtime_Text_cordText__E
 .text.xdc_runtime_Text_ropeText__E
                0x20009748       0x14 C:/ti/energia_cc3220emt_5.6.2/system/kernel/tirtos/packages\gnu/targets/arm/rtsv7M/lib/gnu.targets.arm.rtsv7M.am4g(Text.om4g)
                0x20009748                xdc_runtime_Text_ropeText__E
 .text.xdc_runtime_Timestamp_get32__E
                0x2000975c        0x4 C:/ti/energia_cc3220emt_5.6.2/system/kernel/tirtos/packages\gnu/targets/arm/rtsv7M/lib/gnu.targets.arm.rtsv7M.am4g(Timestamp.om4g)
                0x2000975c                xdc_runtime_Timestamp_get32__E
 .text.xdc_runtime_Timestamp_getFreq__E
                0x20009760        0x4 C:/ti/energia_cc3220emt_5.6.2/system/kernel/tirtos/packages\gnu/targets/arm/rtsv7M/lib/gnu.targets.arm.rtsv7M.am4g(Timestamp.om4g)
                0x20009760                xdc_runtime_Timestamp_getFreq__E
 .text.xdc_runtime_Assert_raise__I
                0x20009764       0x50 C:/ti/energia_cc3220emt_5.6.2/system/kernel/tirtos/packages\gnu/targets/arm/rtsv7M/lib/gnu.targets.arm.rtsv7M.am4g(Assert.om4g)
                0x20009764                xdc_runtime_Assert_raise(int0_t)
 .text.startupC
                0x200097b4       0x9c C:/ti/energia_cc3220emt_5.6.2/system/kernel/tirtos/packages\gnu/targets/arm/rtsv7M/lib/boot.am4g(startup.om4g)
                0x200097b4                startupC
 .text._fini    0x20009850        0x4 C:/ti/energia_cc3220emt_5.6.2/system/kernel/tirtos/packages\gnu/targets/arm/rtsv7M/lib/boot.am4g(startup.om4g)
                0x20009850                _fini
 .text._exit    0x20009854        0x4 C:/ti/energia_cc3220emt_5.6.2/system/kernel/tirtos/packages\gnu/targets/arm/rtsv7M/lib/syscalls.am4g(syscalls.om4g)
                0x20009854                C$$EXIT
                0x20009854                _exit
 .text.__tcf_0  0x20009858       0x1c C:/Users/Liam/ti/cc3220emt_CC3220S-LAUNCHXL_WiFiMKII/Debug\libcc3220emt_CC3220S-LAUNCHXL_WiFiMKII.a(WiFi.o)
 .text._ZN9WiFiClassC2Ev
                0x20009874       0x38 C:/Users/Liam/ti/cc3220emt_CC3220S-LAUNCHXL_WiFiMKII/Debug\libcc3220emt_CC3220S-LAUNCHXL_WiFiMKII.a(WiFi.o)
                0x20009874                WiFiClass::WiFiClass()
                0x20009874                WiFiClass::WiFiClass()
 .text._ZN9WiFiClass4initEv
                0x200098ac       0x90 C:/Users/Liam/ti/cc3220emt_CC3220S-LAUNCHXL_WiFiMKII/Debug\libcc3220emt_CC3220S-LAUNCHXL_WiFiMKII.a(WiFi.o)
                0x200098ac                WiFiClass::init()
 .text._ZN9WiFiClass9getSocketEv
                0x2000993c       0x24 C:/Users/Liam/ti/cc3220emt_CC3220S-LAUNCHXL_WiFiMKII/Debug\libcc3220emt_CC3220S-LAUNCHXL_WiFiMKII.a(WiFi.o)
                0x2000993c                WiFiClass::getSocket()
 .text._ZN9WiFiClass13setIpDefaultsEv
                0x20009960       0x18 C:/Users/Liam/ti/cc3220emt_CC3220S-LAUNCHXL_WiFiMKII/Debug\libcc3220emt_CC3220S-LAUNCHXL_WiFiMKII.a(WiFi.o)
                0x20009960                WiFiClass::setIpDefaults()
 .text._ZN9WiFiClass7localIPEv
                0x20009978       0x48 C:/Users/Liam/ti/cc3220emt_CC3220S-LAUNCHXL_WiFiMKII/Debug\libcc3220emt_CC3220S-LAUNCHXL_WiFiMKII.a(WiFi.o)
                0x20009978                WiFiClass::localIP()
 .text._ZN9WiFiClass9gatewayIPEv
                0x200099c0       0x58 C:/Users/Liam/ti/cc3220emt_CC3220S-LAUNCHXL_WiFiMKII/Debug\libcc3220emt_CC3220S-LAUNCHXL_WiFiMKII.a(WiFi.o)
                0x200099c0                WiFiClass::gatewayIP()
 .text._ZN9WiFiClass4SSIDEv
                0x20009a18       0x54 C:/Users/Liam/ti/cc3220emt_CC3220S-LAUNCHXL_WiFiMKII/Debug\libcc3220emt_CC3220S-LAUNCHXL_WiFiMKII.a(WiFi.o)
                0x20009a18                WiFiClass::SSID()
 .text._ZN9WiFiClass6statusEv
                0x20009a6c       0x2c C:/Users/Liam/ti/cc3220emt_CC3220S-LAUNCHXL_WiFiMKII/Debug\libcc3220emt_CC3220S-LAUNCHXL_WiFiMKII.a(WiFi.o)
                0x20009a6c                WiFiClass::status()
 .text._ZN9WiFiClass5beginEPcS0_
                0x20009a98       0xa0 C:/Users/Liam/ti/cc3220emt_CC3220S-LAUNCHXL_WiFiMKII/Debug\libcc3220emt_CC3220S-LAUNCHXL_WiFiMKII.a(WiFi.o)
                0x20009a98                WiFiClass::begin(char*, char*)
 .text._ZN9WiFiClass4RSSIEv
                0x20009b38       0x2c C:/Users/Liam/ti/cc3220emt_CC3220S-LAUNCHXL_WiFiMKII/Debug\libcc3220emt_CC3220S-LAUNCHXL_WiFiMKII.a(WiFi.o)
                0x20009b38                WiFiClass::RSSI()
 .text._ZN9WiFiClass10hostByNameEPcR9IPAddress
                0x20009b64       0x44 C:/Users/Liam/ti/cc3220emt_CC3220S-LAUNCHXL_WiFiMKII/Debug\libcc3220emt_CC3220S-LAUNCHXL_WiFiMKII.a(WiFi.o)
                0x20009b64                WiFiClass::hostByName(char*, IPAddress&)
 .text._ZN9WiFiClass20_registerNewDeviceIPEPhS0_
                0x20009ba8       0x80 C:/Users/Liam/ti/cc3220emt_CC3220S-LAUNCHXL_WiFiMKII/Debug\libcc3220emt_CC3220S-LAUNCHXL_WiFiMKII.a(WiFi.o)
                0x20009ba8                WiFiClass::_registerNewDeviceIP(unsigned char*, unsigned char*)
 .text._ZN9WiFiClass17_unregisterDeviceEPh
                0x20009c28       0x3c C:/Users/Liam/ti/cc3220emt_CC3220S-LAUNCHXL_WiFiMKII/Debug\libcc3220emt_CC3220S-LAUNCHXL_WiFiMKII.a(WiFi.o)
                0x20009c28                WiFiClass::_unregisterDevice(unsigned char*)
 .text.startup._GLOBAL__sub_I__ZN9WiFiClass11WiFi_statusE
                0x20009c64       0x44 C:/Users/Liam/ti/cc3220emt_CC3220S-LAUNCHXL_WiFiMKII/Debug\libcc3220emt_CC3220S-LAUNCHXL_WiFiMKII.a(WiFi.o)
 .text._ZN10WiFiClient5writeEh
                0x20009ca8       0x22 C:/Users/Liam/ti/cc3220emt_CC3220S-LAUNCHXL_WiFiMKII/Debug\libcc3220emt_CC3220S-LAUNCHXL_WiFiMKII.a(WiFiClient.o)
                0x20009ca8                WiFiClient::write(unsigned char)
 .text._ZN10WiFiClient4readEv
                0x20009cca       0x22 C:/Users/Liam/ti/cc3220emt_CC3220S-LAUNCHXL_WiFiMKII/Debug\libcc3220emt_CC3220S-LAUNCHXL_WiFiMKII.a(WiFiClient.o)
                0x20009cca                WiFiClient::read()
 .text._ZN10WiFiClient4peekEv
                0x20009cec       0x16 C:/Users/Liam/ti/cc3220emt_CC3220S-LAUNCHXL_WiFiMKII/Debug\libcc3220emt_CC3220S-LAUNCHXL_WiFiMKII.a(WiFiClient.o)
                0x20009cec                WiFiClient::peek()
 .text._ZN10WiFiClientcvbEv
                0x20009d02        0xa C:/Users/Liam/ti/cc3220emt_CC3220S-LAUNCHXL_WiFiMKII/Debug\libcc3220emt_CC3220S-LAUNCHXL_WiFiMKII.a(WiFiClient.o)
                0x20009d02                WiFiClient::operator bool()
 .text._ZN10WiFiClient7connectEPKct
                0x20009d0c       0x44 C:/Users/Liam/ti/cc3220emt_CC3220S-LAUNCHXL_WiFiMKII/Debug\libcc3220emt_CC3220S-LAUNCHXL_WiFiMKII.a(WiFiClient.o)
                0x20009d0c                WiFiClient::connect(char const*, unsigned short)
 .text._ZN10WiFiClient10sslConnectEPKct
                0x20009d50       0x44 C:/Users/Liam/ti/cc3220emt_CC3220S-LAUNCHXL_WiFiMKII/Debug\libcc3220emt_CC3220S-LAUNCHXL_WiFiMKII.a(WiFiClient.o)
                0x20009d50                WiFiClient::sslConnect(char const*, unsigned short)
 .text._ZN10WiFiClient5flushEv
                0x20009d94       0x1a C:/Users/Liam/ti/cc3220emt_CC3220S-LAUNCHXL_WiFiMKII/Debug\libcc3220emt_CC3220S-LAUNCHXL_WiFiMKII.a(WiFiClient.o)
                0x20009d94                WiFiClient::flush()
 *fill*         0x20009dae        0x2 
 .text._ZN10WiFiClient9availableEv
                0x20009db0       0xc0 C:/Users/Liam/ti/cc3220emt_CC3220S-LAUNCHXL_WiFiMKII/Debug\libcc3220emt_CC3220S-LAUNCHXL_WiFiMKII.a(WiFiClient.o)
                0x20009db0                WiFiClient::available()
 .text._ZN10WiFiClient4readEPhj
                0x20009e70       0x3c C:/Users/Liam/ti/cc3220emt_CC3220S-LAUNCHXL_WiFiMKII/Debug\libcc3220emt_CC3220S-LAUNCHXL_WiFiMKII.a(WiFiClient.o)
                0x20009e70                WiFiClient::read(unsigned char*, unsigned int)
 .text._ZN10WiFiClient4stopEv
                0x20009eac       0x40 C:/Users/Liam/ti/cc3220emt_CC3220S-LAUNCHXL_WiFiMKII/Debug\libcc3220emt_CC3220S-LAUNCHXL_WiFiMKII.a(WiFiClient.o)
                0x20009eac                WiFiClient::stop()
 .text._ZN10WiFiClient5writeEPKhj
                0x20009eec       0x50 C:/Users/Liam/ti/cc3220emt_CC3220S-LAUNCHXL_WiFiMKII/Debug\libcc3220emt_CC3220S-LAUNCHXL_WiFiMKII.a(WiFiClient.o)
                0x20009eec                WiFiClient::write(unsigned char const*, unsigned int)
 .text._ZN10WiFiClient7connectE9IPAddresst
                0x20009f3c       0xbc C:/Users/Liam/ti/cc3220emt_CC3220S-LAUNCHXL_WiFiMKII/Debug\libcc3220emt_CC3220S-LAUNCHXL_WiFiMKII.a(WiFiClient.o)
                0x20009f3c                WiFiClient::connect(IPAddress, unsigned short)
 .text._ZN10WiFiClient10sslConnectE9IPAddresst
                0x20009ff8      0x108 C:/Users/Liam/ti/cc3220emt_CC3220S-LAUNCHXL_WiFiMKII/Debug\libcc3220emt_CC3220S-LAUNCHXL_WiFiMKII.a(WiFiClient.o)
                0x20009ff8                WiFiClient::sslConnect(IPAddress, unsigned short)
 .text._ZN10WiFiClientC2Ev
                0x2000a100       0x2c C:/Users/Liam/ti/cc3220emt_CC3220S-LAUNCHXL_WiFiMKII/Debug\libcc3220emt_CC3220S-LAUNCHXL_WiFiMKII.a(WiFiClient.o)
                0x2000a100                WiFiClient::WiFiClient()
                0x2000a100                WiFiClient::WiFiClient()
 .text._ZN10WiFiClientD2Ev
                0x2000a12c       0x2c C:/Users/Liam/ti/cc3220emt_CC3220S-LAUNCHXL_WiFiMKII/Debug\libcc3220emt_CC3220S-LAUNCHXL_WiFiMKII.a(WiFiClient.o)
                0x2000a12c                WiFiClient::~WiFiClient()
                0x2000a12c                WiFiClient::~WiFiClient()
 .text._ZN10WiFiClient6statusEv
                0x2000a158       0x14 C:/Users/Liam/ti/cc3220emt_CC3220S-LAUNCHXL_WiFiMKII/Debug\libcc3220emt_CC3220S-LAUNCHXL_WiFiMKII.a(WiFiClient.o)
                0x2000a158                WiFiClient::status()
 .text._ZN10WiFiClient9connectedEv
                0x2000a16c        0xe C:/Users/Liam/ti/cc3220emt_CC3220S-LAUNCHXL_WiFiMKII/Debug\libcc3220emt_CC3220S-LAUNCHXL_WiFiMKII.a(WiFiClient.o)
                0x2000a16c                WiFiClient::connected()
 .text._ZN7WiFiUDP9availableEv
                0x2000a17a       0x10 C:/Users/Liam/ti/cc3220emt_CC3220S-LAUNCHXL_WiFiMKII/Debug\libcc3220emt_CC3220S-LAUNCHXL_WiFiMKII.a(WiFiUdp.o)
                0x2000a17a                WiFiUDP::available()
 .text._ZN7WiFiUDP5writeEh
                0x2000a18a       0x16 C:/Users/Liam/ti/cc3220emt_CC3220S-LAUNCHXL_WiFiMKII/Debug\libcc3220emt_CC3220S-LAUNCHXL_WiFiMKII.a(WiFiUdp.o)
                0x2000a18a                WiFiUDP::write(unsigned char)
 .text._ZN7WiFiUDP4readEv
                0x2000a1a0       0x1c C:/Users/Liam/ti/cc3220emt_CC3220S-LAUNCHXL_WiFiMKII/Debug\libcc3220emt_CC3220S-LAUNCHXL_WiFiMKII.a(WiFiUdp.o)
                0x2000a1a0                WiFiUDP::read()
 .text._ZN7WiFiUDP4peekEv
                0x2000a1bc       0x16 C:/Users/Liam/ti/cc3220emt_CC3220S-LAUNCHXL_WiFiMKII/Debug\libcc3220emt_CC3220S-LAUNCHXL_WiFiMKII.a(WiFiUdp.o)
                0x2000a1bc                WiFiUDP::peek()
 .text._ZN7WiFiUDP5flushEv
                0x2000a1d2       0x1a C:/Users/Liam/ti/cc3220emt_CC3220S-LAUNCHXL_WiFiMKII/Debug\libcc3220emt_CC3220S-LAUNCHXL_WiFiMKII.a(WiFiUdp.o)
                0x2000a1d2                WiFiUDP::flush()
 .text._ZN7WiFiUDP5writeEPKhj
                0x2000a1ec       0x2e C:/Users/Liam/ti/cc3220emt_CC3220S-LAUNCHXL_WiFiMKII/Debug\libcc3220emt_CC3220S-LAUNCHXL_WiFiMKII.a(WiFiUdp.o)
                0x2000a1ec                WiFiUDP::write(unsigned char const*, unsigned int)
 *fill*         0x2000a21a        0x2 
 .text._ZN7WiFiUDPC2Ev
                0x2000a21c       0x48 C:/Users/Liam/ti/cc3220emt_CC3220S-LAUNCHXL_WiFiMKII/Debug\libcc3220emt_CC3220S-LAUNCHXL_WiFiMKII.a(WiFiUdp.o)
                0x2000a21c                WiFiUDP::WiFiUDP()
                0x2000a21c                WiFiUDP::WiFiUDP()
 .text._ZN7WiFiUDP5beginEt
                0x2000a264       0x7c C:/Users/Liam/ti/cc3220emt_CC3220S-LAUNCHXL_WiFiMKII/Debug\libcc3220emt_CC3220S-LAUNCHXL_WiFiMKII.a(WiFiUdp.o)
                0x2000a264                WiFiUDP::begin(unsigned short)
 .text._ZN7WiFiUDP11beginPacketE9IPAddresst
                0x2000a2e0       0x2e C:/Users/Liam/ti/cc3220emt_CC3220S-LAUNCHXL_WiFiMKII/Debug\libcc3220emt_CC3220S-LAUNCHXL_WiFiMKII.a(WiFiUdp.o)
                0x2000a2e0                WiFiUDP::beginPacket(IPAddress, unsigned short)
 *fill*         0x2000a30e        0x2 
 .text._ZN7WiFiUDP9endPacketEv
                0x2000a310       0x70 C:/Users/Liam/ti/cc3220emt_CC3220S-LAUNCHXL_WiFiMKII/Debug\libcc3220emt_CC3220S-LAUNCHXL_WiFiMKII.a(WiFiUdp.o)
                0x2000a310                WiFiUDP::endPacket()
 .text._ZN7WiFiUDP5writeEPc
                0x2000a380       0x1c C:/Users/Liam/ti/cc3220emt_CC3220S-LAUNCHXL_WiFiMKII/Debug\libcc3220emt_CC3220S-LAUNCHXL_WiFiMKII.a(WiFiUdp.o)
                0x2000a380                WiFiUDP::write(char*)
 .text._ZN7WiFiUDP11parsePacketEv
                0x2000a39c       0xb0 C:/Users/Liam/ti/cc3220emt_CC3220S-LAUNCHXL_WiFiMKII/Debug\libcc3220emt_CC3220S-LAUNCHXL_WiFiMKII.a(WiFiUdp.o)
                0x2000a39c                WiFiUDP::parsePacket()
 .text._ZN7WiFiUDP4readEPhj
                0x2000a44c       0x36 C:/Users/Liam/ti/cc3220emt_CC3220S-LAUNCHXL_WiFiMKII/Debug\libcc3220emt_CC3220S-LAUNCHXL_WiFiMKII.a(WiFiUdp.o)
                0x2000a44c                WiFiUDP::read(unsigned char*, unsigned int)
 .text._ZN7WiFiUDP8remoteIPEv
                0x2000a482       0x18 C:/Users/Liam/ti/cc3220emt_CC3220S-LAUNCHXL_WiFiMKII/Debug\libcc3220emt_CC3220S-LAUNCHXL_WiFiMKII.a(WiFiUdp.o)
                0x2000a482                WiFiUDP::remoteIP()
 .text._ZN7WiFiUDP10remotePortEv
                0x2000a49a        0x6 C:/Users/Liam/ti/cc3220emt_CC3220S-LAUNCHXL_WiFiMKII/Debug\libcc3220emt_CC3220S-LAUNCHXL_WiFiMKII.a(WiFiUdp.o)
                0x2000a49a                WiFiUDP::remotePort()
 .text.delay    0x2000a4a0        0xa C:/Users/Liam/ti/cc3220emt_CC3220S-LAUNCHXL_core/Debug\libcc3220emt_CC3220S-LAUNCHXL_core.a(wiring.o)
                0x2000a4a0                delay
 .text.dmaErrorFxn
                0x2000a4aa        0xc C:/Users/Liam/ti/cc3220emt_CC3220S-LAUNCHXL_core/Debug\libcc3220emt_CC3220S-LAUNCHXL_core.a(Board_init.o)
 .text.Board_init
                0x2000a4b6       0x12 C:/Users/Liam/ti/cc3220emt_CC3220S-LAUNCHXL_core/Debug\libcc3220emt_CC3220S-LAUNCHXL_core.a(Board_init.o)
                0x2000a4b6                Board_init