Archive member included to satisfy reference by file (symbol)

C:/ti/energia_cc3220emt_5.6.2/system/source\ti/drivers/lib/drivers_cc32xx.am4g(PowerCC32XX.om4g)
                              C:/ti/energia_cc3220emt_5.6.2/system/energia\configPkg/package/cfg/energia_pm4g.om4g (Power_idleFunc)
C:/ti/energia_cc3220emt_5.6.2/system/source\ti/drivers/lib/drivers_cc32xx.am4g(PowerCC32XX_asm.om4g)
                              C:/ti/energia_cc3220emt_5.6.2/system/source\ti/drivers/lib/drivers_cc32xx.am4g(PowerCC32XX.om4g) (PowerCC32XX_enterLPDS)
C:/ti/energia_cc3220emt_5.6.2/system/source\ti/drivers/lib/drivers_cc32xx.am4g(List.om4g)
                              C:/ti/energia_cc3220emt_5.6.2/system/source\ti/drivers/lib/drivers_cc32xx.am4g(PowerCC32XX.om4g) (List_empty)
C:/ti/energia_cc3220emt_5.6.2/system/kernel/tirtos/packages\ti/dpl/lib/dpl_cc32xx.am4g(HwiP_tirtos.om4g)
                              C:/ti/energia_cc3220emt_5.6.2/system/source\ti/drivers/lib/drivers_cc32xx.am4g(PowerCC32XX.om4g) (HwiP_disable)
C:/ti/energia_cc3220emt_5.6.2/system/energia\src/sysbios/sysbios.am4g(m3_Hwi_asm_gnu.o)
                              C:/ti/energia_cc3220emt_5.6.2/system/energia\configPkg/package/cfg/energia_pm4g.om4g (ti_sysbios_family_arm_m3_Hwi_pendSV(int0_t))
C:/ti/energia_cc3220emt_5.6.2/system/energia\src/sysbios/sysbios.am4g(m3_Hwi_asm_switch_gnu.o)
                              C:/ti/energia_cc3220emt_5.6.2/system/energia\configPkg/package/cfg/energia_pm4g.om4g (ti_sysbios_family_arm_m3_Hwi_getTaskSP__E)
C:/ti/energia_cc3220emt_5.6.2/system/energia\src/sysbios/sysbios.am4g(m3_IntrinsicsSupport_asm_gnu.o)
                              C:/ti/energia_cc3220emt_5.6.2/system/energia\configPkg/package/cfg/energia_pm4g.om4g (ti_sysbios_family_arm_m3_IntrinsicsSupport_maxbit__E)
C:/ti/energia_cc3220emt_5.6.2/system/energia\src/sysbios/sysbios.am4g(m3_TaskSupport_asm_gnu.o)
                              C:/ti/energia_cc3220emt_5.6.2/system/energia\configPkg/package/cfg/energia_pm4g.om4g (ti_sysbios_family_arm_m3_TaskSupport_swap__E)
C:/ti/energia_cc3220emt_5.6.2/system/energia\src/sysbios/sysbios.am4g(_BIOS.o)
                              C:/ti/energia_cc3220emt_5.6.2/system/energia\configPkg/package/cfg/energia_pm4g.om4g (ti_sysbios_BIOS_linkedWithIncorrectBootLibrary__E)
C:/ti/energia_cc3220emt_5.6.2/system/energia\src/sysbios/sysbios.am4g(knl_Clock.o)
                              C:/ti/energia_cc3220emt_5.6.2/system/energia\configPkg/package/cfg/energia_pm4g.om4g (ti_sysbios_knl_Clock_Module_startup__E)
C:/ti/energia_cc3220emt_5.6.2/system/energia\src/sysbios/sysbios.am4g(knl_Idle.o)
                              C:/ti/energia_cc3220emt_5.6.2/system/energia\configPkg/package/cfg/energia_pm4g.om4g (ti_sysbios_knl_Idle_loop__E)
C:/ti/energia_cc3220emt_5.6.2/system/energia\src/sysbios/sysbios.am4g(knl_Event.o)
                              C:/ti/energia_cc3220emt_5.6.2/system/energia\configPkg/package/cfg/energia_pm4g.om4g (ti_sysbios_knl_Event_Instance_init__E)
C:/ti/energia_cc3220emt_5.6.2/system/energia\src/sysbios/sysbios.am4g(knl_Mailbox.o)
                              C:/ti/energia_cc3220emt_5.6.2/system/energia\configPkg/package/cfg/energia_pm4g.om4g (ti_sysbios_knl_Mailbox_Module_startup__E)
C:/ti/energia_cc3220emt_5.6.2/system/energia\src/sysbios/sysbios.am4g(knl_Queue.o)
                              C:/ti/energia_cc3220emt_5.6.2/system/energia\configPkg/package/cfg/energia_pm4g.om4g (ti_sysbios_knl_Queue_Instance_init__E)
C:/ti/energia_cc3220emt_5.6.2/system/energia\src/sysbios/sysbios.am4g(knl_Semaphore.o)
                              C:/ti/energia_cc3220emt_5.6.2/system/energia\configPkg/package/cfg/energia_pm4g.om4g (ti_sysbios_knl_Semaphore_Instance_init__E)
C:/ti/energia_cc3220emt_5.6.2/system/energia\src/sysbios/sysbios.am4g(knl_Swi.o)
                              C:/ti/energia_cc3220emt_5.6.2/system/energia\configPkg/package/cfg/energia_pm4g.om4g (ti_sysbios_knl_Swi_Module_startup__E)
C:/ti/energia_cc3220emt_5.6.2/system/energia\src/sysbios/sysbios.am4g(knl_Task.o)
                              C:/ti/energia_cc3220emt_5.6.2/system/energia\configPkg/package/cfg/energia_pm4g.om4g (ti_sysbios_knl_Task_Module_startup__E)
C:/ti/energia_cc3220emt_5.6.2/system/energia\src/sysbios/sysbios.am4g(hal_Hwi.o)
                              C:/ti/energia_cc3220emt_5.6.2/system/energia\configPkg/package/cfg/energia_pm4g.om4g (ti_sysbios_hal_Hwi_Module_startup__E)
C:/ti/energia_cc3220emt_5.6.2/system/energia\src/sysbios/sysbios.am4g(hal_Hwi_stack.o)
                              C:/ti/energia_cc3220emt_5.6.2/system/energia\configPkg/package/cfg/energia_pm4g.om4g (ti_sysbios_hal_Hwi_initStack)
C:/ti/energia_cc3220emt_5.6.2/system/energia\src/sysbios/sysbios.am4g(hal_Hwi_startup.o)
                              C:/ti/energia_cc3220emt_5.6.2/system/energia\configPkg/package/cfg/energia_pm4g.om4g (ti_sysbios_hal_Hwi_startup__E)
[...]
Memory Configuration

Name             Origin             Length             Attributes
FLASH            0x00000000         0x00000000         xr
SRAM0            0x20000000         0x00004000         xrw
SRAM             0x20004000         0x0003c000         xrw
*default*        0x00000000         0xffffffff

Linker script and memory map

LOAD ./CreateNetwork.o
LOAD ./main.o
START GROUP
                0x00000400                __STACK_SIZE = 0x400
                0x00000400                __TI_STACK_SIZE = __STACK_SIZE
LOAD C:/ti/energia_cc3220emt_5.6.2/system/energia\configPkg/package/cfg/energia_pm4g.om4g
LOAD C:/ti/energia_cc3220emt_5.6.2/system/source\ti/drivers/lib/drivers_cc32xx.am4g
LOAD C:/ti/energia_cc3220emt_5.6.2/system/kernel/tirtos/packages\ti/dpl/lib/dpl_cc32xx.am4g
LOAD C:/ti/energia_cc3220emt_5.6.2/system/energia\src/sysbios/sysbios.am4g
LOAD C:/ti/energia_cc3220emt_5.6.2/system/source\third_party/fatfs/lib/fatfs.am4g
LOAD C:/ti/energia_cc3220emt_5.6.2/system/kernel/tirtos/packages\gnu/targets/arm/rtsv7M/lib/gnu.targets.arm.rtsv7M.am4g
LOAD C:/ti/energia_cc3220emt_5.6.2/system/kernel/tirtos/packages\gnu/targets/arm/rtsv7M/lib/boot.am4g
LOAD C:/ti/energia_cc3220emt_5.6.2/system/kernel/tirtos/packages\gnu/targets/arm/rtsv7M/lib/syscalls.am4g
                0x00000001                xdc_runtime_Startup__EXECFXN__C = 0x1
                0x00000001                xdc_runtime_Startup__RESETFXN__C = 0x1
                [!provide]                PROVIDE (_vtable_base_address, DEFINED (_vtable_base_address)?_vtable_base_address:0x20000000)

.vtable         0x20000000      0x30c
 *(.vtable)
 .vtable        0x20000000      0x30c C:/ti/energia_cc3220emt_5.6.2/system/energia\configPkg/package/cfg/energia_pm4g.om4g
                0x20000000                ti_sysbios_family_arm_m3_Hwi_ramVectors
                [!provide]                PROVIDE (_intvecs_base_address, DEFINED (_intvecs_base_address)?_intvecs_base_address:0x20004000)

.intvecs        0x20004000       0x3c
 *(.intvecs)
 .intvecs       0x20004000       0x3c C:/ti/energia_cc3220emt_5.6.2/system/energia\configPkg/package/cfg/energia_pm4g.om4g
                0x20004000                ti_sysbios_family_arm_m3_Hwi_resetVectors

.text           0x20004040     0xd818
 CREATE_OBJECT_SYMBOLS
 *(.text)
 .text          0x20004040       0x98 C:/ti/energia_cc3220emt_5.6.2/system/source\ti/drivers/lib/drivers_cc32xx.am4g(PowerCC32XX_asm.om4g)
                0x20004040                PowerCC32XX_enterLPDS
                0x20004084                PowerCC32XX_resumeLPDS
 .text          0x200040d8       0x30 c:/ti/energia_tool_arm-none-eabi-gcc_6.3.1-20170620/bin/../lib/gcc/arm-none-eabi/6.3.1/thumb/v7e-m\libgcc.a(_aeabi_uldivmod.o)
                0x200040d8                __aeabi_uldivmod
 .text          0x20004108      0x2dc c:/ti/energia_tool_arm-none-eabi-gcc_6.3.1-20170620/bin/../lib/gcc/arm-none-eabi/6.3.1/thumb/v7e-m\libgcc.a(_udivmoddi4.o)
                0x20004108                __udivmoddi4
 .text          0x200043e4        0x4 c:/ti/energia_tool_arm-none-eabi-gcc_6.3.1-20170620/bin/../lib/gcc/arm-none-eabi/6.3.1/thumb/v7e-m\libgcc.a(_dvmd_tls.o)
                0x200043e4                __aeabi_ldiv0
                0x200043e4                __aeabi_idiv0
 .text          0x200043e8       0x10 C:/ti/energia_cc3220emt_5.6.2/system/kernel/tirtos/packages/gnu/targets/arm/libs/install-native/arm-none-eabi/lib/thumb/v7e-m\libc_nano.a(lib_a-strlen.o)
                0x200043e8                strlen
 *(.text.*)
 .text._Z5setupv
                0x200043f8       0x44 ./CreateNetwork.o
                0x200043f8                setup()
 .text._Z4loopv
                0x2000443c        0x2 ./CreateNetwork.o
                0x2000443c                loop()
 .text._Z8the_taskjj
                0x2000443e       0x12 ./main.o
                0x2000443e                the_task(unsigned int, unsigned int)
 .text.startup.main
                0x20004450       0x5c ./main.o
                0x20004450                main
 .text.xdc_runtime_Startup_exec__I
                0x200044ac       0x14 C:/ti/energia_cc3220emt_5.6.2/system/energia\configPkg/package/cfg/energia_pm4g.om4g
                0x200044ac                xdc_runtime_Startup_exec(int0_t)
 .text.ti_sysbios_BIOS_startFunc__I
                0x200044c0       0x30 C:/ti/energia_cc3220emt_5.6.2/system/energia\configPkg/package/cfg/energia_pm4g.om4g
                0x200044c0                ti_sysbios_BIOS_startFunc(int0_t)
 .text.ti_sysbios_BIOS_atExitFunc__I
                0x200044f0       0x10 C:/ti/energia_cc3220emt_5.6.2/system/energia\configPkg/package/cfg/energia_pm4g.om4g
                0x200044f0                ti_sysbios_BIOS_atExitFunc(int0_t)
 .text.ti_sysbios_BIOS_exitFunc__I
                0x20004500       0x14 C:/ti/energia_cc3220emt_5.6.2/system/energia\configPkg/package/cfg/energia_pm4g.om4g
                0x20004500                ti_sysbios_BIOS_exitFunc(int0_t)
 .text.ti_sysbios_gates_GateHwi_Handle__label__S
                0x20004514       0x18 C:/ti/energia_cc3220emt_5.6.2/system/energia\configPkg/package/cfg/energia_pm4g.om4g
                0x20004514                ti_sysbios_gates_GateHwi_Handle__label(void) static
 .text.ti_sysbios_gates_GateMutex_Handle__label__S
                0x2000452c       0x18 C:/ti/energia_cc3220emt_5.6.2/system/energia\configPkg/package/cfg/energia_pm4g.om4g
                0x2000452c                ti_sysbios_gates_GateMutex_Handle__label(void) static
 .text.ti_sysbios_heaps_HeapMem_Handle__label__S
                0x20004544       0x18 C:/ti/energia_cc3220emt_5.6.2/system/energia\configPkg/package/cfg/energia_pm4g.om4g
                0x20004544                ti_sysbios_heaps_HeapMem_Handle__label(void) static
 .text.ti_sysbios_gates_GateHwi_Object__delete__S
                0x2000455c       0x24 C:/ti/energia_cc3220emt_5.6.2/system/energia\configPkg/package/cfg/energia_pm4g.om4g
                0x2000455c                ti_sysbios_gates_GateHwi_Object__delete(void) static
 .text.ti_sysbios_gates_GateMutex_Object__delete__S
                0x20004580       0x28 C:/ti/energia_cc3220emt_5.6.2/system/energia\configPkg/package/cfg/energia_pm4g.om4g
                0x20004580                ti_sysbios_gates_GateMutex_Object__delete(void) static
 .text.ti_sysbios_heaps_HeapMem_Object__delete__S
                0x200045a8       0x24 C:/ti/energia_cc3220emt_5.6.2/system/energia\configPkg/package/cfg/energia_pm4g.om4g
                0x200045a8                ti_sysbios_heaps_HeapMem_Object__delete(void) static
 .text.ti_sysbios_gates_GateHwi_Object__create__S
                0x200045cc       0x2c C:/ti/energia_cc3220emt_5.6.2/system/energia\configPkg/package/cfg/energia_pm4g.om4g
                0x200045cc                ti_sysbios_gates_GateHwi_Object__create(void) static
 .text.ti_sysbios_gates_GateMutex_Object__create__S
                0x200045f8       0x2c C:/ti/energia_cc3220emt_5.6.2/system/energia\configPkg/package/cfg/energia_pm4g.om4g
                0x200045f8                ti_sysbios_gates_GateMutex_Object__create(void) static
 .text.ti_sysbios_heaps_HeapMem_Object__create__S
                0x20004624       0x2c C:/ti/energia_cc3220emt_5.6.2/system/energia\configPkg/package/cfg/energia_pm4g.om4g
                0x20004624                ti_sysbios_heaps_HeapMem_Object__create(void) static
 .text.ti_sysbios_knl_Clock_doTick__I
                0x20004650       0x30 C:/ti/energia_cc3220emt_5.6.2/system/energia\configPkg/package/cfg/energia_pm4g.om4g
                0x20004650                ti_sysbios_knl_Clock_doTick(int0_t)
 .text.xdc_runtime_Startup_reset__I
                0x20004680        0x4 C:/ti/energia_cc3220emt_5.6.2/system/energia\configPkg/package/cfg/energia_pm4g.om4g
                0x20004680                xdc_runtime_Startup_reset(int0_t)
 .text.ti_sysbios_utils_Load_update__E
                0x20004684        0x4 C:/ti/energia_cc3220emt_5.6.2/system/energia\configPkg/package/cfg/energia_pm4g.om4g
                0x20004684                ti_sysbios_utils_Load_update__E
 .text.free     0x20004688       0x18 C:/ti/energia_cc3220emt_5.6.2/system/energia\configPkg/package/cfg/energia_pm4g.om4g
                0x20004688                free
 .text._free_r  0x200046a0        0x8 C:/ti/energia_cc3220emt_5.6.2/system/energia\configPkg/package/cfg/energia_pm4g.om4g
                0x200046a0                _free_r
 .text.ti_sysbios_hal_Hwi_HwiProxy_Module__startupDone__S
                0x200046a8       0x14 C:/ti/energia_cc3220emt_5.6.2/system/energia\configPkg/package/cfg/energia_pm4g.om4g
                0x200046a8                ti_sysbios_hal_Hwi_HwiProxy_Module__startupDone(void) static
 .text.ti_sysbios_hal_Hwi_HwiProxy_getStackInfo__E
                0x200046bc        0x4 C:/ti/energia_cc3220emt_5.6.2/system/energia\configPkg/package/cfg/energia_pm4g.om4g
                0x200046bc                ti_sysbios_hal_Hwi_HwiProxy_getStackInfo__E
 .text.ti_sysbios_hal_Hwi_HwiProxy_startup__E
                0x200046c0        0x4 C:/ti/energia_cc3220emt_5.6.2/system/energia\configPkg/package/cfg/energia_pm4g.om4g
                0x200046c0                ti_sysbios_hal_Hwi_HwiProxy_startup__E
 .text.ti_sysbios_hal_Hwi_HwiProxy_switchFromBootStack__E
                0x200046c4        0x4 C:/ti/energia_cc3220emt_5.6.2/system/energia\configPkg/package/cfg/energia_pm4g.om4g
                0x200046c4                ti_sysbios_hal_Hwi_HwiProxy_switchFromBootStack__E
 .text.ti_sysbios_heaps_HeapMem_Module_GateProxy_query__E
                0x200046c8        0x4 C:/ti/energia_cc3220emt_5.6.2/system/energia\configPkg/package/cfg/energia_pm4g.om4g
                0x200046c8                ti_sysbios_heaps_HeapMem_Module_GateProxy_query__E
 .text.ti_sysbios_heaps_HeapMem_Module_GateProxy_enter__E
                0x200046cc        0x4 C:/ti/energia_cc3220emt_5.6.2/system/energia\configPkg/package/cfg/energia_pm4g.om4g
                0x200046cc                ti_sysbios_heaps_HeapMem_Module_GateProxy_enter__E
 .text.ti_sysbios_heaps_HeapMem_Module_GateProxy_leave__E
                0x200046d0        0x4 C:/ti/energia_cc3220emt_5.6.2/system/energia\configPkg/package/cfg/energia_pm4g.om4g
                0x200046d0                ti_sysbios_heaps_HeapMem_Module_GateProxy_leave__E
 .text.ti_sysbios_knl_Clock_TimerProxy_Module__startupDone__S
                0x200046d4       0x14 C:/ti/energia_cc3220emt_5.6.2/system/energia\configPkg/package/cfg/energia_pm4g.om4g
                0x200046d4                ti_sysbios_knl_Clock_TimerProxy_Module__startupDone(void) static
 .text.ti_sysbios_knl_Task_SupportProxy_Module__startupDone__S
                0x200046e8        0x4 C:/ti/energia_cc3220emt_5.6.2/system/energia\configPkg/package/cfg/energia_pm4g.om4g
                0x200046e8                ti_sysbios_knl_Task_SupportProxy_Module__startupDone(void) static
 .text.ti_sysbios_knl_Task_SupportProxy_start__E
                0x200046ec        0x4 C:/ti/energia_cc3220emt_5.6.2/system/energia\configPkg/package/cfg/energia_pm4g.om4g
                0x200046ec                ti_sysbios_knl_Task_SupportProxy_start__E
 .text.ti_sysbios_knl_Task_SupportProxy_swap__E
                0x200046f0        0x4 C:/ti/energia_cc3220emt_5.6.2/system/energia\configPkg/package/cfg/energia_pm4g.om4g
                0x200046f0                ti_sysbios_knl_Task_SupportProxy_swap__E
 .text.ti_sysbios_knl_Task_SupportProxy_getStackAlignment__E
                0x200046f4        0x4 C:/ti/energia_cc3220emt_5.6.2/system/energia\configPkg/package/cfg/energia_pm4g.om4g
                0x200046f4                ti_sysbios_knl_Task_SupportProxy_getStackAlignment__E
 .text.xdc_runtime_Memory_HeapProxy_alloc__E
                0x200046f8        0xc C:/ti/energia_cc3220emt_5.6.2/system/energia\configPkg/package/cfg/energia_pm4g.om4g
                0x200046f8                xdc_runtime_Memory_HeapProxy_alloc__E
 .text.xdc_runtime_Memory_HeapProxy_free__E
                0x20004704        0x8 C:/ti/energia_cc3220emt_5.6.2/system/energia\configPkg/package/cfg/energia_pm4g.om4g
                0x20004704                xdc_runtime_Memory_HeapProxy_free__E
 .text.xdc_runtime_System_Module_GateProxy_enter__E
                0x2000470c        0x4 C:/ti/energia_cc3220emt_5.6.2/system/energia\configPkg/package/cfg/energia_pm4g.om4g
                0x2000470c                xdc_runtime_System_Module_GateProxy_enter__E
 .text.xdc_runtime_System_Module_GateProxy_leave__E
                0x20004710        0x4 C:/ti/energia_cc3220emt_5.6.2/system/energia\configPkg/package/cfg/energia_pm4g.om4g
                0x20004710                xdc_runtime_System_Module_GateProxy_leave__E
 .text.xdc_runtime_System_SupportProxy_abort__E
                0x20004714        0x4 C:/ti/energia_cc3220emt_5.6.2/system/energia\configPkg/package/cfg/energia_pm4g.om4g
                0x20004714                xdc_runtime_System_SupportProxy_abort__E
 .text.xdc_runtime_System_SupportProxy_exit__E
                0x20004718        0x4 C:/ti/energia_cc3220emt_5.6.2/system/energia\configPkg/package/cfg/energia_pm4g.om4g
                0x20004718                xdc_runtime_System_SupportProxy_exit__E
 .text.xdc_runtime_System_SupportProxy_flush__E
                0x2000471c        0x4 C:/ti/energia_cc3220emt_5.6.2/system/energia\configPkg/package/cfg/energia_pm4g.om4g
                0x2000471c                xdc_runtime_System_SupportProxy_flush__E
 .text.xdc_runtime_Timestamp_SupportProxy_get32__E
                0x20004720        0x4 C:/ti/energia_cc3220emt_5.6.2/system/energia\configPkg/package/cfg/energia_pm4g.om4g
                0x20004720                xdc_runtime_Timestamp_SupportProxy_get32__E
 .text.xdc_runtime_Timestamp_SupportProxy_getFreq__E
                0x20004724        0x4 C:/ti/energia_cc3220emt_5.6.2/system/energia\configPkg/package/cfg/energia_pm4g.om4g
                0x20004724                xdc_runtime_Timestamp_SupportProxy_getFreq__E
 .text.ti_sysbios_family_arm_lm4_Timer_Module__startupDone__S
                0x20004728       0x14 C:/ti/energia_cc3220emt_5.6.2/system/energia\configPkg/package/cfg/energia_pm4g.om4g
                0x20004728                ti_sysbios_family_arm_lm4_Timer_Module__startupDone(void) static
 .text.ti_sysbios_hal_Timer_TimerProxy_Module__startupDone__S
                0x2000473c        0x4 C:/ti/energia_cc3220emt_5.6.2/system/energia\configPkg/package/cfg/energia_pm4g.om4g
                0x2000473c                ti_sysbios_hal_Timer_TimerProxy_Module__startupDone(void) static
 .text.ti_sysbios_family_arm_m3_Hwi_Params__init__S
                0x20004740       0x14 C:/ti/energia_cc3220emt_5.6.2/system/energia\configPkg/package/cfg/energia_pm4g.om4g
                0x20004740                ti_sysbios_family_arm_m3_Hwi_Params__init(void) static
 .text.ti_sysbios_family_arm_m3_Hwi_Object__get__S
                0x20004754       0x1c C:/ti/energia_cc3220emt_5.6.2/system/energia\configPkg/package/cfg/energia_pm4g.om4g
                0x20004754                ti_sysbios_family_arm_m3_Hwi_Object__get(void) static
 .text.ti_sysbios_family_arm_m3_Hwi_create
                0x20004770       0x54 C:/ti/energia_cc3220emt_5.6.2/system/energia\configPkg/package/cfg/energia_pm4g.om4g
                0x20004770                ti_sysbios_family_arm_m3_Hwi_create
 .text.ti_sysbios_family_arm_m3_Hwi_delete
                0x200047c4       0x24 C:/ti/energia_cc3220emt_5.6.2/system/energia\configPkg/package/cfg/energia_pm4g.om4g
                0x200047c4                ti_sysbios_family_arm_m3_Hwi_delete
 .text.ti_sysbios_gates_GateMutex_create
                0x200047e8       0x2c C:/ti/energia_cc3220emt_5.6.2/system/energia\configPkg/package/cfg/energia_pm4g.om4g
                0x200047e8                ti_sysbios_gates_GateMutex_create
 .text.ti_sysbios_gates_GateMutex_construct
                0x20004814       0x28 C:/ti/energia_cc3220emt_5.6.2/system/energia\configPkg/package/cfg/energia_pm4g.om4g
                0x20004814                ti_sysbios_gates_GateMutex_construct
 .text.ti_sysbios_gates_GateMutex_delete
                0x2000483c       0x28 C:/ti/energia_cc3220emt_5.6.2/system/energia\configPkg/package/cfg/energia_pm4g.om4g
                0x2000483c                ti_sysbios_gates_GateMutex_delete
 .text.ti_sysbios_heaps_HeapMem_Object__get__S
                0x20004864       0x1c C:/ti/energia_cc3220emt_5.6.2/system/energia\configPkg/package/cfg/energia_pm4g.om4g
                0x20004864                ti_sysbios_heaps_HeapMem_Object__get(void) static
 .text.ti_sysbios_knl_Clock_Params__init__S
                0x20004880       0x14 C:/ti/energia_cc3220emt_5.6.2/system/energia\configPkg/package/cfg/energia_pm4g.om4g
                0x20004880                ti_sysbios_knl_Clock_Params__init(void) static
 .text.ti_sysbios_knl_Clock_create
                0x20004894       0x34 C:/ti/energia_cc3220emt_5.6.2/system/energia\configPkg/package/cfg/energia_pm4g.om4g
                0x20004894                ti_sysbios_knl_Clock_create
 .text.ti_sysbios_knl_Clock_delete
                0x200048c8       0x28 C:/ti/energia_cc3220emt_5.6.2/system/energia\configPkg/package/cfg/energia_pm4g.om4g
                0x200048c8                ti_sysbios_knl_Clock_delete
 .text.ti_sysbios_knl_Mailbox_Object__get__S
                0x200048f0        0xc C:/ti/energia_cc3220emt_5.6.2/system/energia\configPkg/package/cfg/energia_pm4g.om4g
                0x200048f0                ti_sysbios_knl_Mailbox_Object__get(void) static
 .text.ti_sysbios_knl_Queue_Object__get__S
                0x200048fc        0x8 C:/ti/energia_cc3220emt_5.6.2/system/energia\configPkg/package/cfg/energia_pm4g.om4g
                0x200048fc                ti_sysbios_knl_Queue_Object__get(void) static
 .text.ti_sysbios_knl_Queue_construct
                0x20004904       0x28 C:/ti/energia_cc3220emt_5.6.2/system/energia\configPkg/package/cfg/energia_pm4g.om4g
                0x20004904                ti_sysbios_knl_Queue_construct
 .text.ti_sysbios_knl_Queue_destruct
                0x2000492c       0x20 C:/ti/energia_cc3220emt_5.6.2/system/energia\configPkg/package/cfg/energia_pm4g.om4g
                0x2000492c                ti_sysbios_knl_Queue_destruct
 .text.ti_sysbios_knl_Semaphore_Params__init__S
                0x2000494c       0x14 C:/ti/energia_cc3220emt_5.6.2/system/energia\configPkg/package/cfg/energia_pm4g.om4g
                0x2000494c                ti_sysbios_knl_Semaphore_Params__init(void) static
 .text.ti_sysbios_knl_Semaphore_create
                0x20004960       0x30 C:/ti/energia_cc3220emt_5.6.2/system/energia\configPkg/package/cfg/energia_pm4g.om4g
                0x20004960                ti_sysbios_knl_Semaphore_create
 .text.ti_sysbios_knl_Semaphore_construct
                0x20004990       0x2c C:/ti/energia_cc3220emt_5.6.2/system/energia\configPkg/package/cfg/energia_pm4g.om4g
                0x20004990                ti_sysbios_knl_Semaphore_construct
 .text.ti_sysbios_knl_Semaphore_destruct
                0x200049bc       0x24 C:/ti/energia_cc3220emt_5.6.2/system/energia\configPkg/package/cfg/energia_pm4g.om4g
                0x200049bc                ti_sysbios_knl_Semaphore_destruct
 .text.ti_sysbios_knl_Semaphore_delete
                0x200049e0       0x28 C:/ti/energia_cc3220emt_5.6.2/system/energia\configPkg/package/cfg/energia_pm4g.om4g
                0x200049e0                ti_sysbios_knl_Semaphore_delete
 .text.ti_sysbios_knl_Task_Params__init__S
                0x20004a08       0x14 C:/ti/energia_cc3220emt_5.6.2/system/energia\configPkg/package/cfg/energia_pm4g.om4g
                0x20004a08                ti_sysbios_knl_Task_Params__init(void) static
 .text.ti_sysbios_knl_Task_Object__get__S
                0x20004a1c       0x1c C:/ti/energia_cc3220emt_5.6.2/system/energia\configPkg/package/cfg/energia_pm4g.om4g
                0x20004a1c                ti_sysbios_knl_Task_Object__get(void) static
 .text.ti_sysbios_knl_Task_create
                0x20004a38       0x4c C:/ti/energia_cc3220emt_5.6.2/system/energia\configPkg/package/cfg/energia_pm4g.om4g
                0x20004a38                ti_sysbios_knl_Task_create
 .text.notify   0x20004a84       0x48 C:/ti/energia_cc3220emt_5.6.2/system/source\ti/drivers/lib/drivers_cc32xx.am4g(PowerCC32XX.om4g)
 .text.Power_getConstraintMask
                0x20004acc        0xc C:/ti/energia_cc3220emt_5.6.2/system/source\ti/drivers/lib/drivers_cc32xx.am4g(PowerCC32XX.om4g)
                0x20004acc                Power_getConstraintMask
 .text.Power_idleFunc
                0x20004ad8       0x14 C:/ti/energia_cc3220emt_5.6.2/system/source\ti/drivers/lib/drivers_cc32xx.am4g(PowerCC32XX.om4g)
                0x20004ad8                Power_idleFunc
 .text.Power_registerNotify
                0x20004aec       0x24 C:/ti/energia_cc3220emt_5.6.2/system/source\ti/drivers/lib/drivers_cc32xx.am4g(PowerCC32XX.om4g)
                0x20004aec                Power_registerNotify
 .text.Power_releaseConstraint
                0x20004b10       0x4c C:/ti/energia_cc3220emt_5.6.2/system/source\ti/drivers/lib/drivers_cc32xx.am4g(PowerCC32XX.om4g)
                0x20004b10                Power_releaseConstraint
 .text.Power_releaseDependency
                0x20004b5c       0x5c C:/ti/energia_cc3220emt_5.6.2/system/source\ti/drivers/lib/drivers_cc32xx.am4g(PowerCC32XX.om4g)
                0x20004b5c                Power_releaseDependency
 .text.Power_setConstraint
                0x20004bb8       0x38 C:/ti/energia_cc3220emt_5.6.2/system/source\ti/drivers/lib/drivers_cc32xx.am4g(PowerCC32XX.om4g)
                0x20004bb8                Power_setConstraint
 .text.Power_setDependency
                0x20004bf0       0x60 C:/ti/energia_cc3220emt_5.6.2/system/source\ti/drivers/lib/drivers_cc32xx.am4g(PowerCC32XX.om4g)
                0x20004bf0                Power_setDependency
 .text.Power_unregisterNotify
                0x20004c50       0x20 C:/ti/energia_cc3220emt_5.6.2/system/source\ti/drivers/lib/drivers_cc32xx.am4g(PowerCC32XX.om4g)
                0x20004c50                Power_unregisterNotify
 .text.PowerCC32XX_configureWakeup
                0x20004c70       0xb4 C:/ti/energia_cc3220emt_5.6.2/system/source\ti/drivers/lib/drivers_cc32xx.am4g(PowerCC32XX.om4g)
                0x20004c70                PowerCC32XX_configureWakeup
 .text.Power_init
                0x20004d24       0x78 C:/ti/energia_cc3220emt_5.6.2/system/source\ti/drivers/lib/drivers_cc32xx.am4g(PowerCC32XX.om4g)
                0x20004d24                Power_init
 .text.PowerCC32XX_getParkState
                0x20004d9c       0x3c C:/ti/energia_cc3220emt_5.6.2/system/source\ti/drivers/lib/drivers_cc32xx.am4g(PowerCC32XX.om4g)
                0x20004d9c                PowerCC32XX_getParkState
 .text.PowerCC32XX_parkPin
                0x20004dd8       0x4c C:/ti/energia_cc3220emt_5.6.2/system/source\ti/drivers/lib/drivers_cc32xx.am4g(PowerCC32XX.om4g)
                0x20004dd8                PowerCC32XX_parkPin
 .text.PowerCC32XX_restoreParkedPin
                0x20004e24       0x34 C:/ti/energia_cc3220emt_5.6.2/system/source\ti/drivers/lib/drivers_cc32xx.am4g(PowerCC32XX.om4g)
                0x20004e24                PowerCC32XX_restoreParkedPin
 .text.Power_sleep
                0x20004e58      0x4f4 C:/ti/energia_cc3220emt_5.6.2/system/source\ti/drivers/lib/drivers_cc32xx.am4g(PowerCC32XX.om4g)
                0x20004e58                Power_sleep
 .text.PowerCC32XX_restoreParkState
                0x2000534c       0x3c C:/ti/energia_cc3220emt_5.6.2/system/source\ti/drivers/lib/drivers_cc32xx.am4g(PowerCC32XX.om4g)
                0x2000534c                PowerCC32XX_restoreParkState
 .text.PowerCC32XX_setParkState
                0x20005388       0x70 C:/ti/energia_cc3220emt_5.6.2/system/source\ti/drivers/lib/drivers_cc32xx.am4g(PowerCC32XX.om4g)
                0x20005388                PowerCC32XX_setParkState
 .text.List_empty
                0x200053f8        0xc C:/ti/energia_cc3220emt_5.6.2/system/source\ti/drivers/lib/drivers_cc32xx.am4g(List.om4g)
                0x200053f8                List_empty
 .text.List_head
                0x20005404        0x4 C:/ti/energia_cc3220emt_5.6.2/system/source\ti/drivers/lib/drivers_cc32xx.am4g(List.om4g)
                0x20005404                List_head
 .text.List_next
                0x20005408        0x4 C:/ti/energia_cc3220emt_5.6.2/system/source\ti/drivers/lib/drivers_cc32xx.am4g(List.om4g)
                0x20005408                List_next
 .text.List_put
                0x2000540c       0x2c C:/ti/energia_cc3220emt_5.6.2/system/source\ti/drivers/lib/drivers_cc32xx.am4g(List.om4g)
                0x2000540c                List_put
 .text.List_remove
                0x20005438       0x1c C:/ti/energia_cc3220emt_5.6.2/system/source\ti/drivers/lib/drivers_cc32xx.am4g(List.om4g)
                0x20005438                List_remove
 .text.HwiP_clearInterrupt
                0x20005454        0x4 C:/ti/energia_cc3220emt_5.6.2/system/kernel/tirtos/packages\ti/dpl/lib/dpl_cc32xx.am4g(HwiP_tirtos.om4g)
                0x20005454                HwiP_clearInterrupt
 .text.HwiP_create
                0x20005458       0x44 C:/ti/energia_cc3220emt_5.6.2/system/kernel/tirtos/packages\ti/dpl/lib/dpl_cc32xx.am4g(HwiP_tirtos.om4g)
                0x20005458                HwiP_create
 .text.HwiP_delete
                0x2000549c       0x18 C:/ti/energia_cc3220emt_5.6.2/system/kernel/tirtos/packages\ti/dpl/lib/dpl_cc32xx.am4g(HwiP_tirtos.om4g)
                0x2000549c                HwiP_delete
 .text.HwiP_disable
                0x200054b4        0x4 C:/ti/energia_cc3220emt_5.6.2/system/kernel/tirtos/packages\ti/dpl/lib/dpl_cc32xx.am4g(HwiP_tirtos.om4g)
                0x200054b4                HwiP_disable
 .text.HwiP_disableInterrupt
                0x200054b8        0x4 C:/ti/energia_cc3220emt_5.6.2/system/kernel/tirtos/packages\ti/dpl/lib/dpl_cc32xx.am4g(HwiP_tirtos.om4g)
                0x200054b8                HwiP_disableInterrupt
 .text.HwiP_enableInterrupt
                0x200054bc        0x4 C:/ti/energia_cc3220emt_5.6.2/system/kernel/tirtos/packages\ti/dpl/lib/dpl_cc32xx.am4g(HwiP_tirtos.om4g)
                0x200054bc                HwiP_enableInterrupt
 .text.HwiP_Params_init
                0x200054c0       0x10 C:/ti/energia_cc3220emt_5.6.2/system/kernel/tirtos/packages\ti/dpl/lib/dpl_cc32xx.am4g(HwiP_tirtos.om4g)
                0x200054c0                HwiP_Params_init
 .text.HwiP_restore
                0x200054d0        0x4 C:/ti/energia_cc3220emt_5.6.2/system/kernel/tirtos/packages\ti/dpl/lib/dpl_cc32xx.am4g(HwiP_tirtos.om4g)
                0x200054d0                HwiP_restore
 .text.ti_sysbios_family_arm_m3_Hwi_dispatch__I
                0x200054d4       0xe8 C:/ti/energia_cc3220emt_5.6.2/system/energia\src/sysbios/sysbios.am4g(m3_Hwi_asm_gnu.o)
                0x200054d4                ti_sysbios_family_arm_m3_Hwi_dispatch(int0_t)
                0x20005584                ti_sysbios_family_arm_m3_Hwi_interruptsAreDisabledButShouldNotBe
                0x20005588                ti_sysbios_family_arm_m3_Hwi_pendSV(int0_t)
 .text.ti_sysbios_family_arm_m3_Hwi_excHandlerAsm__I
                0x200055bc       0x20 C:/ti/energia_cc3220emt_5.6.2/system/energia\src/sysbios/sysbios.am4g(m3_Hwi_asm_gnu.o)
                0x200055bc                ti_sysbios_family_arm_m3_Hwi_excHandlerAsm(int0_t)
 .text.ti_sysbios_family_arm_m3_Hwi_initStacks__E
                0x200055dc       0x48 C:/ti/energia_cc3220emt_5.6.2/system/energia\src/sysbios/sysbios.am4g(m3_Hwi_asm_switch_gnu.o)
                0x200055dc                ti_sysbios_family_arm_m3_Hwi_initStacks__E
 .text.ti_sysbios_family_arm_m3_TaskSupport_buildTaskStack
                0x20005624       0x4c C:/ti/energia_cc3220emt_5.6.2/system/energia\src/sysbios/sysbios.am4g(m3_TaskSupport_asm_gnu.o)
                0x20005624                ti_sysbios_family_arm_m3_TaskSupport_buildTaskStack
 .text.ti_sysbios_family_arm_m3_TaskSupport_swap__E
                0x20005670       0x20 C:/ti/energia_cc3220emt_5.6.2/system/energia\src/sysbios/sysbios.am4g(m3_TaskSupport_asm_gnu.o)
                0x20005670                ti_sysbios_family_arm_m3_TaskSupport_swap__E
                0x20005678                ti_sysbios_knl_Task_swapReturn
 .text.ti_sysbios_family_arm_m3_TaskSupport_glue
                0x20005690       0x18 C:/ti/energia_cc3220emt_5.6.2/system/energia\src/sysbios/sysbios.am4g(m3_TaskSupport_asm_gnu.o)
                0x20005690                ti_sysbios_family_arm_m3_TaskSupport_glue
 .text.ti_sysbios_BIOS_linkedWithIncorrectBootLibrary__E
                0x200056a8        0x4 C:/ti/energia_cc3220emt_5.6.2/system/energia\src/sysbios/sysbios.am4g(_BIOS.o)
                0x200056a8                ti_sysbios_BIOS_linkedWithIncorrectBootLibrary__E
 .text.ti_sysbios_BIOS_getThreadType__E
                0x200056ac        0xc C:/ti/energia_cc3220emt_5.6.2/system/energia\src/sysbios/sysbios.am4g(_BIOS.o)
                0x200056ac                ti_sysbios_BIOS_getThreadType__E
 .text.ti_sysbios_BIOS_setThreadType__E
                0x200056b8       0x10 C:/ti/energia_cc3220emt_5.6.2/system/energia\src/sysbios/sysbios.am4g(_BIOS.o)
                0x200056b8                ti_sysbios_BIOS_setThreadType__E
 .text.ti_sysbios_BIOS_getCpuFreq__E
                0x200056c8       0x10 C:/ti/energia_cc3220emt_5.6.2/system/energia\src/sysbios/sysbios.am4g(_BIOS.o)
                0x200056c8                ti_sysbios_BIOS_getCpuFreq__E
 .text.ti_sysbios_BIOS_start__E
                0x200056d8        0xc C:/ti/energia_cc3220emt_5.6.2/system/energia\src/sysbios/sysbios.am4g(_BIOS.o)
                0x200056d8                ti_sysbios_BIOS_start__E
 .text.ti_sysbios_BIOS_exit__E
                0x200056e4        0xc C:/ti/energia_cc3220emt_5.6.2/system/energia\src/sysbios/sysbios.am4g(_BIOS.o)
                0x200056e4                ti_sysbios_BIOS_exit__E
 .text.ti_sysbios_knl_Clock_Module_startup__E
                0x200056f0       0x10 C:/ti/energia_cc3220emt_5.6.2/system/energia\src/sysbios/sysbios.am4g(knl_Clock.o)
                0x200056f0                ti_sysbios_knl_Clock_Module_startup__E
 .text.ti_sysbios_knl_Clock_getTicks__E
                0x20005700        0xc C:/ti/energia_cc3220emt_5.6.2/system/energia\src/sysbios/sysbios.am4g(knl_Clock.o)
                0x20005700                ti_sysbios_knl_Clock_getTicks__E
 .text.ti_sysbios_knl_Clock_setTicks__E
                0x2000570c        0xc C:/ti/energia_cc3220emt_5.6.2/system/energia\src/sysbios/sysbios.am4g(knl_Clock.o)
                0x2000570c                ti_sysbios_knl_Clock_setTicks__E
 .text.ti_sysbios_knl_Clock_getTicksUntilTimeout__E
                0x20005718       0x54 C:/ti/energia_cc3220emt_5.6.2/system/energia\src/sysbios/sysbios.am4g(knl_Clock.o)
                0x20005718                ti_sysbios_knl_Clock_getTicksUntilTimeout__E
 .text.ti_sysbios_knl_Clock_tickStop__E
                0x2000576c        0x4 C:/ti/energia_cc3220emt_5.6.2/system/energia\src/sysbios/sysbios.am4g(knl_Clock.o)
                0x2000576c                ti_sysbios_knl_Clock_tickStop__E
 .text.ti_sysbios_knl_Clock_tickReconfig__E
                0x20005770        0x4 C:/ti/energia_cc3220emt_5.6.2/system/energia\src/sysbios/sysbios.am4g(knl_Clock.o)
                0x20005770                ti_sysbios_knl_Clock_tickReconfig__E
 .text.ti_sysbios_knl_Clock_tickStart__E
                0x20005774        0x4 C:/ti/energia_cc3220emt_5.6.2/system/energia\src/sysbios/sysbios.am4g(knl_Clock.o)
                0x20005774                ti_sysbios_knl_Clock_tickStart__E
 .text.ti_sysbios_knl_Clock_workFunc__E
                0x20005778       0x8c C:/ti/energia_cc3220emt_5.6.2/system/energia\src/sysbios/sysbios.am4g(knl_Clock.o)
                0x20005778                ti_sysbios_knl_Clock_workFunc__E
 .text.ti_sysbios_knl_Clock_Instance_init__E
                0x20005804       0x4c C:/ti/energia_cc3220emt_5.6.2/system/energia\src/sysbios/sysbios.am4g(knl_Clock.o)
                0x20005804                ti_sysbios_knl_Clock_Instance_init__E
 .text.ti_sysbios_knl_Clock_Instance_finalize__E
                0x20005850       0x18 C:/ti/energia_cc3220emt_5.6.2/system/energia\src/sysbios/sysbios.am4g(knl_Clock.o)
                0x20005850                ti_sysbios_knl_Clock_Instance_finalize__E
 .text.ti_sysbios_knl_Clock_addI__E
                0x20005868       0x28 C:/ti/energia_cc3220emt_5.6.2/system/energia\src/sysbios/sysbios.am4g(knl_Clock.o)
                0x20005868                ti_sysbios_knl_Clock_addI__E
 .text.ti_sysbios_knl_Clock_removeI__E
                0x20005890        0x4 C:/ti/energia_cc3220emt_5.6.2/system/energia\src/sysbios/sysbios.am4g(knl_Clock.o)
                0x20005890                ti_sysbios_knl_Clock_removeI__E
 .text.ti_sysbios_knl_Clock_startI__E
                0x20005894       0x14 C:/ti/energia_cc3220emt_5.6.2/system/energia\src/sysbios/sysbios.am4g(knl_Clock.o)
                0x20005894                ti_sysbios_knl_Clock_startI__E
 .text.ti_sysbios_knl_Clock_start__E
                0x200058a8       0x28 C:/ti/energia_cc3220emt_5.6.2/system/energia\src/sysbios/sysbios.am4g(knl_Clock.o)
                0x200058a8                ti_sysbios_knl_Clock_start__E
 .text.ti_sysbios_knl_Clock_stop__E
                0x200058d0        0x8 C:/ti/energia_cc3220emt_5.6.2/system/energia\src/sysbios/sysbios.am4g(knl_Clock.o)
                0x200058d0                ti_sysbios_knl_Clock_stop__E
 .text.ti_sysbios_knl_Clock_setTimeout__E
                0x200058d8        0x4 C:/ti/energia_cc3220emt_5.6.2/system/energia\src/sysbios/sysbios.am4g(knl_Clock.o)
                0x200058d8                ti_sysbios_knl_Clock_setTimeout__E
 .text.ti_sysbios_knl_Clock_logTick__E
                0x200058dc        0x4 C:/ti/energia_cc3220emt_5.6.2/system/energia\src/sysbios/sysbios.am4g(knl_Clock.o)
                0x200058dc                ti_sysbios_knl_Clock_logTick__E
 .text.ti_sysbios_knl_Idle_loop__E
                0x200058e0       0x24 C:/ti/energia_cc3220emt_5.6.2/system/energia\src/sysbios/sysbios.am4g(knl_Idle.o)
                0x200058e0                ti_sysbios_knl_Idle_loop__E
 .text.ti_sysbios_knl_Idle_run__E
                0x20005904       0x24 C:/ti/energia_cc3220emt_5.6.2/system/energia\src/sysbios/sysbios.am4g(knl_Idle.o)
                0x20005904                ti_sysbios_knl_Idle_run__E
 .text.ti_sysbios_knl_Mailbox_Module_startup__E
                0x20005928       0x80 C:/ti/energia_cc3220emt_5.6.2/system/energia\src/sysbios/sysbios.am4g(knl_Mailbox.o)
                0x20005928                ti_sysbios_knl_Mailbox_Module_startup__E
 .text.ti_sysbios_knl_Queue_Instance_init__E
                0x200059a8        0x8 C:/ti/energia_cc3220emt_5.6.2/system/energia\src/sysbios/sysbios.am4g(knl_Queue.o)
                0x200059a8                ti_sysbios_knl_Queue_Instance_init__E
 .text.ti_sysbios_knl_Queue_dequeue__E
                0x200059b0        0xc C:/ti/energia_cc3220emt_5.6.2/system/energia\src/sysbios/sysbios.am4g(knl_Queue.o)
                0x200059b0                ti_sysbios_knl_Queue_dequeue__E
 .text.ti_sysbios_knl_Queue_empty__E
                0x200059bc        0xc C:/ti/energia_cc3220emt_5.6.2/system/energia\src/sysbios/sysbios.am4g(knl_Queue.o)
                0x200059bc                ti_sysbios_knl_Queue_empty__E
 .text.ti_sysbios_knl_Queue_enqueue__E
                0x200059c8        0xc C:/ti/energia_cc3220emt_5.6.2/system/energia\src/sysbios/sysbios.am4g(knl_Queue.o)
                0x200059c8                ti_sysbios_knl_Queue_enqueue__E
 .text.ti_sysbios_knl_Queue_head__E
                0x200059d4        0x4 C:/ti/energia_cc3220emt_5.6.2/system/energia\src/sysbios/sysbios.am4g(knl_Queue.o)
                0x200059d4                ti_sysbios_knl_Queue_head__E
 .text.ti_sysbios_knl_Queue_elemClear__E
                0x200059d8        0x8 C:/ti/energia_cc3220emt_5.6.2/system/energia\src/sysbios/sysbios.am4g(knl_Queue.o)
                0x200059d8                ti_sysbios_knl_Queue_elemClear__E
 .text.ti_sysbios_knl_Queue_insert__E
                0x200059e0        0xc C:/ti/energia_cc3220emt_5.6.2/system/energia\src/sysbios/sysbios.am4g(knl_Queue.o)
                0x200059e0                ti_sysbios_knl_Queue_insert__E
 .text.ti_sysbios_knl_Queue_next__E
                0x200059ec        0x4 C:/ti/energia_cc3220emt_5.6.2/system/energia\src/sysbios/sysbios.am4g(knl_Queue.o)
                0x200059ec                ti_sysbios_knl_Queue_next__E
 .text.ti_sysbios_knl_Queue_put__E
                0x200059f0       0x1c C:/ti/energia_cc3220emt_5.6.2/system/energia\src/sysbios/sysbios.am4g(knl_Queue.o)
                0x200059f0                ti_sysbios_knl_Queue_put__E
 .text.ti_sysbios_knl_Queue_remove__E
                0x20005a0c       0x10 C:/ti/energia_cc3220emt_5.6.2/system/energia\src/sysbios/sysbios.am4g(knl_Queue.o)
                0x20005a0c                ti_sysbios_knl_Queue_remove__E
 .text.ti_sysbios_knl_Semaphore_pendTimeout__I
                0x20005a1c       0x30 C:/ti/energia_cc3220emt_5.6.2/system/energia\src/sysbios/sysbios.am4g(knl_Semaphore.o)
                0x20005a1c                ti_sysbios_knl_Semaphore_pendTimeout(int0_t)
 .text.ti_sysbios_knl_Semaphore_Instance_init__E
                0x20005a4c       0x28 C:/ti/energia_cc3220emt_5.6.2/system/energia\src/sysbios/sysbios.am4g(knl_Semaphore.o)
                0x20005a4c                ti_sysbios_knl_Semaphore_Instance_init__E
 .text.ti_sysbios_knl_Semaphore_Instance_finalize__E
                0x20005a74       0x10 C:/ti/energia_cc3220emt_5.6.2/system/energia\src/sysbios/sysbios.am4g(knl_Semaphore.o)
                0x20005a74                ti_sysbios_knl_Semaphore_Instance_finalize__E
 .text.ti_sysbios_knl_Semaphore_pend__E
                0x20005a84      0x114 C:/ti/energia_cc3220emt_5.6.2/system/energia\src/sysbios/sysbios.am4g(knl_Semaphore.o)
                0x20005a84                ti_sysbios_knl_Semaphore_pend__E
 .text.ti_sysbios_knl_Semaphore_post__E
                0x20005b98       0x68 C:/ti/energia_cc3220emt_5.6.2/system/energia\src/sysbios/sysbios.am4g(knl_Semaphore.o)
                0x20005b98                ti_sysbios_knl_Semaphore_post__E
 .text.ti_sysbios_knl_Swi_Module_startup__E
                0x20005c00        0x8 C:/ti/energia_cc3220emt_5.6.2/system/energia\src/sysbios/sysbios.am4g(knl_Swi.o)
                0x20005c00                ti_sysbios_knl_Swi_Module_startup__E
 .text.ti_sysbios_knl_Task_sleepTimeout__I
                0x20005c08       0x68 C:/ti/energia_cc3220emt_5.6.2/system/energia\src/sysbios/sysbios.am4g(knl_Task.o)
                0x20005c08                ti_sysbios_knl_Task_sleepTimeout(int0_t)
 .text.ti_sysbios_knl_Task_schedule__I
                0x20005c70       0xf8 C:/ti/energia_cc3220emt_5.6.2/system/energia\src/sysbios/sysbios.am4g(knl_Task.o)
                0x20005c70                ti_sysbios_knl_Task_schedule(int0_t)
 .text.ti_sysbios_knl_Task_enter__I
                0x20005d68       0x28 C:/ti/energia_cc3220emt_5.6.2/system/energia\src/sysbios/sysbios.am4g(knl_Task.o)
                0x20005d68                ti_sysbios_knl_Task_enter(int0_t)
 .text.ti_sysbios_knl_Task_exit__E
                0x20005d90       0xec C:/ti/energia_cc3220emt_5.6.2/system/energia\src/sysbios/sysbios.am4g(knl_Task.o)
                0x20005d90                ti_sysbios_knl_Task_exit__E
 .text.ti_sysbios_knl_Task_postInit__I.constprop.3
                0x20005e7c      0x164 C:/ti/energia_cc3220emt_5.6.2/system/energia\src/sysbios/sysbios.am4g(knl_Task.o)
 .text.ti_sysbios_knl_Task_Module_startup__E
                0x20005fe0       0x78 C:/ti/energia_cc3220emt_5.6.2/system/energia\src/sysbios/sysbios.am4g(knl_Task.o)
                0x20005fe0                ti_sysbios_knl_Task_Module_startup__E
 .text.ti_sysbios_knl_Task_startCore__E
                0x20006058       0xe4 C:/ti/energia_cc3220emt_5.6.2/system/energia\src/sysbios/sysbios.am4g(knl_Task.o)
                0x20006058                ti_sysbios_knl_Task_startCore__E
 .text.ti_sysbios_knl_Task_startup__E
                0x2000613c        0x8 C:/ti/energia_cc3220emt_5.6.2/system/energia\src/sysbios/sysbios.am4g(knl_Task.o)
                0x2000613c                ti_sysbios_knl_Task_startup__E
 .text.ti_sysbios_knl_Task_disable__E
                0x20006144       0x18 C:/ti/energia_cc3220emt_5.6.2/system/energia\src/sysbios/sysbios.am4g(knl_Task.o)
                0x20006144                ti_sysbios_knl_Task_disable__E
 .text.ti_sysbios_knl_Task_restore__E
                0x2000615c       0x38 C:/ti/energia_cc3220emt_5.6.2/system/energia\src/sysbios/sysbios.am4g(knl_Task.o)
                0x2000615c                ti_sysbios_knl_Task_restore__E
 .text.ti_sysbios_knl_Task_restoreHwi__E
                0x20006194       0x24 C:/ti/energia_cc3220emt_5.6.2/system/energia\src/sysbios/sysbios.am4g(knl_Task.o)
                0x20006194                ti_sysbios_knl_Task_restoreHwi__E
 .text.ti_sysbios_knl_Task_self__E
                0x200061b8        0xc C:/ti/energia_cc3220emt_5.6.2/system/energia\src/sysbios/sysbios.am4g(knl_Task.o)
                0x200061b8                ti_sysbios_knl_Task_self__E
 .text.ti_sysbios_knl_Task_sleep__E
                0x200061c4       0xe8 C:/ti/energia_cc3220emt_5.6.2/system/energia\src/sysbios/sysbios.am4g(knl_Task.o)
                0x200061c4                ti_sysbios_knl_Task_sleep__E
 .text.ti_sysbios_knl_Task_yield__E
                0x200062ac       0x6c C:/ti/energia_cc3220emt_5.6.2/system/energia\src/sysbios/sysbios.am4g(knl_Task.o)
                0x200062ac                ti_sysbios_knl_Task_yield__E
 .text.ti_sysbios_knl_Task_getIdleTask__E
                0x20006318        0xc C:/ti/energia_cc3220emt_5.6.2/system/energia\src/sysbios/sysbios.am4g(knl_Task.o)
                0x20006318                ti_sysbios_knl_Task_getIdleTask__E
 .text.ti_sysbios_knl_Task_postInit__I
                0x20006324      0x184 C:/ti/energia_cc3220emt_5.6.2/system/energia\src/sysbios/sysbios.am4g(knl_Task.o)
                0x20006324                ti_sysbios_knl_Task_postInit(int0_t)
 .text.ti_sysbios_knl_Task_Instance_init__E
                0x200064a8       0xdc C:/ti/energia_cc3220emt_5.6.2/system/energia\src/sysbios/sysbios.am4g(knl_Task.o)
                0x200064a8                ti_sysbios_knl_Task_Instance_init__E
 .text.ti_sysbios_knl_Task_Instance_finalize__E
                0x20006584      0x170 C:/ti/energia_cc3220emt_5.6.2/system/energia\src/sysbios/sysbios.am4g(knl_Task.o)
                0x20006584                ti_sysbios_knl_Task_Instance_finalize__E
 .text.ti_sysbios_knl_Task_getHookContext__E
                0x200066f4        0x8 C:/ti/energia_cc3220emt_5.6.2/system/energia\src/sysbios/sysbios.am4g(knl_Task.o)
                0x200066f4                ti_sysbios_knl_Task_getHookContext__E
 .text.ti_sysbios_knl_Task_setHookContext__E
                0x200066fc        0x8 C:/ti/energia_cc3220emt_5.6.2/system/energia\src/sysbios/sysbios.am4g(knl_Task.o)
                0x200066fc                ti_sysbios_knl_Task_setHookContext__E
 .text.ti_sysbios_knl_Task_getPri__E
                0x20006704        0x4 C:/ti/energia_cc3220emt_5.6.2/system/energia\src/sysbios/sysbios.am4g(knl_Task.o)
                0x20006704                ti_sysbios_knl_Task_getPri__E
 .text.ti_sysbios_knl_Task_blockI__E
                0x20006708       0x48 C:/ti/energia_cc3220emt_5.6.2/system/energia\src/sysbios/sysbios.am4g(knl_Task.o)
                0x20006708                ti_sysbios_knl_Task_blockI__E
 .text.ti_sysbios_knl_Task_unblockI__E
                0x20006750       0x5c C:/ti/energia_cc3220emt_5.6.2/system/energia\src/sysbios/sysbios.am4g(knl_Task.o)
                0x20006750                ti_sysbios_knl_Task_unblockI__E
 .text.ti_sysbios_hal_Hwi_Module_startup__E
                0x200067ac       0x10 C:/ti/energia_cc3220emt_5.6.2/system/energia\src/sysbios/sysbios.am4g(hal_Hwi.o)
                0x200067ac                ti_sysbios_hal_Hwi_Module_startup__E
 .text.ti_sysbios_hal_Hwi_getStackInfo__E
                0x200067bc        0x4 C:/ti/energia_cc3220emt_5.6.2/system/energia\src/sysbios/sysbios.am4g(hal_Hwi.o)
                0x200067bc                ti_sysbios_hal_Hwi_getStackInfo__E
 .text.ti_sysbios_hal_Hwi_switchFromBootStack__E
                0x200067c0        0x4 C:/ti/energia_cc3220emt_5.6.2/system/energia\src/sysbios/sysbios.am4g(hal_Hwi.o)
                0x200067c0                ti_sysbios_hal_Hwi_switchFromBootStack__E
 .text.ti_sysbios_hal_Hwi_initStack
                0x200067c4       0x24 C:/ti/energia_cc3220emt_5.6.2/system/energia\src/sysbios/sysbios.am4g(hal_Hwi_stack.o)
                0x200067c4                ti_sysbios_hal_Hwi_initStack
 .text.ti_sysbios_hal_Hwi_startup__E
                0x200067e8        0x4 C:/ti/energia_cc3220emt_5.6.2/system/energia\src/sysbios/sysbios.am4g(hal_Hwi_startup.o)
                0x200067e8                ti_sysbios_hal_Hwi_startup__E
 .text.ti_sysbios_hal_Timer_Module_startup__E
                0x200067ec       0x10 C:/ti/energia_cc3220emt_5.6.2/system/energia\src/sysbios/sysbios.am4g(hal_Timer.o)
                0x200067ec                ti_sysbios_hal_Timer_Module_startup__E
 .text.ti_sysbios_utils_Load_taskRegHook__E
                0x200067fc        0xc C:/ti/energia_cc3220emt_5.6.2/system/energia\src/sysbios/sysbios.am4g(utils_Load.o)
                0x200067fc                ti_sysbios_utils_Load_taskRegHook__E
 .text.ti_sysbios_utils_Load_taskCreateHook__E
                0x20006808       0xb8 C:/ti/energia_cc3220emt_5.6.2/system/energia\src/sysbios/sysbios.am4g(utils_Load.o)
                0x20006808                ti_sysbios_utils_Load_taskCreateHook__E
 .text.ti_sysbios_utils_Load_taskDeleteHook__E
                0x200068c0       0x70 C:/ti/energia_cc3220emt_5.6.2/system/energia\src/sysbios/sysbios.am4g(utils_Load.o)
                0x200068c0                ti_sysbios_utils_Load_taskDeleteHook__E
 .text.ti_sysbios_utils_Load_taskSwitchHook__E
                0x20006930       0x58 C:/ti/energia_cc3220emt_5.6.2/system/energia\src/sysbios/sysbios.am4g(utils_Load.o)
                0x20006930                ti_sysbios_utils_Load_taskSwitchHook__E
 .text.ti_sysbios_utils_Load_idleFxn__E
                0x20006988       0x70 C:/ti/energia_cc3220emt_5.6.2/system/energia\src/sysbios/sysbios.am4g(utils_Load.o)
                0x20006988                ti_sysbios_utils_Load_idleFxn__E
 .text.ti_sysbios_utils_Load_startup__E
                0x200069f8       0x3c C:/ti/energia_cc3220emt_5.6.2/system/energia\src/sysbios/sysbios.am4g(utils_Load.o)
                0x200069f8                ti_sysbios_utils_Load_startup__E
 .text.ti_sysbios_utils_Load_updateThreadContexts__E
                0x20006a34       0xf4 C:/ti/energia_cc3220emt_5.6.2/system/energia\src/sysbios/sysbios.am4g(utils_Load.o)
                0x20006a34                ti_sysbios_utils_Load_updateThreadContexts__E
 .text.ti_sysbios_utils_Load_updateLoads__E
                0x20006b28      0x11c C:/ti/energia_cc3220emt_5.6.2/system/energia\src/sysbios/sysbios.am4g(utils_Load.o)
                0x20006b28                ti_sysbios_utils_Load_updateLoads__E
 .text.ti_sysbios_utils_Load_logCPULoad__I
                0x20006c44        0x4 C:/ti/energia_cc3220emt_5.6.2/system/energia\src/sysbios/sysbios.am4g(utils_Load_CPU.o)
                0x20006c44                ti_sysbios_utils_Load_logCPULoad(int0_t)
 .text.ti_sysbios_gates_GateHwi_Instance_init__E
                0x20006c48        0x4 C:/ti/energia_cc3220emt_5.6.2/system/energia\src/sysbios/sysbios.am4g(gates_GateHwi.o)
                0x20006c48                ti_sysbios_gates_GateHwi_Instance_init__E
 .text.ti_sysbios_gates_GateHwi_enter__E
                0x20006c4c        0xc C:/ti/energia_cc3220emt_5.6.2/system/energia\src/sysbios/sysbios.am4g(gates_GateHwi.o)
                0x20006c4c                ti_sysbios_gates_GateHwi_enter__E
 .text.ti_sysbios_gates_GateHwi_leave__E
                0x20006c58        0x8 C:/ti/energia_cc3220emt_5.6.2/system/energia\src/sysbios/sysbios.am4g(gates_GateHwi.o)
                0x20006c58                ti_sysbios_gates_GateHwi_leave__E
 .text.ti_sysbios_gates_GateHwi_query__E
                0x20006c60        0x4 C:/ti/energia_cc3220emt_5.6.2/system/energia\src/sysbios/sysbios.am4g(gates_GateHwi.o)
                0x20006c60                ti_sysbios_gates_GateHwi_query__E
 .text.ti_sysbios_gates_GateMutex_Instance_init__E
                0x20006c64       0x1c C:/ti/energia_cc3220emt_5.6.2/system/energia\src/sysbios/sysbios.am4g(gates_GateMutex.o)
                0x20006c64                ti_sysbios_gates_GateMutex_Instance_init__E
 .text.ti_sysbios_gates_GateMutex_Instance_finalize__E
                0x20006c80       0x10 C:/ti/energia_cc3220emt_5.6.2/system/energia\src/sysbios/sysbios.am4g(gates_GateMutex.o)
                0x20006c80                ti_sysbios_gates_GateMutex_Instance_finalize__E
 .text.ti_sysbios_gates_GateMutex_enter__E
                0x20006c90       0x34 C:/ti/energia_cc3220emt_5.6.2/system/energia\src/sysbios/sysbios.am4g(gates_GateMutex.o)
                0x20006c90                ti_sysbios_gates_GateMutex_enter__E
 .text.ti_sysbios_gates_GateMutex_leave__E
                0x20006cc4       0x14 C:/ti/energia_cc3220emt_5.6.2/system/energia\src/sysbios/sysbios.am4g(gates_GateMutex.o)
                0x20006cc4                ti_sysbios_gates_GateMutex_leave__E
 .text.ti_sysbios_gates_GateMutex_query__E
                0x20006cd8        0x4 C:/ti/energia_cc3220emt_5.6.2/system/energia\src/sysbios/sysbios.am4g(gates_GateMutex.o)
                0x20006cd8                ti_sysbios_gates_GateMutex_query__E
 .text.ti_sysbios_family_arm_m3_Hwi_Module_startup__E
                0x20006cdc      0x114 C:/ti/energia_cc3220emt_5.6.2/system/energia\src/sysbios/sysbios.am4g(m3_Hwi.o)
                0x20006cdc                ti_sysbios_family_arm_m3_Hwi_Module_startup__E
 .text.ti_sysbios_family_arm_m3_Hwi_Instance_init__E
                0x20006df0      0x15c C:/ti/energia_cc3220emt_5.6.2/system/energia\src/sysbios/sysbios.am4g(m3_Hwi.o)
                0x20006df0                ti_sysbios_family_arm_m3_Hwi_Instance_init__E
 .text.ti_sysbios_family_arm_m3_Hwi_Instance_finalize__E
                0x20006f4c       0x74 C:/ti/energia_cc3220emt_5.6.2/system/energia\src/sysbios/sysbios.am4g(m3_Hwi.o)
                0x20006f4c                ti_sysbios_family_arm_m3_Hwi_Instance_finalize__E
 .text.ti_sysbios_family_arm_m3_Hwi_initNVIC__E
                0x20006fc0       0x8c C:/ti/energia_cc3220emt_5.6.2/system/energia\src/sysbios/sysbios.am4g(m3_Hwi.o)
                0x20006fc0                ti_sysbios_family_arm_m3_Hwi_initNVIC__E
 .text.ti_sysbios_family_arm_m3_Hwi_startup__E
                0x2000704c       0x10 C:/ti/energia_cc3220emt_5.6.2/system/energia\src/sysbios/sysbios.am4g(m3_Hwi.o)
                0x2000704c                ti_sysbios_family_arm_m3_Hwi_startup__E
 .text.ti_sysbios_family_arm_m3_Hwi_disableFxn__E
                0x2000705c        0xc C:/ti/energia_cc3220emt_5.6.2/system/energia\src/sysbios/sysbios.am4g(m3_Hwi.o)
                0x2000705c                ti_sysbios_family_arm_m3_Hwi_disableFxn__E
 .text.ti_sysbios_family_arm_m3_Hwi_restoreFxn__E
                0x20007068        0x8 C:/ti/energia_cc3220emt_5.6.2/system/energia\src/sysbios/sysbios.am4g(m3_Hwi.o)
                0x20007068                ti_sysbios_family_arm_m3_Hwi_restoreFxn__E
 .text.ti_sysbios_family_arm_m3_Hwi_disableInterrupt__E
                0x20007070       0x4c C:/ti/energia_cc3220emt_5.6.2/system/energia\src/sysbios/sysbios.am4g(m3_Hwi.o)
                0x20007070                ti_sysbios_family_arm_m3_Hwi_disableInterrupt__E
 .text.ti_sysbios_family_arm_m3_Hwi_enableInterrupt__E
                0x200070bc       0x48 C:/ti/energia_cc3220emt_5.6.2/system/energia\src/sysbios/sysbios.am4g(m3_Hwi.o)
                0x200070bc                ti_sysbios_family_arm_m3_Hwi_enableInterrupt__E
 .text.ti_sysbios_family_arm_m3_Hwi_clearInterrupt__E
                0x20007104       0x20 C:/ti/energia_cc3220emt_5.6.2/system/energia\src/sysbios/sysbios.am4g(m3_Hwi.o)
                0x20007104                ti_sysbios_family_arm_m3_Hwi_clearInterrupt__E
 .text.ti_sysbios_family_arm_m3_Hwi_switchFromBootStack__E
                0x20007124       0x1c C:/ti/energia_cc3220emt_5.6.2/system/energia\src/sysbios/sysbios.am4g(m3_Hwi.o)
                0x20007124                ti_sysbios_family_arm_m3_Hwi_switchFromBootStack__E
 .text.ti_sysbios_family_arm_m3_Hwi_getStackInfo__E
                0x20007140       0x44 C:/ti/energia_cc3220emt_5.6.2/system/energia\src/sysbios/sysbios.am4g(m3_Hwi.o)
                0x20007140                ti_sysbios_family_arm_m3_Hwi_getStackInfo__E
 .text.ti_sysbios_family_arm_m3_Hwi_excHandler__I
                0x20007184       0x20 C:/ti/energia_cc3220emt_5.6.2/system/energia\src/sysbios/sysbios.am4g(m3_Hwi.o)
                0x20007184                ti_sysbios_family_arm_m3_Hwi_excHandler(int0_t)
 .text.ti_sysbios_family_arm_m3_Hwi_dispatchC__I
                0x200071a4       0x5c C:/ti/energia_cc3220emt_5.6.2/system/energia\src/sysbios/sysbios.am4g(m3_Hwi.o)
                0x200071a4                ti_sysbios_family_arm_m3_Hwi_dispatchC(int0_t)
 .text.ti_sysbios_family_arm_m3_Hwi_doSwiRestore__I
                0x20007200        0x4 C:/ti/energia_cc3220emt_5.6.2/system/energia\src/sysbios/sysbios.am4g(m3_Hwi.o)
                0x20007200                ti_sysbios_family_arm_m3_Hwi_doSwiRestore(int0_t)
 .text.ti_sysbios_family_arm_m3_Hwi_doTaskRestore__I
                0x20007204        0x8 C:/ti/energia_cc3220emt_5.6.2/system/energia\src/sysbios/sysbios.am4g(m3_Hwi.o)
                0x20007204                ti_sysbios_family_arm_m3_Hwi_doTaskRestore(int0_t)
 .text.ti_sysbios_family_arm_m3_TaskSupport_start__E
                0x2000720c       0x38 C:/ti/energia_cc3220emt_5.6.2/system/energia\src/sysbios/sysbios.am4g(m3_TaskSupport.o)
                0x2000720c                ti_sysbios_family_arm_m3_TaskSupport_start__E
 .text.ti_sysbios_family_arm_m3_TaskSupport_getStackAlignment__E
                0x20007244        0xc C:/ti/energia_cc3220emt_5.6.2/system/energia\src/sysbios/sysbios.am4g(m3_TaskSupport.o)
                0x20007244                ti_sysbios_family_arm_m3_TaskSupport_getStackAlignment__E
 .text.ti_sysbios_family_arm_m3_Timer_periodicStub__I
                0x20007250       0x34 C:/ti/energia_cc3220emt_5.6.2/system/energia\src/sysbios/sysbios.am4g(m3_Timer.o)
                0x20007250                ti_sysbios_family_arm_m3_Timer_periodicStub(int0_t)
 .text.ti_sysbios_family_arm_m3_Timer_Module_startup__E
                0x20007284       0xb4 C:/ti/energia_cc3220emt_5.6.2/system/energia\src/sysbios/sysbios.am4g(m3_Timer.o)
                0x20007284                ti_sysbios_family_arm_m3_Timer_Module_startup__E
 .text.ti_sysbios_family_arm_m3_Timer_startup__E
                0x20007338       0x60 C:/ti/energia_cc3220emt_5.6.2/system/energia\src/sysbios/sysbios.am4g(m3_Timer.o)
                0x20007338                ti_sysbios_family_arm_m3_Timer_startup__E
 .text.ti_sysbios_family_arm_m3_Timer_getHandle__E
                0x20007398        0xc C:/ti/energia_cc3220emt_5.6.2/system/energia\src/sysbios/sysbios.am4g(m3_Timer.o)
                0x20007398                ti_sysbios_family_arm_m3_Timer_getHandle__E
 .text.ti_sysbios_family_arm_m3_Timer_getPeriod__E
                0x200073a4        0x4 C:/ti/energia_cc3220emt_5.6.2/system/energia\src/sysbios/sysbios.am4g(m3_Timer.o)
                0x200073a4                ti_sysbios_family_arm_m3_Timer_getPeriod__E
 .text.ti_sysbios_family_arm_m3_Timer_getExpiredCounts__E
                0x200073a8       0x44 C:/ti/energia_cc3220emt_5.6.2/system/energia\src/sysbios/sysbios.am4g(m3_Timer.o)
                0x200073a8                ti_sysbios_family_arm_m3_Timer_getExpiredCounts__E
 .text.ti_sysbios_family_arm_m3_Timer_getTickCount__E
                0x200073ec        0xc C:/ti/energia_cc3220emt_5.6.2/system/energia\src/sysbios/sysbios.am4g(m3_Timer.o)
                0x200073ec                ti_sysbios_family_arm_m3_Timer_getTickCount__E
 .text.ti_sysbios_family_arm_m3_TimestampProvider_Module_startup__E
                0x200073f8       0x20 C:/ti/energia_cc3220emt_5.6.2/system/energia\src/sysbios/sysbios.am4g(m3_TimestampProvider.o)
                0x200073f8                ti_sysbios_family_arm_m3_TimestampProvider_Module_startup__E
 .text.ti_sysbios_family_arm_m3_TimestampProvider_get32__E
                0x20007418       0x30 C:/ti/energia_cc3220emt_5.6.2/system/energia\src/sysbios/sysbios.am4g(m3_TimestampProvider.o)
                0x20007418                ti_sysbios_family_arm_m3_TimestampProvider_get32__E
 .text.ti_sysbios_family_arm_m3_TimestampProvider_getFreq__E
                0x20007448        0x4 C:/ti/energia_cc3220emt_5.6.2/system/energia\src/sysbios/sysbios.am4g(m3_TimestampProvider.o)
                0x20007448                ti_sysbios_family_arm_m3_TimestampProvider_getFreq__E
 .text.ti_sysbios_heaps_HeapMem_initPrimary__I
                0x2000744c       0x9c C:/ti/energia_cc3220emt_5.6.2/system/energia\src/sysbios/sysbios.am4g(heaps_HeapMem.o)
                0x2000744c                ti_sysbios_heaps_HeapMem_initPrimary(int0_t)
 .text.ti_sysbios_heaps_HeapMem_Instance_init__E
                0x200074e8       0x40 C:/ti/energia_cc3220emt_5.6.2/system/energia\src/sysbios/sysbios.am4g(heaps_HeapMem.o)
                0x200074e8                ti_sysbios_heaps_HeapMem_Instance_init__E
 .text.ti_sysbios_heaps_HeapMem_alloc__E
                0x20007528       0xfc C:/ti/energia_cc3220emt_5.6.2/system/energia\src/sysbios/sysbios.am4g(heaps_HeapMem.o)
                0x20007528                ti_sysbios_heaps_HeapMem_alloc__E
 .text.ti_sysbios_heaps_HeapMem_free__E
                0x20007624       0x88 C:/ti/energia_cc3220emt_5.6.2/system/energia\src/sysbios/sysbios.am4g(heaps_HeapMem.o)
                0x20007624                ti_sysbios_heaps_HeapMem_free__E
 .text.ti_sysbios_heaps_HeapMem_isBlocking__E
                0x200076ac        0x8 C:/ti/energia_cc3220emt_5.6.2/system/energia\src/sysbios/sysbios.am4g(heaps_HeapMem.o)
                0x200076ac                ti_sysbios_heaps_HeapMem_isBlocking__E
 .text.ti_sysbios_heaps_HeapMem_getStats__E
                0x200076b4       0x48 C:/ti/energia_cc3220emt_5.6.2/system/energia\src/sysbios/sysbios.am4g(heaps_HeapMem.o)
                0x200076b4                ti_sysbios_heaps_HeapMem_getStats__E
 .text.ti_sysbios_rts_gnu_ReentSupport_Module_startup__E
                0x200076fc       0x28 C:/ti/energia_cc3220emt_5.6.2/system/energia\src/sysbios/sysbios.am4g(gnu_ReentSupport.o)
                0x200076fc                ti_sysbios_rts_gnu_ReentSupport_Module_startup__E
 .text.ti_sysbios_rts_gnu_ReentSupport_taskRegHook__I
                0x20007724        0xc C:/ti/energia_cc3220emt_5.6.2/system/energia\src/sysbios/sysbios.am4g(gnu_ReentSupport.o)
                0x20007724                ti_sysbios_rts_gnu_ReentSupport_taskRegHook(int0_t)
 .text.ti_sysbios_rts_gnu_ReentSupport_taskDeleteHook__I
                0x20007730       0x2c C:/ti/energia_cc3220emt_5.6.2/system/energia\src/sysbios/sysbios.am4g(gnu_ReentSupport.o)
                0x20007730                ti_sysbios_rts_gnu_ReentSupport_taskDeleteHook(int0_t)
 .text.ti_sysbios_family_arm_lm4_Timer_masterDisable__I
                0x2000775c        0x8 C:/ti/energia_cc3220emt_5.6.2/system/energia\src/sysbios/sysbios.am4g(lm4_Timer.o)
                0x2000775c                ti_sysbios_family_arm_lm4_Timer_masterDisable(int0_t)
 .text.ti_sysbios_family_arm_lm4_Timer_masterEnable__I
                0x20007764        0x4 C:/ti/energia_cc3220emt_5.6.2/system/energia\src/sysbios/sysbios.am4g(lm4_Timer.o)
                0x20007764                ti_sysbios_family_arm_lm4_Timer_masterEnable(int0_t)
 .text.ti_sysbios_family_arm_lm4_Timer_enableTimers__I
                0x20007768       0x9c C:/ti/energia_cc3220emt_5.6.2/system/energia\src/sysbios/sysbios.am4g(lm4_Timer.o)
                0x20007768                ti_sysbios_family_arm_lm4_Timer_enableTimers(int0_t)
 .text.ti_sysbios_family_arm_lm4_Timer_Module_startup__E
                0x20007804       0xa4 C:/ti/energia_cc3220emt_5.6.2/system/energia\src/sysbios/sysbios.am4g(lm4_Timer.o)
                0x20007804                ti_sysbios_family_arm_lm4_Timer_Module_startup__E
 .text.ti_sysbios_family_arm_lm4_Timer_start__E
                0x200078a8      0x230 C:/ti/energia_cc3220emt_5.6.2/system/energia\src/sysbios/sysbios.am4g(lm4_Timer.o)
                0x200078a8                ti_sysbios_family_arm_lm4_Timer_start__E
 .text.ti_sysbios_family_arm_lm4_Timer_startup__E
                0x20007ad8       0x4c C:/ti/energia_cc3220emt_5.6.2/system/energia\src/sysbios/sysbios.am4g(lm4_Timer.o)
                0x20007ad8                ti_sysbios_family_arm_lm4_Timer_startup__E
 .text.ti_sysbios_family_arm_lm4_Timer_enableCC3200__I
                0x20007b24       0x6c C:/ti/energia_cc3220emt_5.6.2/system/energia\src/sysbios/sysbios.am4g(lm4_Timer.o)
                0x20007b24                ti_sysbios_family_arm_lm4_Timer_enableCC3200(int0_t)
 .text.xdc_runtime_Core_createObject__I
                0x20007b90       0xc8 C:/ti/energia_cc3220emt_5.6.2/system/kernel/tirtos/packages\gnu/targets/arm/rtsv7M/lib/gnu.targets.arm.rtsv7M.am4g(Core-mem.om4g)
                0x20007b90                xdc_runtime_Core_createObject(int0_t)
 .text.xdc_runtime_Core_deleteObject__I
                0x20007c58       0x70 C:/ti/energia_cc3220emt_5.6.2/system/kernel/tirtos/packages\gnu/targets/arm/rtsv7M/lib/gnu.targets.arm.rtsv7M.am4g(Core-mem.om4g)
                0x20007c58                xdc_runtime_Core_deleteObject(int0_t)
 .text.xdc_runtime_Core_constructObject__I
                0x20007cc8       0xac C:/ti/energia_cc3220emt_5.6.2/system/kernel/tirtos/packages\gnu/targets/arm/rtsv7M/lib/gnu.targets.arm.rtsv7M.am4g(Core-smem.om4g)
                0x20007cc8                xdc_runtime_Core_constructObject(int0_t)
 .text.xdc_runtime_Core_assignLabel__I
                0x20007d74       0x3c C:/ti/energia_cc3220emt_5.6.2/system/kernel/tirtos/packages\gnu/targets/arm/rtsv7M/lib/gnu.targets.arm.rtsv7M.am4g(Core-label.om4g)
                0x20007d74                xdc_runtime_Core_assignLabel(int0_t)
 .text.xdc_runtime_Core_assignParams__I
                0x20007db0       0x40 C:/ti/energia_cc3220emt_5.6.2/system/kernel/tirtos/packages\gnu/targets/arm/rtsv7M/lib/gnu.targets.arm.rtsv7M.am4g(Core-params.om4g)
                0x20007db0                xdc_runtime_Core_assignParams(int0_t)
 .text.xdc_runtime_Error_init__E
                0x20007df0       0x18 C:/ti/energia_cc3220emt_5.6.2/system/kernel/tirtos/packages\gnu/targets/arm/rtsv7M/lib/gnu.targets.arm.rtsv7M.am4g(Error.om4g)
                0x20007df0                xdc_runtime_Error_init__E
 .text.xdc_runtime_Error_check__E
                0x20007e08       0x20 C:/ti/energia_cc3220emt_5.6.2/system/kernel/tirtos/packages\gnu/targets/arm/rtsv7M/lib/gnu.targets.arm.rtsv7M.am4g(Error.om4g)
                0x20007e08                xdc_runtime_Error_check__E
 .text.xdc_runtime_Error_raiseX__E
                0x20007e28       0x10 C:/ti/energia_cc3220emt_5.6.2/system/kernel/tirtos/packages\gnu/targets/arm/rtsv7M/lib/gnu.targets.arm.rtsv7M.am4g(Error.om4g)
                0x20007e28                xdc_runtime_Error_raiseX__E
 .text.xdc_runtime_Error_policySpin__E
                0x20007e38        0x4 C:/ti/energia_cc3220emt_5.6.2/system/kernel/tirtos/packages\gnu/targets/arm/rtsv7M/lib/gnu.targets.arm.rtsv7M.am4g(Error.om4g)
                0x20007e38                xdc_runtime_Error_policySpin__E
 .text.xdc_runtime_Gate_enterSystem__E
                0x20007e3c        0xc C:/ti/energia_cc3220emt_5.6.2/system/kernel/tirtos/packages\gnu/targets/arm/rtsv7M/lib/gnu.targets.arm.rtsv7M.am4g(Gate.om4g)
                0x20007e3c                xdc_runtime_Gate_enterSystem__E
 .text.xdc_runtime_Gate_leaveSystem__E
                0x20007e48       0x10 C:/ti/energia_cc3220emt_5.6.2/system/kernel/tirtos/packages\gnu/targets/arm/rtsv7M/lib/gnu.targets.arm.rtsv7M.am4g(Gate.om4g)
                0x20007e48                xdc_runtime_Gate_leaveSystem__E
 .text.xdc_runtime_Memory_alloc__E
                0x20007e58       0x80 C:/ti/energia_cc3220emt_5.6.2/system/kernel/tirtos/packages\gnu/targets/arm/rtsv7M/lib/gnu.targets.arm.rtsv7M.am4g(Memory.om4g)
                0x20007e58                xdc_runtime_Memory_alloc__E
 .text.xdc_runtime_Memory_free__E
                0x20007ed8       0x14 C:/ti/energia_cc3220emt_5.6.2/system/kernel/tirtos/packages\gnu/targets/arm/rtsv7M/lib/gnu.targets.arm.rtsv7M.am4g(Memory.om4g)
                0x20007ed8                xdc_runtime_Memory_free__E
 .text.xdc_runtime_Memory_valloc__E
                0x20007eec       0x1c C:/ti/energia_cc3220emt_5.6.2/system/kernel/tirtos/packages\gnu/targets/arm/rtsv7M/lib/gnu.targets.arm.rtsv7M.am4g(Memory.om4g)
                0x20007eec                xdc_runtime_Memory_valloc__E
 .text.xdc_runtime_Memory_calloc__E
                0x20007f08       0x14 C:/ti/energia_cc3220emt_5.6.2/system/kernel/tirtos/packages\gnu/targets/arm/rtsv7M/lib/gnu.targets.arm.rtsv7M.am4g(Memory.om4g)
                0x20007f08                xdc_runtime_Memory_calloc__E
 .text.xdc_runtime_Startup_exec__E
                0x20007f1c       0x5c C:/ti/energia_cc3220emt_5.6.2/system/kernel/tirtos/packages\gnu/targets/arm/rtsv7M/lib/gnu.targets.arm.rtsv7M.am4g(Startup.om4g)
                0x20007f1c                xdc_runtime_Startup_exec__E
 .text.xdc_runtime_Startup_rtsDone__E
                0x20007f78        0xc C:/ti/energia_cc3220emt_5.6.2/system/kernel/tirtos/packages\gnu/targets/arm/rtsv7M/lib/gnu.targets.arm.rtsv7M.am4g(Startup.om4g)
                0x20007f78                xdc_runtime_Startup_rtsDone__E
 .text.xdc_runtime_Startup_startMods__I
                0x20007f84       0xec C:/ti/energia_cc3220emt_5.6.2/system/kernel/tirtos/packages\gnu/targets/arm/rtsv7M/lib/gnu.targets.arm.rtsv7M.am4g(Startup.om4g)
                0x20007f84                xdc_runtime_Startup_startMods(int0_t)
 .text.xdc_runtime_System_Module_startup__E
                0x20008070        0x8 C:/ti/energia_cc3220emt_5.6.2/system/kernel/tirtos/packages\gnu/targets/arm/rtsv7M/lib/gnu.targets.arm.rtsv7M.am4g(System.om4g)
                0x20008070                xdc_runtime_System_Module_startup__E
 .text.xdc_runtime_System_abort__E
                0x20008078       0x1c C:/ti/energia_cc3220emt_5.6.2/system/kernel/tirtos/packages\gnu/targets/arm/rtsv7M/lib/gnu.targets.arm.rtsv7M.am4g(System.om4g)
                0x20008078                xdc_runtime_System_abort__E
 .text.xdc_runtime_System_atexit__E
                0x20008094       0x3c C:/ti/energia_cc3220emt_5.6.2/system/kernel/tirtos/packages\gnu/targets/arm/rtsv7M/lib/gnu.targets.arm.rtsv7M.am4g(System.om4g)
                0x20008094                xdc_runtime_System_atexit__E
 .text.xdc_runtime_System_abortSpin__E
                0x200080d0        0x4 C:/ti/energia_cc3220emt_5.6.2/system/kernel/tirtos/packages\gnu/targets/arm/rtsv7M/lib/gnu.targets.arm.rtsv7M.am4g(System.om4g)
                0x200080d0                xdc_runtime_System_abortSpin__E
 .text.xdc_runtime_System_exitSpin__E
                0x200080d4        0x4 C:/ti/energia_cc3220emt_5.6.2/system/kernel/tirtos/packages\gnu/targets/arm/rtsv7M/lib/gnu.targets.arm.rtsv7M.am4g(System.om4g)
                0x200080d4                xdc_runtime_System_exitSpin__E
 .text.xdc_runtime_System_processAtExit__E
                0x200080d8       0x38 C:/ti/energia_cc3220emt_5.6.2/system/kernel/tirtos/packages\gnu/targets/arm/rtsv7M/lib/gnu.targets.arm.rtsv7M.am4g(System.om4g)
                0x200080d8                xdc_runtime_System_processAtExit__E
 .text.xdc_runtime_System_exit__E
                0x20008110       0x18 C:/ti/energia_cc3220emt_5.6.2/system/kernel/tirtos/packages\gnu/targets/arm/rtsv7M/lib/gnu.targets.arm.rtsv7M.am4g(System.om4g)
                0x20008110                xdc_runtime_System_exit__E
 .text.xdc_runtime_System_flush__E
                0x20008128        0x4 C:/ti/energia_cc3220emt_5.6.2/system/kernel/tirtos/packages\gnu/targets/arm/rtsv7M/lib/gnu.targets.arm.rtsv7M.am4g(System.om4g)
                0x20008128                xdc_runtime_System_flush__E
 .text.xdc_runtime_SysCallback_abort__E
                0x2000812c        0xc C:/ti/energia_cc3220emt_5.6.2/system/kernel/tirtos/packages\gnu/targets/arm/rtsv7M/lib/gnu.targets.arm.rtsv7M.am4g(SysCallback.om4g)
                0x2000812c                xdc_runtime_SysCallback_abort__E
 .text.xdc_runtime_SysCallback_exit__E
                0x20008138        0xc C:/ti/energia_cc3220emt_5.6.2/system/kernel/tirtos/packages\gnu/targets/arm/rtsv7M/lib/gnu.targets.arm.rtsv7M.am4g(SysCallback.om4g)
                0x20008138                xdc_runtime_SysCallback_exit__E
 .text.xdc_runtime_SysCallback_flush__E
                0x20008144        0xc C:/ti/energia_cc3220emt_5.6.2/system/kernel/tirtos/packages\gnu/targets/arm/rtsv7M/lib/gnu.targets.arm.rtsv7M.am4g(SysCallback.om4g)
                0x20008144                xdc_runtime_SysCallback_flush__E
 .text.xdc_runtime_SysCallback_defaultFlush
                0x20008150        0x4 C:/ti/energia_cc3220emt_5.6.2/system/kernel/tirtos/packages\gnu/targets/arm/rtsv7M/lib/gnu.targets.arm.rtsv7M.am4g(SysCallback.om4g)
                0x20008150                xdc_runtime_SysCallback_defaultFlush
 .text.xdc_runtime_SysCallback_defaultAbort
                0x20008154        0x4 C:/ti/energia_cc3220emt_5.6.2/system/kernel/tirtos/packages\gnu/targets/arm/rtsv7M/lib/gnu.targets.arm.rtsv7M.am4g(SysCallback.om4g)
                0x20008154                xdc_runtime_SysCallback_defaultAbort
 .text.xdc_runtime_SysCallback_defaultExit
                0x20008158        0x4 C:/ti/energia_cc3220emt_5.6.2/system/kernel/tirtos/packages\gnu/targets/arm/rtsv7M/lib/gnu.targets.arm.rtsv7M.am4g(SysCallback.om4g)
                0x20008158                xdc_runtime_SysCallback_defaultExit
 .text.xdc_runtime_Text_cordText__E
                0x2000815c       0x2c C:/ti/energia_cc3220emt_5.6.2/system/kernel/tirtos/packages\gnu/targets/arm/rtsv7M/lib/gnu.targets.arm.rtsv7M.am4g(Text.om4g)
                0x2000815c                xdc_runtime_Text_cordText__E
 .text.xdc_runtime_Text_ropeText__E
                0x20008188       0x14 C:/ti/energia_cc3220emt_5.6.2/system/kernel/tirtos/packages\gnu/targets/arm/rtsv7M/lib/gnu.targets.arm.rtsv7M.am4g(Text.om4g)
                0x20008188                xdc_runtime_Text_ropeText__E
 .text.xdc_runtime_Timestamp_get32__E
                0x2000819c        0x4 C:/ti/energia_cc3220emt_5.6.2/system/kernel/tirtos/packages\gnu/targets/arm/rtsv7M/lib/gnu.targets.arm.rtsv7M.am4g(Timestamp.om4g)
                0x2000819c                xdc_runtime_Timestamp_get32__E
 .text.xdc_runtime_Timestamp_getFreq__E
                0x200081a0        0x4 C:/ti/energia_cc3220emt_5.6.2/system/kernel/tirtos/packages\gnu/targets/arm/rtsv7M/lib/gnu.targets.arm.rtsv7M.am4g(Timestamp.om4g)
                0x200081a0                xdc_runtime_Timestamp_getFreq__E
 .text.xdc_runtime_Assert_raise__I
                0x200081a4       0x50 C:/ti/energia_cc3220emt_5.6.2/system/kernel/tirtos/packages\gnu/targets/arm/rtsv7M/lib/gnu.targets.arm.rtsv7M.am4g(Assert.om4g)
                0x200081a4                xdc_runtime_Assert_raise(int0_t)
 .text.startupC
                0x200081f4       0x9c C:/ti/energia_cc3220emt_5.6.2/system/kernel/tirtos/packages\gnu/targets/arm/rtsv7M/lib/boot.am4g(startup.om4g)
                0x200081f4                startupC
 .text._fini    0x20008290        0x4 C:/ti/energia_cc3220emt_5.6.2/system/kernel/tirtos/packages\gnu/targets/arm/rtsv7M/lib/boot.am4g(startup.om4g)
                0x20008290                _fini
 .text._exit    0x20008294        0x4 C:/ti/energia_cc3220emt_5.6.2/system/kernel/tirtos/packages\gnu/targets/arm/rtsv7M/lib/syscalls.am4g(syscalls.om4g)
                0x20008294                C$$EXIT
                0x20008294                _exit
 .text.__tcf_0  0x20008298       0x1c C:/Users/Liam/ti/cc3220emt_CC3220SF-LAUNCHXL_WiFiMKII/Debug\libcc3220emt_CC3220SF-LAUNCHXL_WiFiMKII.a(WiFi.o)
 .text._ZN9WiFiClassC2Ev
                0x200082b4       0x38 C:/Users/Liam/ti/cc3220emt_CC3220SF-LAUNCHXL_WiFiMKII/Debug\libcc3220emt_CC3220SF-LAUNCHXL_WiFiMKII.a(WiFi.o)
                0x200082b4                WiFiClass::WiFiClass()
                0x200082b4                WiFiClass::WiFiClass()
 .text._ZN9WiFiClass4initEv
                0x200082ec       0x90 C:/Users/Liam/ti/cc3220emt_CC3220SF-LAUNCHXL_WiFiMKII/Debug\libcc3220emt_CC3220SF-LAUNCHXL_WiFiMKII.a(WiFi.o)
                0x200082ec                WiFiClass::init()
 .text._ZN9WiFiClass9getSocketEv
                0x2000837c       0x24 C:/Users/Liam/ti/cc3220emt_CC3220SF-LAUNCHXL_WiFiMKII/Debug\libcc3220emt_CC3220SF-LAUNCHXL_WiFiMKII.a(WiFi.o)
                0x2000837c                WiFiClass::getSocket()
 .text._ZN9WiFiClass12beginNetworkEPcS0_
                0x200083a0       0xa8 C:/Users/Liam/ti/cc3220emt_CC3220SF-LAUNCHXL_WiFiMKII/Debug\libcc3220emt_CC3220SF-LAUNCHXL_WiFiMKII.a(WiFi.o)
                0x200083a0                WiFiClass::beginNetwork(char*, char*)
 .text._ZN9WiFiClass10hostByNameEPcR9IPAddress
                0x20008448       0x44 C:/Users/Liam/ti/cc3220emt_CC3220SF-LAUNCHXL_WiFiMKII/Debug\libcc3220emt_CC3220SF-LAUNCHXL_WiFiMKII.a(WiFi.o)
                0x20008448                WiFiClass::hostByName(char*, IPAddress&)
 .text._ZN9WiFiClass20_registerNewDeviceIPEPhS0_
                0x2000848c       0x80 C:/Users/Liam/ti/cc3220emt_CC3220SF-LAUNCHXL_WiFiMKII/Debug\libcc3220emt_CC3220SF-LAUNCHXL_WiFiMKII.a(WiFi.o)
                0x2000848c                WiFiClass::_registerNewDeviceIP(unsigned char*, unsigned char*)
 .text._ZN9WiFiClass17_unregisterDeviceEPh
                0x2000850c       0x3c C:/Users/Liam/ti/cc3220emt_CC3220SF-LAUNCHXL_WiFiMKII/Debug\libcc3220emt_CC3220SF-LAUNCHXL_WiFiMKII.a(WiFi.o)
                0x2000850c                WiFiClass::_unregisterDevice(unsigned char*)
 .text.startup._GLOBAL__sub_I__ZN9WiFiClass11WiFi_statusE
                0x20008548       0x44 C:/Users/Liam/ti/cc3220emt_CC3220SF-LAUNCHXL_WiFiMKII/Debug\libcc3220emt_CC3220SF-LAUNCHXL_WiFiMKII.a(WiFi.o)
 .text._ZN10WiFiClient5writeEh
                0x2000858c       0x22 C:/Users/Liam/ti/cc3220emt_CC3220SF-LAUNCHXL_WiFiMKII/Debug\libcc3220emt_CC3220SF-LAUNCHXL_WiFiMKII.a(WiFiClient.o)
                0x2000858c                WiFiClient::write(unsigned char)
 .text._ZN10WiFiClient4readEv
                0x200085ae       0x22 C:/Users/Liam/ti/cc3220emt_CC3220SF-LAUNCHXL_WiFiMKII/Debug\libcc3220emt_CC3220SF-LAUNCHXL_WiFiMKII.a(WiFiClient.o)
                0x200085ae                WiFiClient::read()
 .text._ZN10WiFiClient4peekEv
                0x200085d0       0x16 C:/Users/Liam/ti/cc3220emt_CC3220SF-LAUNCHXL_WiFiMKII/Debug\libcc3220emt_CC3220SF-LAUNCHXL_WiFiMKII.a(WiFiClient.o)
                0x200085d0                WiFiClient::peek()
 .text._ZN10WiFiClientcvbEv
                0x200085e6        0xa C:/Users/Liam/ti/cc3220emt_CC3220SF-LAUNCHXL_WiFiMKII/Debug\libcc3220emt_CC3220SF-LAUNCHXL_WiFiMKII.a(WiFiClient.o)
                0x200085e6                WiFiClient::operator bool()
 .text._ZN10WiFiClient7connectEPKct
                0x200085f0       0x44 C:/Users/Liam/ti/cc3220emt_CC3220SF-LAUNCHXL_WiFiMKII/Debug\libcc3220emt_CC3220SF-LAUNCHXL_WiFiMKII.a(WiFiClient.o)
                0x200085f0                WiFiClient::connect(char const*, unsigned short)
 .text._ZN10WiFiClient10sslConnectEPKct
                0x20008634       0x44 C:/Users/Liam/ti/cc3220emt_CC3220SF-LAUNCHXL_WiFiMKII/Debug\libcc3220emt_CC3220SF-LAUNCHXL_WiFiMKII.a(WiFiClient.o)
                0x20008634                WiFiClient::sslConnect(char const*, unsigned short)
 .text._ZN10WiFiClient5flushEv
                0x20008678       0x1a C:/Users/Liam/ti/cc3220emt_CC3220SF-LAUNCHXL_WiFiMKII/Debug\libcc3220emt_CC3220SF-LAUNCHXL_WiFiMKII.a(WiFiClient.o)
                0x20008678                WiFiClient::flush()
 *fill*         0x20008692        0x2 
 .text._ZN10WiFiClient9availableEv
                0x20008694       0xc0 C:/Users/Liam/ti/cc3220emt_CC3220SF-LAUNCHXL_WiFiMKII/Debug\libcc3220emt_CC3220SF-LAUNCHXL_WiFiMKII.a(WiFiClient.o)
                0x20008694                WiFiClient::available()
 .text._ZN10WiFiClient4readEPhj
                0x20008754       0x3c C:/Users/Liam/ti/cc3220emt_CC3220SF-LAUNCHXL_WiFiMKII/Debug\libcc3220emt_CC3220SF-LAUNCHXL_WiFiMKII.a(WiFiClient.o)
                0x20008754                WiFiClient::read(unsigned char*, unsigned int)
 .text._ZN10WiFiClient4stopEv
                0x20008790       0x40 C:/Users/Liam/ti/cc3220emt_CC3220SF-LAUNCHXL_WiFiMKII/Debug\libcc3220emt_CC3220SF-LAUNCHXL_WiFiMKII.a(WiFiClient.o)
                0x20008790                WiFiClient::stop()
 .text._ZN10WiFiClient5writeEPKhj
                0x200087d0       0x50 C:/Users/Liam/ti/cc3220emt_CC3220SF-LAUNCHXL_WiFiMKII/Debug\libcc3220emt_CC3220SF-LAUNCHXL_WiFiMKII.a(WiFiClient.o)
                0x200087d0                WiFiClient::write(unsigned char const*, unsigned int)
 .text._ZN10WiFiClient7connectE9IPAddresst
                0x20008820       0xbc C:/Users/Liam/ti/cc3220emt_CC3220SF-LAUNCHXL_WiFiMKII/Debug\libcc3220emt_CC3220SF-LAUNCHXL_WiFiMKII.a(WiFiClient.o)
                0x20008820                WiFiClient::connect(IPAddress, unsigned short)
 .text._ZN10WiFiClient10sslConnectE9IPAddresst
                0x200088dc      0x108 C:/Users/Liam/ti/cc3220emt_CC3220SF-LAUNCHXL_WiFiMKII/Debug\libcc3220emt_CC3220SF-LAUNCHXL_WiFiMKII.a(WiFiClient.o)
                0x200088dc                WiFiClient::sslConnect(IPAddress, unsigned short)
 .text._ZN10WiFiClientC2Ev
                0x200089e4       0x2c C:/Users/Liam/ti/cc3220emt_CC3220SF-LAUNCHXL_WiFiMKII/Debug\libcc3220emt_CC3220SF-LAUNCHXL_WiFiMKII.a(WiFiClient.o)
                0x200089e4                WiFiClient::WiFiClient()
                0x200089e4                WiFiClient::WiFiClient()
 .text._ZN10WiFiClientD2Ev
                0x20008a10       0x2c C:/Users/Liam/ti/cc3220emt_CC3220SF-LAUNCHXL_WiFiMKII/Debug\libcc3220emt_CC3220SF-LAUNCHXL_WiFiMKII.a(WiFiClient.o)
                0x20008a10                WiFiClient::~WiFiClient()
                0x20008a10                WiFiClient::~WiFiClient()
 .text._ZN10WiFiClient6statusEv
                0x20008a3c       0x14 C:/Users/Liam/ti/cc3220emt_CC3220SF-LAUNCHXL_WiFiMKII/Debug\libcc3220emt_CC3220SF-LAUNCHXL_WiFiMKII.a(WiFiClient.o)
                0x20008a3c                WiFiClient::status()
 .text._ZN10WiFiClient9connectedEv
                0x20008a50        0xe C:/Users/Liam/ti/cc3220emt_CC3220SF-LAUNCHXL_WiFiMKII/Debug\libcc3220emt_CC3220SF-LAUNCHXL_WiFiMKII.a(WiFiClient.o)
                0x20008a50                WiFiClient::connected()
 .text.delay    0x20008a5e        0xa C:/Users/Liam/ti/cc3220emt_CC3220SF-LAUNCHXL_core/Debug\libcc3220emt_CC3220SF-LAUNCHXL_core.a(wiring.o)
                0x20008a5e                delay
 .text.dmaErrorFxn
                0x20008a68        0xc C:/Users/Liam/ti/cc3220emt_CC3220SF-LAUNCHXL_core/Debug\libcc3220emt_CC3220SF-LAUNCHXL_core.a(Board_init.o)
 .text.Board_init
                0x20008a74       0x12 C:/Users/Liam/ti/cc3220emt_CC3220SF-LAUNCHXL_core/Debug\libcc3220emt_CC3220SF-LAUNCHXL_core.a(Board_init.o)
                0x20008a74                Board_init
 .text._ZN14HardwareSerial5flushEv
                0x20008a86        0xe C:/Users/Liam/ti/cc3220emt_CC3220SF-LAUNCHXL_core/Debug\libcc3220emt_CC3220SF-LAUNCHXL_core.a(HardwareSerial.o)
                0x20008a86                HardwareSerial::flush()
 .text._ZN14HardwareSerial5writeEh
                0x20008a94       0x16 C:/Users/Liam/ti/cc3220emt_CC3220SF-LAUNCHXL_core/Debug\libcc3220emt_CC3220SF-LAUNCHXL_core.a(HardwareSerial.o)
                0x20008a94                HardwareSerial::write(unsigned char)
 .text._ZN14HardwareSerial4peekEv
                0x20008aaa       0x3a C:/Users/Liam/ti/cc3220emt_CC3220SF-LAUNCHXL_core/Debug\libcc3220emt_CC3220SF-LAUNCHXL_core.a(HardwareSerial.o)
                0x20008aaa                HardwareSerial::peek()
 .text._ZN14HardwareSerial9availableEv
                0x20008ae4       0x48 C:/Users/Liam/ti/cc3220emt_CC3220SF-LAUNCHXL_core/Debug\libcc3220emt_CC3220SF-LAUNCHXL_core.a(HardwareSerial.o)
                0x20008ae4                HardwareSerial::available()
 .text._ZN14HardwareSerial4readEv
                0x20008b2c       0x58 C:/Users/Liam/ti/cc3220emt_CC3220SF-LAUNCHXL_core/Debug\libcc3220emt_CC3220SF-LAUNCHXL_core.a(HardwareSerial.o)
                0x20008b2c                HardwareSerial::read()
 .text._ZN14HardwareSerialC2EmPFvP12UART_Config_PvjES4_
                0x20008b84       0x28 C:/Users/Liam/ti/cc3220emt_CC3220SF-LAUNCHXL_core/Debug\libcc3220emt_CC3220SF-LAUNCHXL_core.a(HardwareSerial.o)
                0x20008b84                HardwareSerial::HardwareSerial(unsigned long, void (*)(UART_Config_*, void*, unsigned int), void (*)(UART_Config_*, void*, unsigned int))
                0x20008b84                HardwareSerial::HardwareSerial(unsigned long, void (*)(UART_Config_*, void*, unsigned int), void (*)(UART_Config_*, void*, unsigned int))
 .text._ZN14HardwareSerial5beginEm
                0x20008bac       0xa6 C:/Users/Liam/ti/cc3220emt_CC3220SF-LAUNCHXL_core/Debug\libcc3220emt_CC3220SF-LAUNCHXL_core.a(HardwareSerial.o)
                0x20008bac                HardwareSerial::begin(unsigned long)
 .text._ZN14HardwareSerial7primeTxEv
                0x20008c52       0x58 C:/Users/Liam/ti/cc3220emt_CC3220SF-LAUNCHXL_core/Debug\libcc3220emt_CC3220SF-LAUNCHXL_core.a(HardwareSerial.o)
                0x20008c52                HardwareSerial::primeTx()
 .text._ZN14HardwareSerial5writeEPKhj
                0x20008caa       0xb0 C:/Users/Liam/ti/cc3220emt_CC3220SF-LAUNCHXL_core/Debug\libcc3220emt_CC3220SF-LAUNCHXL_core.a(HardwareSerial.o)
                0x20008caa                HardwareSerial::write(unsigned char const*, unsigned int)
 .text._ZN14HardwareSerial12readCallbackEP12UART_Config_Pvj
                0x20008d5a       0x58 C:/Users/Liam/ti/cc3220emt_CC3220SF-LAUNCHXL_core/Debug\libcc3220emt_CC3220SF-LAUNCHXL_core.a(HardwareSerial.o)
                0x20008d5a                HardwareSerial::readCallback(UART_Config_*, void*, unsigned int)
 .text._ZN14HardwareSerial13writeCallbackEP12UART_Config_Pvj
                0x20008db2       0x6c C:/Users/Liam/ti/cc3220emt_CC3220SF-LAUNCHXL_core/Debug\libcc3220emt_CC3220SF-LAUNCHXL_core.a(HardwareSerial.o)
                0x20008db2                HardwareSerial::writeCallback(UART_Config_*, void*, unsigned int)
 .text._ZNK9IPAddress7printToER5Print
                0x20008e1e       0x3e C:/Users/Liam/ti/cc3220emt_CC3220SF-LAUNCHXL_core/Debug\libcc3220emt_CC3220SF-LAUNCHXL_core.a(IPAddress.o)
                0x20008e1e                IPAddress::printTo(Print&) const
 .text._ZN9IPAddressC2Ev
                0x20008e5c       0x10 C:/Users/Liam/ti/cc3220emt_CC3220SF-LAUNCHXL_core/Debug\libcc3220emt_CC3220SF-LAUNCHXL_core.a(IPAddress.o)
                0x20008e5c                IPAddress::IPAddress()
                0x20008e5c                IPAddress::IPAddress()
 .text._ZN9IPAddressC2Ehhhh
                0x20008e6c       0x18 C:/Users/Liam/ti/cc3220emt_CC3220SF-LAUNCHXL_core/Debug\libcc3220emt_CC3220SF-LAUNCHXL_core.a(IPAddress.o)
                0x20008e6c                IPAddress::IPAddress(unsigned char, unsigned char, unsigned char, unsigned char)
                0x20008e6c                IPAddress::IPAddress(unsigned char, unsigned char, unsigned char, unsigned char)
 .text._ZN9IPAddressaSEm
                0x20008e84        0x4 C:/Users/Liam/ti/cc3220emt_CC3220SF-LAUNCHXL_core/Debug\libcc3220emt_CC3220SF-LAUNCHXL_core.a(IPAddress.o)
                0x20008e84                IPAddress::operator=(unsigned long)
 .text.startup._GLOBAL__sub_I_INADDR_NONE
                0x20008e88       0x1c C:/Users/Liam/ti/cc3220emt_CC3220SF-LAUNCHXL_core/Debug\libcc3220emt_CC3220SF-LAUNCHXL_core.a(IPAddress.o)
 .text._ZNK10MACAddress7printToER5Print
                0x20008ea4       0x60 C:/Users/Liam/ti/cc3220emt_CC3220SF-LAUNCHXL_core/Debug\libcc3220emt_CC3220SF-LAUNCHXL_core.a(MACAddress.o)
                0x20008ea4                MACAddress::printTo(Print&) const
 .text.startup._GLOBAL__sub_I_MACADDR_NONE
                0x20008f04       0x20 C:/Users/Liam/ti/cc3220emt_CC3220SF-LAUNCHXL_core/Debug\libcc3220emt_CC3220SF-LAUNCHXL_core.a(MACAddress.o)
 .text._ZN5Print5writeEPKc
                0x20008f24       0x1c C:/Users/Liam/ti/cc3220emt_CC3220SF-LAUNCHXL_core/Debug\libcc3220emt_CC3220SF-LAUNCHXL_core.a(Print.o)
                0x20008f24                Print::write(char const*)
 .text._ZN5Print5printEPKc
                0x20008f40        0x8 C:/Users/Liam/ti/cc3220emt_CC3220SF-LAUNCHXL_core/Debug\libcc3220emt_CC3220SF-LAUNCHXL_core.a(Print.o)
                0x20008f40                Print::print(char const*)
 .text._ZN5Print5printEc
                0x20008f48        0x6 C:/Users/Liam/ti/cc3220emt_CC3220SF-LAUNCHXL_core/Debug\libcc3220emt_CC3220SF-LAUNCHXL_core.a(Print.o)
                0x20008f48                Print::print(char)
 .text._ZN5Print7printlnEv
                0x20008f4e       0x18 C:/Users/Liam/ti/cc3220emt_CC3220SF-LAUNCHXL_core/Debug\libcc3220emt_CC3220SF-LAUNCHXL_core.a(Print.o)
                0x20008f4e                Print::println()
 .text._ZN5Print7printlnEPKc
                0x20008f66       0x14 C:/Users/Liam/ti/cc3220emt_CC3220SF-LAUNCHXL_core/Debug\libcc3220emt_CC3220SF-LAUNCHXL_core.a(Print.o)
                0x20008f66                Print::println(char const*)
 .text._ZN5Print11printNumberEmh
                0x20008f7a       0x40 C:/Users/Liam/ti/cc3220emt_CC3220SF-LAUNCHXL_core/Debug\libcc3220emt_CC3220SF-LAUNCHXL_core.a(Print.o)
                0x20008f7a                Print::printNumber(unsigned long, unsigned char)
 .text._ZN5Print5printEmi
                0x20008fba       0x16 C:/Users/Liam/ti/cc3220emt_CC3220SF-LAUNCHXL_core/Debug\libcc3220emt_CC3220SF-LAUNCHXL_core.a(Print.o)
                0x20008fba                Print::print(unsigned long, int)
 .text._ZN5Print5printEhi
                0x20008fd0        0x4 C:/Users/Liam/ti/cc3220emt_CC3220SF-LAUNCHXL_core/Debug\libcc3220emt_CC3220SF-LAUNCHXL_core.a(Print.o)
                0x20008fd0                Print::print(unsigned char, int)
 .text._Z16uartReadCallbackP12UART_Config_Pvj
                0x20008fd4       0x10 C:/Users/Liam/ti/cc3220emt_CC3220SF-LAUNCHXL_core/Debug\libcc3220emt_CC3220SF-LAUNCHXL_core.a(SerialObjects.o)
                0x20008fd4                uartReadCallback(UART_Config_*, void*, unsigned int)
 .text._Z17uartReadCallback1P12UART_Config_Pvj
                0x20008fe4       0x10 C:/Users/Liam/ti/cc3220emt_CC3220SF-LAUNCHXL_core/Debug\libcc3220emt_CC3220SF-LAUNCHXL_core.a(SerialObjects.o)
                0x20008fe4                uartReadCallback1(UART_Config_*, void*, unsigned int)
 .text._Z17uartWriteCallbackP12UART_Config_Pvj
                0x20008ff4       0x10 C:/Users/Liam/ti/cc3220emt_CC3220SF-LAUNCHXL_core/Debug\libcc3220emt_CC3220SF-LAUNCHXL_core.a(SerialObjects.o)
                0x20008ff4                uartWriteCallback(UART_Config_*, void*, unsigned int)
 .text._Z18uartWriteCallback1P12UART_Config_Pvj
                0x20009004       0x10 C:/Users/Liam/ti/cc3220emt_CC3220SF-LAUNCHXL_core/Debug\libcc3220emt_CC3220SF-LAUNCHXL_core.a(SerialObjects.o)
                0x20009004                uartWriteCallback1(UART_Config_*, void*, unsigned int)
 .text.startup._GLOBAL__sub_I__Z16uartReadCallbackP12UART_Config_Pvj
                0x20009014       0x38 C:/Users/Liam/ti/cc3220emt_CC3220SF-LAUNCHXL_core/Debug\libcc3220emt_CC3220SF-LAUNCHXL_core.a(SerialObjects.o)
 .text._SlDeviceGetStartResponseConvert
                0x2000904c       0x24 C:/ti/energia_cc3220emt_5.6.2/system/source/ti/drivers/net/wifi/gcc/rtos/simplelink.a(device.obj)
 .text.sl_Task  0x20009070       0x16 C:/ti/energia_cc3220emt_5.6.2/system/source/ti/drivers/net/wifi/gcc/rtos/simplelink.a(device.obj)
                0x20009070                sl_Task
 *fill*         0x20009086        0x2 
 .text.sl_Start
                0x20009088      0x150 C:/ti/energia_cc3220emt_5.6.2/system/source/ti/drivers/net/wifi/gcc/rtos/simplelink.a(device.obj)
                0x20009088                sl_Start
 .text._SlDeviceHandleAsync_InitComplete
                0x200091d8       0xdc C:/ti/energia_cc3220emt_5.6.2/system/source/ti/drivers/net/wifi/gcc/rtos/simplelink.a(device.obj)
                0x200091d8                _SlDeviceHandleAsync_InitComplete
 .text._SlDeviceHandleAsync_Stop
                0x200092b4       0x88 C:/ti/energia_cc3220emt_5.6.2/system/source/ti/drivers/net/wifi/gcc/rtos/simplelink.a(device.obj)
                0x200092b4                _SlDeviceHandleAsync_Stop
 .text.sl_Stop  0x2000933c      0x17c C:/ti/energia_cc3220emt_5.6.2/system/source/ti/drivers/net/wifi/gcc/rtos/simplelink.a(device.obj)
                0x2000933c                sl_Stop
 .text._SlDeviceEventHandler
                0x200094b8      0x120 C:/ti/energia_cc3220emt_5.6.2/system/source/ti/drivers/net/wifi/gcc/rtos/simplelink.a(device.obj)
                0x200094b8                _SlDeviceEventHandler
 .text._SlDeviceResetRequestInitCompletedCB
                0x200095d8       0x14 C:/ti/energia_cc3220emt_5.6.2/system/source/ti/drivers/net/wifi/gcc/rtos/simplelink.a(device.obj)
                0x200095d8                _SlDeviceResetRequestInitCompletedCB
 .text._SlDeviceHandleResetRequestInternally
                0x200095ec       0x74 C:/ti/energia_cc3220emt_5.6.2/system/source/ti/drivers/net/wifi/gcc/rtos/simplelink.a(device.obj)
                0x200095ec                _SlDeviceHandleResetRequestInternally
 .text._SlDrvProtectAsyncRespSetting
                0x20009660       0x54 C:/ti/energia_cc3220emt_5.6.2/system/source/ti/drivers/net/wifi/gcc/rtos/simplelink.a(driver.obj)
                0x20009660                _SlDrvProtectAsyncRespSetting
 .text._SlDrvDriverCBInit
                0x200096b4      0x23c C:/ti/energia_cc3220emt_5.6.2/system/source/ti/drivers/net/wifi/gcc/rtos/simplelink.a(driver.obj)
                0x200096b4                _SlDrvDriverCBInit
 .text._SlDrvDriverCBDeinit
                0x200098f0      0x174 C:/ti/energia_cc3220emt_5.6.2/system/source/ti/drivers/net/wifi/gcc/rtos/simplelink.a(driver.obj)
                0x200098f0                _SlDrvDriverCBDeinit
 .text._SlDrvRxIrqHandler
                0x20009a64       0x64 C:/ti/energia_cc3220emt_5.6.2/system/source/ti/drivers/net/wifi/gcc/rtos/simplelink.a(driver.obj)
                0x20009a64                _SlDrvRxIrqHandler
 .text._SlDrvDriverIsApiAllowed
                0x20009ac8       0xb0 C:/ti/energia_cc3220emt_5.6.2/system/source/ti/drivers/net/wifi/gcc/rtos/simplelink.a(driver.obj)
                0x20009ac8                _SlDrvDriverIsApiAllowed
 .text._SlDrvCmdOp
                0x20009b78      0x118 C:/ti/energia_cc3220emt_5.6.2/system/source/ti/drivers/net/wifi/gcc/rtos/simplelink.a(driver.obj)
                0x20009b78                _SlDrvCmdOp
 .text._SlDrvDataReadOp
                0x20009c90      0x238 C:/ti/energia_cc3220emt_5.6.2/system/source/ti/drivers/net/wifi/gcc/rtos/simplelink.a(driver.obj)
                0x20009c90                _SlDrvDataReadOp
 .text._SlDrvDataWriteOp
                0x20009ec8      0x1b0 C:/ti/energia_cc3220emt_5.6.2/system/source/ti/drivers/net/wifi/gcc/rtos/simplelink.a(driver.obj)
                0x20009ec8                _SlDrvDataWriteOp
 .text._SlDrvMsgWrite
                0x2000a078      0x3e8 C:/ti/energia_cc3220emt_5.6.2/system/source/ti/drivers/net/wifi/gcc/rtos/simplelink.a(driver.obj)
 .text._SlDrvMsgRead
                0x2000a460      0x960 C:/ti/energia_cc3220emt_5.6.2/system/source/ti/drivers/net/wifi/gcc/rtos/simplelink.a(driver.obj)
 .text._SlDrvAsyncEventGenericHandler
                0x2000adc0      0x138 C:/ti/energia_cc3220emt_5.6.2/system/source/ti/drivers/net/wifi/gcc/rtos/simplelink.a(driver.obj)
 .text._SlDrvMsgReadCmdCtx
                0x2000aef8      0x1dc C:/ti/energia_cc3220emt_5.6.2/system/source/ti/drivers/net/wifi/gcc/rtos/simplelink.a(driver.obj)
 .text._SlDrvMsgReadSpawnCtx
                0x2000b0d4      0x130 C:/ti/energia_cc3220emt_5.6.2/system/source/ti/drivers/net/wifi/gcc/rtos/simplelink.a(driver.obj)
                0x2000b0d4                _SlDrvMsgReadSpawnCtx
 .text._SlDrvClassifyRxMsg
                0x2000b204      0x110 C:/ti/energia_cc3220emt_5.6.2/system/source/ti/drivers/net/wifi/gcc/rtos/simplelink.a(driver.obj)
 .text._SlDrvRxHdrRead
                0x2000b314      0x320 C:/ti/energia_cc3220emt_5.6.2/system/source/ti/drivers/net/wifi/gcc/rtos/simplelink.a(driver.obj)
 .text._SlDrvBasicCmd
                0x2000b634       0x50 C:/ti/energia_cc3220emt_5.6.2/system/source/ti/drivers/net/wifi/gcc/rtos/simplelink.a(driver.obj)
                0x2000b634                _SlDrvBasicCmd
 .text._SlDrvCmdSend_noLock