Archive member included to satisfy reference by file (symbol)

C:/ti/energia_cc3220emt_5.6.2/system/source\ti/drivers/lib/drivers_cc32xx.am4g(PowerCC32XX.om4g)
                              C:/ti/energia_cc3220emt_5.6.2/system/energia\configPkg/package/cfg/energia_pm4g.om4g (Power_idleFunc)
C:/ti/energia_cc3220emt_5.6.2/system/source\ti/drivers/lib/drivers_cc32xx.am4g(PowerCC32XX_asm.om4g)
                              C:/ti/energia_cc3220emt_5.6.2/system/source\ti/drivers/lib/drivers_cc32xx.am4g(PowerCC32XX.om4g) (PowerCC32XX_enterLPDS)
C:/ti/energia_cc3220emt_5.6.2/system/source\ti/drivers/lib/drivers_cc32xx.am4g(List.om4g)
                              C:/ti/energia_cc3220emt_5.6.2/system/source\ti/drivers/lib/drivers_cc32xx.am4g(PowerCC32XX.om4g) (List_empty)
C:/ti/energia_cc3220emt_5.6.2/system/kernel/tirtos/packages\ti/dpl/lib/dpl_cc32xx.am4g(HwiP_tirtos.om4g)
                              C:/ti/energia_cc3220emt_5.6.2/system/source\ti/drivers/lib/drivers_cc32xx.am4g(PowerCC32XX.om4g) (HwiP_disable)
C:/ti/energia_cc3220emt_5.6.2/system/energia\src/sysbios/sysbios.am4g(m3_Hwi_asm_gnu.o)
                              C:/ti/energia_cc3220emt_5.6.2/system/energia\configPkg/package/cfg/energia_pm4g.om4g (ti_sysbios_family_arm_m3_Hwi_pendSV(int0_t))
C:/ti/energia_cc3220emt_5.6.2/system/energia\src/sysbios/sysbios.am4g(m3_Hwi_asm_switch_gnu.o)
                              C:/ti/energia_cc3220emt_5.6.2/system/energia\configPkg/package/cfg/energia_pm4g.om4g (ti_sysbios_family_arm_m3_Hwi_getTaskSP__E)
C:/ti/energia_cc3220emt_5.6.2/system/energia\src/sysbios/sysbios.am4g(m3_IntrinsicsSupport_asm_gnu.o)
                              C:/ti/energia_cc3220emt_5.6.2/system/energia\configPkg/package/cfg/energia_pm4g.om4g (ti_sysbios_family_arm_m3_IntrinsicsSupport_maxbit__E)
C:/ti/energia_cc3220emt_5.6.2/system/energia\src/sysbios/sysbios.am4g(m3_TaskSupport_asm_gnu.o)
                              C:/ti/energia_cc3220emt_5.6.2/system/energia\configPkg/package/cfg/energia_pm4g.om4g (ti_sysbios_family_arm_m3_TaskSupport_swap__E)
C:/ti/energia_cc3220emt_5.6.2/system/energia\src/sysbios/sysbios.am4g(_BIOS.o)
                              C:/ti/energia_cc3220emt_5.6.2/system/energia\configPkg/package/cfg/energia_pm4g.om4g (ti_sysbios_BIOS_linkedWithIncorrectBootLibrary__E)
C:/ti/energia_cc3220emt_5.6.2/system/energia\src/sysbios/sysbios.am4g(knl_Clock.o)
                              C:/ti/energia_cc3220emt_5.6.2/system/energia\configPkg/package/cfg/energia_pm4g.om4g (ti_sysbios_knl_Clock_Module_startup__E)
C:/ti/energia_cc3220emt_5.6.2/system/energia\src/sysbios/sysbios.am4g(knl_Idle.o)
                              C:/ti/energia_cc3220emt_5.6.2/system/energia\configPkg/package/cfg/energia_pm4g.om4g (ti_sysbios_knl_Idle_loop__E)
C:/ti/energia_cc3220emt_5.6.2/system/energia\src/sysbios/sysbios.am4g(knl_Event.o)
                              C:/ti/energia_cc3220emt_5.6.2/system/energia\configPkg/package/cfg/energia_pm4g.om4g (ti_sysbios_knl_Event_Instance_init__E)
C:/ti/energia_cc3220emt_5.6.2/system/energia\src/sysbios/sysbios.am4g(knl_Mailbox.o)
                              C:/ti/energia_cc3220emt_5.6.2/system/energia\configPkg/package/cfg/energia_pm4g.om4g (ti_sysbios_knl_Mailbox_Module_startup__E)
C:/ti/energia_cc3220emt_5.6.2/system/energia\src/sysbios/sysbios.am4g(knl_Queue.o)
                              C:/ti/energia_cc3220emt_5.6.2/system/energia\configPkg/package/cfg/energia_pm4g.om4g (ti_sysbios_knl_Queue_Instance_init__E)
C:/ti/energia_cc3220emt_5.6.2/system/energia\src/sysbios/sysbios.am4g(knl_Semaphore.o)
                              C:/ti/energia_cc3220emt_5.6.2/system/energia\configPkg/package/cfg/energia_pm4g.om4g (ti_sysbios_knl_Semaphore_Instance_init__E)
C:/ti/energia_cc3220emt_5.6.2/system/energia\src/sysbios/sysbios.am4g(knl_Swi.o)
                              C:/ti/energia_cc3220emt_5.6.2/system/energia\configPkg/package/cfg/energia_pm4g.om4g (ti_sysbios_knl_Swi_Module_startup__E)
C:/ti/energia_cc3220emt_5.6.2/system/energia\src/sysbios/sysbios.am4g(knl_Task.o)
                              C:/ti/energia_cc3220emt_5.6.2/system/energia\configPkg/package/cfg/energia_pm4g.om4g (ti_sysbios_knl_Task_Module_startup__E)
C:/ti/energia_cc3220emt_5.6.2/system/energia\src/sysbios/sysbios.am4g(hal_Hwi.o)
                              C:/ti/energia_cc3220emt_5.6.2/system/energia\configPkg/package/cfg/energia_pm4g.om4g (ti_sysbios_hal_Hwi_Module_startup__E)
C:/ti/energia_cc3220emt_5.6.2/system/energia\src/sysbios/sysbios.am4g(hal_Hwi_stack.o)
                              C:/ti/energia_cc3220emt_5.6.2/system/energia\configPkg/package/cfg/energia_pm4g.om4g (ti_sysbios_hal_Hwi_initStack)
C:/ti/energia_cc3220emt_5.6.2/system/energia\src/sysbios/sysbios.am4g(hal_Hwi_startup.o)
                              C:/ti/energia_cc3220emt_5.6.2/system/energia\configPkg/package/cfg/energia_pm4g.om4g (ti_sysbios_hal_Hwi_startup__E)
[...]
Memory Configuration

Name             Origin             Length             Attributes
FLASH            0x00000000         0x00000000         xr
SRAM0            0x20000000         0x00004000         xrw
SRAM             0x20004000         0x0003c000         xrw
*default*        0x00000000         0xffffffff

Linker script and memory map

LOAD ./Adafruit_TMP006.o
LOAD ./CreateNetwork.o
LOAD ./main.o
START GROUP
                0x00000400                __STACK_SIZE = 0x400
                0x00000400                __TI_STACK_SIZE = __STACK_SIZE
LOAD C:/ti/energia_cc3220emt_5.6.2/system/energia\configPkg/package/cfg/energia_pm4g.om4g
LOAD C:/ti/energia_cc3220emt_5.6.2/system/source\ti/drivers/lib/drivers_cc32xx.am4g
LOAD C:/ti/energia_cc3220emt_5.6.2/system/kernel/tirtos/packages\ti/dpl/lib/dpl_cc32xx.am4g
LOAD C:/ti/energia_cc3220emt_5.6.2/system/energia\src/sysbios/sysbios.am4g
LOAD C:/ti/energia_cc3220emt_5.6.2/system/source\third_party/fatfs/lib/fatfs.am4g
LOAD C:/ti/energia_cc3220emt_5.6.2/system/kernel/tirtos/packages\gnu/targets/arm/rtsv7M/lib/gnu.targets.arm.rtsv7M.am4g
LOAD C:/ti/energia_cc3220emt_5.6.2/system/kernel/tirtos/packages\gnu/targets/arm/rtsv7M/lib/boot.am4g
LOAD C:/ti/energia_cc3220emt_5.6.2/system/kernel/tirtos/packages\gnu/targets/arm/rtsv7M/lib/syscalls.am4g
                0x00000001                xdc_runtime_Startup__EXECFXN__C = 0x1
                0x00000001                xdc_runtime_Startup__RESETFXN__C = 0x1
                [!provide]                PROVIDE (_vtable_base_address, DEFINED (_vtable_base_address)?_vtable_base_address:0x20000000)

.vtable         0x20000000      0x30c
 *(.vtable)
 .vtable        0x20000000      0x30c C:/ti/energia_cc3220emt_5.6.2/system/energia\configPkg/package/cfg/energia_pm4g.om4g
                0x20000000                ti_sysbios_family_arm_m3_Hwi_ramVectors
                [!provide]                PROVIDE (_intvecs_base_address, DEFINED (_intvecs_base_address)?_intvecs_base_address:0x20004000)

.intvecs        0x20004000       0x3c
 *(.intvecs)
 .intvecs       0x20004000       0x3c C:/ti/energia_cc3220emt_5.6.2/system/energia\configPkg/package/cfg/energia_pm4g.om4g
                0x20004000                ti_sysbios_family_arm_m3_Hwi_resetVectors

.text           0x20004040     0xe8a4
 CREATE_OBJECT_SYMBOLS
 *(.text)
 .text          0x20004040       0x98 C:/ti/energia_cc3220emt_5.6.2/system/source\ti/drivers/lib/drivers_cc32xx.am4g(PowerCC32XX_asm.om4g)
                0x20004040                PowerCC32XX_enterLPDS
                0x20004084                PowerCC32XX_resumeLPDS
 .text          0x200040d8       0x30 c:/ti/energia_tool_arm-none-eabi-gcc_6.3.1-20170620/bin/../lib/gcc/arm-none-eabi/6.3.1/thumb/v7e-m\libgcc.a(_aeabi_uldivmod.o)
                0x200040d8                __aeabi_uldivmod
 .text          0x20004108      0x2dc c:/ti/energia_tool_arm-none-eabi-gcc_6.3.1-20170620/bin/../lib/gcc/arm-none-eabi/6.3.1/thumb/v7e-m\libgcc.a(_udivmoddi4.o)
                0x20004108                __udivmoddi4
 .text          0x200043e4        0x4 c:/ti/energia_tool_arm-none-eabi-gcc_6.3.1-20170620/bin/../lib/gcc/arm-none-eabi/6.3.1/thumb/v7e-m\libgcc.a(_dvmd_tls.o)
                0x200043e4                __aeabi_idiv0
                0x200043e4                __aeabi_ldiv0
 .text          0x200043e8       0x10 C:/ti/energia_cc3220emt_5.6.2/system/kernel/tirtos/packages/gnu/targets/arm/libs/install-native/arm-none-eabi/lib/thumb/v7e-m\libc_nano.a(lib_a-strlen.o)
                0x200043e8                strlen
 *(.text.*)
 .text._Z4loopv
                0x200043f8       0xd8 ./CreateNetwork.o
                0x200043f8                loop()
 .text._Z15printWifiStatusv
                0x200044d0       0x2c ./CreateNetwork.o
                0x200044d0                printWifiStatus()
 .text._Z5setupv
                0x200044fc       0x88 ./CreateNetwork.o
                0x200044fc                setup()
 .text.startup._GLOBAL__sub_I_Udp
                0x20004584       0x1c ./CreateNetwork.o
 .text._Z8the_taskjj
                0x200045a0       0x12 ./main.o
                0x200045a0                the_task(unsigned int, unsigned int)
 *fill*         0x200045b2        0x2 
 .text.startup.main
                0x200045b4       0x5c ./main.o
                0x200045b4                main
 .text.xdc_runtime_Startup_exec__I
                0x20004610       0x14 C:/ti/energia_cc3220emt_5.6.2/system/energia\configPkg/package/cfg/energia_pm4g.om4g
                0x20004610                xdc_runtime_Startup_exec(int0_t)
 .text.ti_sysbios_BIOS_startFunc__I
                0x20004624       0x30 C:/ti/energia_cc3220emt_5.6.2/system/energia\configPkg/package/cfg/energia_pm4g.om4g
                0x20004624                ti_sysbios_BIOS_startFunc(int0_t)
 .text.ti_sysbios_BIOS_atExitFunc__I
                0x20004654       0x10 C:/ti/energia_cc3220emt_5.6.2/system/energia\configPkg/package/cfg/energia_pm4g.om4g
                0x20004654                ti_sysbios_BIOS_atExitFunc(int0_t)
 .text.ti_sysbios_BIOS_exitFunc__I
                0x20004664       0x14 C:/ti/energia_cc3220emt_5.6.2/system/energia\configPkg/package/cfg/energia_pm4g.om4g
                0x20004664                ti_sysbios_BIOS_exitFunc(int0_t)
 .text.ti_sysbios_gates_GateHwi_Handle__label__S
                0x20004678       0x18 C:/ti/energia_cc3220emt_5.6.2/system/energia\configPkg/package/cfg/energia_pm4g.om4g
                0x20004678                ti_sysbios_gates_GateHwi_Handle__label(void) static
 .text.ti_sysbios_gates_GateMutex_Handle__label__S
                0x20004690       0x18 C:/ti/energia_cc3220emt_5.6.2/system/energia\configPkg/package/cfg/energia_pm4g.om4g
                0x20004690                ti_sysbios_gates_GateMutex_Handle__label(void) static
 .text.ti_sysbios_heaps_HeapMem_Handle__label__S
                0x200046a8       0x18 C:/ti/energia_cc3220emt_5.6.2/system/energia\configPkg/package/cfg/energia_pm4g.om4g
                0x200046a8                ti_sysbios_heaps_HeapMem_Handle__label(void) static
 .text.ti_sysbios_gates_GateHwi_Object__delete__S
                0x200046c0       0x24 C:/ti/energia_cc3220emt_5.6.2/system/energia\configPkg/package/cfg/energia_pm4g.om4g
                0x200046c0                ti_sysbios_gates_GateHwi_Object__delete(void) static
 .text.ti_sysbios_gates_GateMutex_Object__delete__S
                0x200046e4       0x28 C:/ti/energia_cc3220emt_5.6.2/system/energia\configPkg/package/cfg/energia_pm4g.om4g
                0x200046e4                ti_sysbios_gates_GateMutex_Object__delete(void) static
 .text.ti_sysbios_heaps_HeapMem_Object__delete__S
                0x2000470c       0x24 C:/ti/energia_cc3220emt_5.6.2/system/energia\configPkg/package/cfg/energia_pm4g.om4g
                0x2000470c                ti_sysbios_heaps_HeapMem_Object__delete(void) static
 .text.ti_sysbios_gates_GateHwi_Object__create__S
                0x20004730       0x2c C:/ti/energia_cc3220emt_5.6.2/system/energia\configPkg/package/cfg/energia_pm4g.om4g
                0x20004730                ti_sysbios_gates_GateHwi_Object__create(void) static
 .text.ti_sysbios_gates_GateMutex_Object__create__S
                0x2000475c       0x2c C:/ti/energia_cc3220emt_5.6.2/system/energia\configPkg/package/cfg/energia_pm4g.om4g
                0x2000475c                ti_sysbios_gates_GateMutex_Object__create(void) static
 .text.ti_sysbios_heaps_HeapMem_Object__create__S
                0x20004788       0x2c C:/ti/energia_cc3220emt_5.6.2/system/energia\configPkg/package/cfg/energia_pm4g.om4g
                0x20004788                ti_sysbios_heaps_HeapMem_Object__create(void) static
 .text.ti_sysbios_knl_Clock_doTick__I
                0x200047b4       0x30 C:/ti/energia_cc3220emt_5.6.2/system/energia\configPkg/package/cfg/energia_pm4g.om4g
                0x200047b4                ti_sysbios_knl_Clock_doTick(int0_t)
 .text.xdc_runtime_Startup_reset__I
                0x200047e4        0x4 C:/ti/energia_cc3220emt_5.6.2/system/energia\configPkg/package/cfg/energia_pm4g.om4g
                0x200047e4                xdc_runtime_Startup_reset(int0_t)
 .text.ti_sysbios_utils_Load_update__E
                0x200047e8        0x4 C:/ti/energia_cc3220emt_5.6.2/system/energia\configPkg/package/cfg/energia_pm4g.om4g
                0x200047e8                ti_sysbios_utils_Load_update__E
 .text.free     0x200047ec       0x18 C:/ti/energia_cc3220emt_5.6.2/system/energia\configPkg/package/cfg/energia_pm4g.om4g
                0x200047ec                free
 .text._free_r  0x20004804        0x8 C:/ti/energia_cc3220emt_5.6.2/system/energia\configPkg/package/cfg/energia_pm4g.om4g
                0x20004804                _free_r
 .text.ti_sysbios_hal_Hwi_HwiProxy_Module__startupDone__S
                0x2000480c       0x14 C:/ti/energia_cc3220emt_5.6.2/system/energia\configPkg/package/cfg/energia_pm4g.om4g
                0x2000480c                ti_sysbios_hal_Hwi_HwiProxy_Module__startupDone(void) static
 .text.ti_sysbios_hal_Hwi_HwiProxy_getStackInfo__E
                0x20004820        0x4 C:/ti/energia_cc3220emt_5.6.2/system/energia\configPkg/package/cfg/energia_pm4g.om4g
                0x20004820                ti_sysbios_hal_Hwi_HwiProxy_getStackInfo__E
 .text.ti_sysbios_hal_Hwi_HwiProxy_startup__E
                0x20004824        0x4 C:/ti/energia_cc3220emt_5.6.2/system/energia\configPkg/package/cfg/energia_pm4g.om4g
                0x20004824                ti_sysbios_hal_Hwi_HwiProxy_startup__E
 .text.ti_sysbios_hal_Hwi_HwiProxy_switchFromBootStack__E
                0x20004828        0x4 C:/ti/energia_cc3220emt_5.6.2/system/energia\configPkg/package/cfg/energia_pm4g.om4g
                0x20004828                ti_sysbios_hal_Hwi_HwiProxy_switchFromBootStack__E
 .text.ti_sysbios_heaps_HeapMem_Module_GateProxy_query__E
                0x2000482c        0x4 C:/ti/energia_cc3220emt_5.6.2/system/energia\configPkg/package/cfg/energia_pm4g.om4g
                0x2000482c                ti_sysbios_heaps_HeapMem_Module_GateProxy_query__E
 .text.ti_sysbios_heaps_HeapMem_Module_GateProxy_enter__E
                0x20004830        0x4 C:/ti/energia_cc3220emt_5.6.2/system/energia\configPkg/package/cfg/energia_pm4g.om4g
                0x20004830                ti_sysbios_heaps_HeapMem_Module_GateProxy_enter__E
 .text.ti_sysbios_heaps_HeapMem_Module_GateProxy_leave__E
                0x20004834        0x4 C:/ti/energia_cc3220emt_5.6.2/system/energia\configPkg/package/cfg/energia_pm4g.om4g
                0x20004834                ti_sysbios_heaps_HeapMem_Module_GateProxy_leave__E
 .text.ti_sysbios_knl_Clock_TimerProxy_Module__startupDone__S
                0x20004838       0x14 C:/ti/energia_cc3220emt_5.6.2/system/energia\configPkg/package/cfg/energia_pm4g.om4g
                0x20004838                ti_sysbios_knl_Clock_TimerProxy_Module__startupDone(void) static
 .text.ti_sysbios_knl_Task_SupportProxy_Module__startupDone__S
                0x2000484c        0x4 C:/ti/energia_cc3220emt_5.6.2/system/energia\configPkg/package/cfg/energia_pm4g.om4g
                0x2000484c                ti_sysbios_knl_Task_SupportProxy_Module__startupDone(void) static
 .text.ti_sysbios_knl_Task_SupportProxy_start__E
                0x20004850        0x4 C:/ti/energia_cc3220emt_5.6.2/system/energia\configPkg/package/cfg/energia_pm4g.om4g
                0x20004850                ti_sysbios_knl_Task_SupportProxy_start__E
 .text.ti_sysbios_knl_Task_SupportProxy_swap__E
                0x20004854        0x4 C:/ti/energia_cc3220emt_5.6.2/system/energia\configPkg/package/cfg/energia_pm4g.om4g
                0x20004854                ti_sysbios_knl_Task_SupportProxy_swap__E
 .text.ti_sysbios_knl_Task_SupportProxy_getStackAlignment__E
                0x20004858        0x4 C:/ti/energia_cc3220emt_5.6.2/system/energia\configPkg/package/cfg/energia_pm4g.om4g
                0x20004858                ti_sysbios_knl_Task_SupportProxy_getStackAlignment__E
 .text.xdc_runtime_Memory_HeapProxy_alloc__E
                0x2000485c        0xc C:/ti/energia_cc3220emt_5.6.2/system/energia\configPkg/package/cfg/energia_pm4g.om4g
                0x2000485c                xdc_runtime_Memory_HeapProxy_alloc__E
 .text.xdc_runtime_Memory_HeapProxy_free__E
                0x20004868        0x8 C:/ti/energia_cc3220emt_5.6.2/system/energia\configPkg/package/cfg/energia_pm4g.om4g
                0x20004868                xdc_runtime_Memory_HeapProxy_free__E
 .text.xdc_runtime_System_Module_GateProxy_enter__E
                0x20004870        0x4 C:/ti/energia_cc3220emt_5.6.2/system/energia\configPkg/package/cfg/energia_pm4g.om4g
                0x20004870                xdc_runtime_System_Module_GateProxy_enter__E
 .text.xdc_runtime_System_Module_GateProxy_leave__E
                0x20004874        0x4 C:/ti/energia_cc3220emt_5.6.2/system/energia\configPkg/package/cfg/energia_pm4g.om4g
                0x20004874                xdc_runtime_System_Module_GateProxy_leave__E
 .text.xdc_runtime_System_SupportProxy_abort__E
                0x20004878        0x4 C:/ti/energia_cc3220emt_5.6.2/system/energia\configPkg/package/cfg/energia_pm4g.om4g
                0x20004878                xdc_runtime_System_SupportProxy_abort__E
 .text.xdc_runtime_System_SupportProxy_exit__E
                0x2000487c        0x4 C:/ti/energia_cc3220emt_5.6.2/system/energia\configPkg/package/cfg/energia_pm4g.om4g
                0x2000487c                xdc_runtime_System_SupportProxy_exit__E
 .text.xdc_runtime_System_SupportProxy_flush__E
                0x20004880        0x4 C:/ti/energia_cc3220emt_5.6.2/system/energia\configPkg/package/cfg/energia_pm4g.om4g
                0x20004880                xdc_runtime_System_SupportProxy_flush__E
 .text.xdc_runtime_Timestamp_SupportProxy_get32__E
                0x20004884        0x4 C:/ti/energia_cc3220emt_5.6.2/system/energia\configPkg/package/cfg/energia_pm4g.om4g
                0x20004884                xdc_runtime_Timestamp_SupportProxy_get32__E
 .text.xdc_runtime_Timestamp_SupportProxy_getFreq__E
                0x20004888        0x4 C:/ti/energia_cc3220emt_5.6.2/system/energia\configPkg/package/cfg/energia_pm4g.om4g
                0x20004888                xdc_runtime_Timestamp_SupportProxy_getFreq__E
 .text.ti_sysbios_family_arm_lm4_Timer_Module__startupDone__S
                0x2000488c       0x14 C:/ti/energia_cc3220emt_5.6.2/system/energia\configPkg/package/cfg/energia_pm4g.om4g
                0x2000488c                ti_sysbios_family_arm_lm4_Timer_Module__startupDone(void) static
 .text.ti_sysbios_hal_Timer_TimerProxy_Module__startupDone__S
                0x200048a0        0x4 C:/ti/energia_cc3220emt_5.6.2/system/energia\configPkg/package/cfg/energia_pm4g.om4g
                0x200048a0                ti_sysbios_hal_Timer_TimerProxy_Module__startupDone(void) static
 .text.ti_sysbios_family_arm_m3_Hwi_Params__init__S
                0x200048a4       0x14 C:/ti/energia_cc3220emt_5.6.2/system/energia\configPkg/package/cfg/energia_pm4g.om4g
                0x200048a4                ti_sysbios_family_arm_m3_Hwi_Params__init(void) static
 .text.ti_sysbios_family_arm_m3_Hwi_Object__get__S
                0x200048b8       0x1c C:/ti/energia_cc3220emt_5.6.2/system/energia\configPkg/package/cfg/energia_pm4g.om4g
                0x200048b8                ti_sysbios_family_arm_m3_Hwi_Object__get(void) static
 .text.ti_sysbios_family_arm_m3_Hwi_create
                0x200048d4       0x54 C:/ti/energia_cc3220emt_5.6.2/system/energia\configPkg/package/cfg/energia_pm4g.om4g
                0x200048d4                ti_sysbios_family_arm_m3_Hwi_create
 .text.ti_sysbios_family_arm_m3_Hwi_delete
                0x20004928       0x24 C:/ti/energia_cc3220emt_5.6.2/system/energia\configPkg/package/cfg/energia_pm4g.om4g
                0x20004928                ti_sysbios_family_arm_m3_Hwi_delete
 .text.ti_sysbios_gates_GateMutex_create
                0x2000494c       0x2c C:/ti/energia_cc3220emt_5.6.2/system/energia\configPkg/package/cfg/energia_pm4g.om4g
                0x2000494c                ti_sysbios_gates_GateMutex_create
 .text.ti_sysbios_gates_GateMutex_construct
                0x20004978       0x28 C:/ti/energia_cc3220emt_5.6.2/system/energia\configPkg/package/cfg/energia_pm4g.om4g
                0x20004978                ti_sysbios_gates_GateMutex_construct
 .text.ti_sysbios_gates_GateMutex_delete
                0x200049a0       0x28 C:/ti/energia_cc3220emt_5.6.2/system/energia\configPkg/package/cfg/energia_pm4g.om4g
                0x200049a0                ti_sysbios_gates_GateMutex_delete
 .text.ti_sysbios_heaps_HeapMem_Object__get__S
                0x200049c8       0x1c C:/ti/energia_cc3220emt_5.6.2/system/energia\configPkg/package/cfg/energia_pm4g.om4g
                0x200049c8                ti_sysbios_heaps_HeapMem_Object__get(void) static
 .text.ti_sysbios_knl_Clock_Params__init__S
                0x200049e4       0x14 C:/ti/energia_cc3220emt_5.6.2/system/energia\configPkg/package/cfg/energia_pm4g.om4g
                0x200049e4                ti_sysbios_knl_Clock_Params__init(void) static
 .text.ti_sysbios_knl_Clock_create
                0x200049f8       0x34 C:/ti/energia_cc3220emt_5.6.2/system/energia\configPkg/package/cfg/energia_pm4g.om4g
                0x200049f8                ti_sysbios_knl_Clock_create
 .text.ti_sysbios_knl_Clock_delete
                0x20004a2c       0x28 C:/ti/energia_cc3220emt_5.6.2/system/energia\configPkg/package/cfg/energia_pm4g.om4g
                0x20004a2c                ti_sysbios_knl_Clock_delete
 .text.ti_sysbios_knl_Mailbox_Object__get__S
                0x20004a54        0xc C:/ti/energia_cc3220emt_5.6.2/system/energia\configPkg/package/cfg/energia_pm4g.om4g
                0x20004a54                ti_sysbios_knl_Mailbox_Object__get(void) static
 .text.ti_sysbios_knl_Queue_Object__get__S
                0x20004a60        0x8 C:/ti/energia_cc3220emt_5.6.2/system/energia\configPkg/package/cfg/energia_pm4g.om4g
                0x20004a60                ti_sysbios_knl_Queue_Object__get(void) static
 .text.ti_sysbios_knl_Queue_construct
                0x20004a68       0x28 C:/ti/energia_cc3220emt_5.6.2/system/energia\configPkg/package/cfg/energia_pm4g.om4g
                0x20004a68                ti_sysbios_knl_Queue_construct
 .text.ti_sysbios_knl_Queue_destruct
                0x20004a90       0x20 C:/ti/energia_cc3220emt_5.6.2/system/energia\configPkg/package/cfg/energia_pm4g.om4g
                0x20004a90                ti_sysbios_knl_Queue_destruct
 .text.ti_sysbios_knl_Semaphore_Params__init__S
                0x20004ab0       0x14 C:/ti/energia_cc3220emt_5.6.2/system/energia\configPkg/package/cfg/energia_pm4g.om4g
                0x20004ab0                ti_sysbios_knl_Semaphore_Params__init(void) static
 .text.ti_sysbios_knl_Semaphore_create
                0x20004ac4       0x30 C:/ti/energia_cc3220emt_5.6.2/system/energia\configPkg/package/cfg/energia_pm4g.om4g
                0x20004ac4                ti_sysbios_knl_Semaphore_create
 .text.ti_sysbios_knl_Semaphore_construct
                0x20004af4       0x2c C:/ti/energia_cc3220emt_5.6.2/system/energia\configPkg/package/cfg/energia_pm4g.om4g
                0x20004af4                ti_sysbios_knl_Semaphore_construct
 .text.ti_sysbios_knl_Semaphore_destruct
                0x20004b20       0x24 C:/ti/energia_cc3220emt_5.6.2/system/energia\configPkg/package/cfg/energia_pm4g.om4g
                0x20004b20                ti_sysbios_knl_Semaphore_destruct
 .text.ti_sysbios_knl_Semaphore_delete
                0x20004b44       0x28 C:/ti/energia_cc3220emt_5.6.2/system/energia\configPkg/package/cfg/energia_pm4g.om4g
                0x20004b44                ti_sysbios_knl_Semaphore_delete
 .text.ti_sysbios_knl_Task_Params__init__S
                0x20004b6c       0x14 C:/ti/energia_cc3220emt_5.6.2/system/energia\configPkg/package/cfg/energia_pm4g.om4g
                0x20004b6c                ti_sysbios_knl_Task_Params__init(void) static
 .text.ti_sysbios_knl_Task_Object__get__S
                0x20004b80       0x1c C:/ti/energia_cc3220emt_5.6.2/system/energia\configPkg/package/cfg/energia_pm4g.om4g
                0x20004b80                ti_sysbios_knl_Task_Object__get(void) static
 .text.ti_sysbios_knl_Task_create
                0x20004b9c       0x4c C:/ti/energia_cc3220emt_5.6.2/system/energia\configPkg/package/cfg/energia_pm4g.om4g
                0x20004b9c                ti_sysbios_knl_Task_create
 .text.notify   0x20004be8       0x48 C:/ti/energia_cc3220emt_5.6.2/system/source\ti/drivers/lib/drivers_cc32xx.am4g(PowerCC32XX.om4g)
 .text.Power_getConstraintMask
                0x20004c30        0xc C:/ti/energia_cc3220emt_5.6.2/system/source\ti/drivers/lib/drivers_cc32xx.am4g(PowerCC32XX.om4g)
                0x20004c30                Power_getConstraintMask
 .text.Power_idleFunc
                0x20004c3c       0x14 C:/ti/energia_cc3220emt_5.6.2/system/source\ti/drivers/lib/drivers_cc32xx.am4g(PowerCC32XX.om4g)
                0x20004c3c                Power_idleFunc
 .text.Power_registerNotify
                0x20004c50       0x24 C:/ti/energia_cc3220emt_5.6.2/system/source\ti/drivers/lib/drivers_cc32xx.am4g(PowerCC32XX.om4g)
                0x20004c50                Power_registerNotify
 .text.Power_releaseConstraint
                0x20004c74       0x4c C:/ti/energia_cc3220emt_5.6.2/system/source\ti/drivers/lib/drivers_cc32xx.am4g(PowerCC32XX.om4g)
                0x20004c74                Power_releaseConstraint
 .text.Power_releaseDependency
                0x20004cc0       0x5c C:/ti/energia_cc3220emt_5.6.2/system/source\ti/drivers/lib/drivers_cc32xx.am4g(PowerCC32XX.om4g)
                0x20004cc0                Power_releaseDependency
 .text.Power_setConstraint
                0x20004d1c       0x38 C:/ti/energia_cc3220emt_5.6.2/system/source\ti/drivers/lib/drivers_cc32xx.am4g(PowerCC32XX.om4g)
                0x20004d1c                Power_setConstraint
 .text.Power_setDependency
                0x20004d54       0x60 C:/ti/energia_cc3220emt_5.6.2/system/source\ti/drivers/lib/drivers_cc32xx.am4g(PowerCC32XX.om4g)
                0x20004d54                Power_setDependency
 .text.Power_unregisterNotify
                0x20004db4       0x20 C:/ti/energia_cc3220emt_5.6.2/system/source\ti/drivers/lib/drivers_cc32xx.am4g(PowerCC32XX.om4g)
                0x20004db4                Power_unregisterNotify
 .text.PowerCC32XX_configureWakeup
                0x20004dd4       0xb4 C:/ti/energia_cc3220emt_5.6.2/system/source\ti/drivers/lib/drivers_cc32xx.am4g(PowerCC32XX.om4g)
                0x20004dd4                PowerCC32XX_configureWakeup
 .text.Power_init
                0x20004e88       0x78 C:/ti/energia_cc3220emt_5.6.2/system/source\ti/drivers/lib/drivers_cc32xx.am4g(PowerCC32XX.om4g)
                0x20004e88                Power_init
 .text.PowerCC32XX_getParkState
                0x20004f00       0x3c C:/ti/energia_cc3220emt_5.6.2/system/source\ti/drivers/lib/drivers_cc32xx.am4g(PowerCC32XX.om4g)
                0x20004f00                PowerCC32XX_getParkState
 .text.PowerCC32XX_parkPin
                0x20004f3c       0x4c C:/ti/energia_cc3220emt_5.6.2/system/source\ti/drivers/lib/drivers_cc32xx.am4g(PowerCC32XX.om4g)
                0x20004f3c                PowerCC32XX_parkPin
 .text.PowerCC32XX_restoreParkedPin
                0x20004f88       0x34 C:/ti/energia_cc3220emt_5.6.2/system/source\ti/drivers/lib/drivers_cc32xx.am4g(PowerCC32XX.om4g)
                0x20004f88                PowerCC32XX_restoreParkedPin
 .text.Power_sleep
                0x20004fbc      0x4f4 C:/ti/energia_cc3220emt_5.6.2/system/source\ti/drivers/lib/drivers_cc32xx.am4g(PowerCC32XX.om4g)
                0x20004fbc                Power_sleep
 .text.PowerCC32XX_restoreParkState
                0x200054b0       0x3c C:/ti/energia_cc3220emt_5.6.2/system/source\ti/drivers/lib/drivers_cc32xx.am4g(PowerCC32XX.om4g)
                0x200054b0                PowerCC32XX_restoreParkState
 .text.PowerCC32XX_setParkState
                0x200054ec       0x70 C:/ti/energia_cc3220emt_5.6.2/system/source\ti/drivers/lib/drivers_cc32xx.am4g(PowerCC32XX.om4g)
                0x200054ec                PowerCC32XX_setParkState
 .text.List_empty
                0x2000555c        0xc C:/ti/energia_cc3220emt_5.6.2/system/source\ti/drivers/lib/drivers_cc32xx.am4g(List.om4g)
                0x2000555c                List_empty
 .text.List_head
                0x20005568        0x4 C:/ti/energia_cc3220emt_5.6.2/system/source\ti/drivers/lib/drivers_cc32xx.am4g(List.om4g)
                0x20005568                List_head
 .text.List_next
                0x2000556c        0x4 C:/ti/energia_cc3220emt_5.6.2/system/source\ti/drivers/lib/drivers_cc32xx.am4g(List.om4g)
                0x2000556c                List_next
 .text.List_put
                0x20005570       0x2c C:/ti/energia_cc3220emt_5.6.2/system/source\ti/drivers/lib/drivers_cc32xx.am4g(List.om4g)
                0x20005570                List_put
 .text.List_remove
                0x2000559c       0x1c C:/ti/energia_cc3220emt_5.6.2/system/source\ti/drivers/lib/drivers_cc32xx.am4g(List.om4g)
                0x2000559c                List_remove
 .text.HwiP_clearInterrupt
                0x200055b8        0x4 C:/ti/energia_cc3220emt_5.6.2/system/kernel/tirtos/packages\ti/dpl/lib/dpl_cc32xx.am4g(HwiP_tirtos.om4g)
                0x200055b8                HwiP_clearInterrupt
 .text.HwiP_create
                0x200055bc       0x44 C:/ti/energia_cc3220emt_5.6.2/system/kernel/tirtos/packages\ti/dpl/lib/dpl_cc32xx.am4g(HwiP_tirtos.om4g)
                0x200055bc                HwiP_create
 .text.HwiP_delete
                0x20005600       0x18 C:/ti/energia_cc3220emt_5.6.2/system/kernel/tirtos/packages\ti/dpl/lib/dpl_cc32xx.am4g(HwiP_tirtos.om4g)
                0x20005600                HwiP_delete
 .text.HwiP_disable
                0x20005618        0x4 C:/ti/energia_cc3220emt_5.6.2/system/kernel/tirtos/packages\ti/dpl/lib/dpl_cc32xx.am4g(HwiP_tirtos.om4g)
                0x20005618                HwiP_disable
 .text.HwiP_disableInterrupt
                0x2000561c        0x4 C:/ti/energia_cc3220emt_5.6.2/system/kernel/tirtos/packages\ti/dpl/lib/dpl_cc32xx.am4g(HwiP_tirtos.om4g)
                0x2000561c                HwiP_disableInterrupt
 .text.HwiP_enableInterrupt
                0x20005620        0x4 C:/ti/energia_cc3220emt_5.6.2/system/kernel/tirtos/packages\ti/dpl/lib/dpl_cc32xx.am4g(HwiP_tirtos.om4g)
                0x20005620                HwiP_enableInterrupt
 .text.HwiP_Params_init
                0x20005624       0x10 C:/ti/energia_cc3220emt_5.6.2/system/kernel/tirtos/packages\ti/dpl/lib/dpl_cc32xx.am4g(HwiP_tirtos.om4g)
                0x20005624                HwiP_Params_init
 .text.HwiP_restore
                0x20005634        0x4 C:/ti/energia_cc3220emt_5.6.2/system/kernel/tirtos/packages\ti/dpl/lib/dpl_cc32xx.am4g(HwiP_tirtos.om4g)
                0x20005634                HwiP_restore
 .text.ti_sysbios_family_arm_m3_Hwi_dispatch__I
                0x20005638       0xe8 C:/ti/energia_cc3220emt_5.6.2/system/energia\src/sysbios/sysbios.am4g(m3_Hwi_asm_gnu.o)
                0x20005638                ti_sysbios_family_arm_m3_Hwi_dispatch(int0_t)
                0x200056e8                ti_sysbios_family_arm_m3_Hwi_interruptsAreDisabledButShouldNotBe
                0x200056ec                ti_sysbios_family_arm_m3_Hwi_pendSV(int0_t)
 .text.ti_sysbios_family_arm_m3_Hwi_excHandlerAsm__I
                0x20005720       0x20 C:/ti/energia_cc3220emt_5.6.2/system/energia\src/sysbios/sysbios.am4g(m3_Hwi_asm_gnu.o)
                0x20005720                ti_sysbios_family_arm_m3_Hwi_excHandlerAsm(int0_t)
 .text.ti_sysbios_family_arm_m3_Hwi_initStacks__E
                0x20005740       0x48 C:/ti/energia_cc3220emt_5.6.2/system/energia\src/sysbios/sysbios.am4g(m3_Hwi_asm_switch_gnu.o)
                0x20005740                ti_sysbios_family_arm_m3_Hwi_initStacks__E
 .text.ti_sysbios_family_arm_m3_TaskSupport_buildTaskStack
                0x20005788       0x4c C:/ti/energia_cc3220emt_5.6.2/system/energia\src/sysbios/sysbios.am4g(m3_TaskSupport_asm_gnu.o)
                0x20005788                ti_sysbios_family_arm_m3_TaskSupport_buildTaskStack
 .text.ti_sysbios_family_arm_m3_TaskSupport_swap__E
                0x200057d4       0x20 C:/ti/energia_cc3220emt_5.6.2/system/energia\src/sysbios/sysbios.am4g(m3_TaskSupport_asm_gnu.o)
                0x200057d4                ti_sysbios_family_arm_m3_TaskSupport_swap__E
                0x200057dc                ti_sysbios_knl_Task_swapReturn
 .text.ti_sysbios_family_arm_m3_TaskSupport_glue
                0x200057f4       0x18 C:/ti/energia_cc3220emt_5.6.2/system/energia\src/sysbios/sysbios.am4g(m3_TaskSupport_asm_gnu.o)
                0x200057f4                ti_sysbios_family_arm_m3_TaskSupport_glue
 .text.ti_sysbios_BIOS_linkedWithIncorrectBootLibrary__E
                0x2000580c        0x4 C:/ti/energia_cc3220emt_5.6.2/system/energia\src/sysbios/sysbios.am4g(_BIOS.o)
                0x2000580c                ti_sysbios_BIOS_linkedWithIncorrectBootLibrary__E
 .text.ti_sysbios_BIOS_getThreadType__E
                0x20005810        0xc C:/ti/energia_cc3220emt_5.6.2/system/energia\src/sysbios/sysbios.am4g(_BIOS.o)
                0x20005810                ti_sysbios_BIOS_getThreadType__E
 .text.ti_sysbios_BIOS_setThreadType__E
                0x2000581c       0x10 C:/ti/energia_cc3220emt_5.6.2/system/energia\src/sysbios/sysbios.am4g(_BIOS.o)
                0x2000581c                ti_sysbios_BIOS_setThreadType__E
 .text.ti_sysbios_BIOS_getCpuFreq__E
                0x2000582c       0x10 C:/ti/energia_cc3220emt_5.6.2/system/energia\src/sysbios/sysbios.am4g(_BIOS.o)
                0x2000582c                ti_sysbios_BIOS_getCpuFreq__E
 .text.ti_sysbios_BIOS_start__E
                0x2000583c        0xc C:/ti/energia_cc3220emt_5.6.2/system/energia\src/sysbios/sysbios.am4g(_BIOS.o)
                0x2000583c                ti_sysbios_BIOS_start__E
 .text.ti_sysbios_BIOS_exit__E
                0x20005848        0xc C:/ti/energia_cc3220emt_5.6.2/system/energia\src/sysbios/sysbios.am4g(_BIOS.o)
                0x20005848                ti_sysbios_BIOS_exit__E
 .text.ti_sysbios_knl_Clock_Module_startup__E
                0x20005854       0x10 C:/ti/energia_cc3220emt_5.6.2/system/energia\src/sysbios/sysbios.am4g(knl_Clock.o)
                0x20005854                ti_sysbios_knl_Clock_Module_startup__E
 .text.ti_sysbios_knl_Clock_getTicks__E
                0x20005864        0xc C:/ti/energia_cc3220emt_5.6.2/system/energia\src/sysbios/sysbios.am4g(knl_Clock.o)
                0x20005864                ti_sysbios_knl_Clock_getTicks__E
 .text.ti_sysbios_knl_Clock_setTicks__E
                0x20005870        0xc C:/ti/energia_cc3220emt_5.6.2/system/energia\src/sysbios/sysbios.am4g(knl_Clock.o)
                0x20005870                ti_sysbios_knl_Clock_setTicks__E
 .text.ti_sysbios_knl_Clock_getTicksUntilTimeout__E
                0x2000587c       0x54 C:/ti/energia_cc3220emt_5.6.2/system/energia\src/sysbios/sysbios.am4g(knl_Clock.o)
                0x2000587c                ti_sysbios_knl_Clock_getTicksUntilTimeout__E
 .text.ti_sysbios_knl_Clock_tickStop__E
                0x200058d0        0x4 C:/ti/energia_cc3220emt_5.6.2/system/energia\src/sysbios/sysbios.am4g(knl_Clock.o)
                0x200058d0                ti_sysbios_knl_Clock_tickStop__E
 .text.ti_sysbios_knl_Clock_tickReconfig__E
                0x200058d4        0x4 C:/ti/energia_cc3220emt_5.6.2/system/energia\src/sysbios/sysbios.am4g(knl_Clock.o)
                0x200058d4                ti_sysbios_knl_Clock_tickReconfig__E
 .text.ti_sysbios_knl_Clock_tickStart__E
                0x200058d8        0x4 C:/ti/energia_cc3220emt_5.6.2/system/energia\src/sysbios/sysbios.am4g(knl_Clock.o)
                0x200058d8                ti_sysbios_knl_Clock_tickStart__E
 .text.ti_sysbios_knl_Clock_workFunc__E
                0x200058dc       0x8c C:/ti/energia_cc3220emt_5.6.2/system/energia\src/sysbios/sysbios.am4g(knl_Clock.o)
                0x200058dc                ti_sysbios_knl_Clock_workFunc__E
 .text.ti_sysbios_knl_Clock_Instance_init__E
                0x20005968       0x4c C:/ti/energia_cc3220emt_5.6.2/system/energia\src/sysbios/sysbios.am4g(knl_Clock.o)
                0x20005968                ti_sysbios_knl_Clock_Instance_init__E
 .text.ti_sysbios_knl_Clock_Instance_finalize__E
                0x200059b4       0x18 C:/ti/energia_cc3220emt_5.6.2/system/energia\src/sysbios/sysbios.am4g(knl_Clock.o)
                0x200059b4                ti_sysbios_knl_Clock_Instance_finalize__E
 .text.ti_sysbios_knl_Clock_addI__E
                0x200059cc       0x28 C:/ti/energia_cc3220emt_5.6.2/system/energia\src/sysbios/sysbios.am4g(knl_Clock.o)
                0x200059cc                ti_sysbios_knl_Clock_addI__E
 .text.ti_sysbios_knl_Clock_removeI__E
                0x200059f4        0x4 C:/ti/energia_cc3220emt_5.6.2/system/energia\src/sysbios/sysbios.am4g(knl_Clock.o)
                0x200059f4                ti_sysbios_knl_Clock_removeI__E
 .text.ti_sysbios_knl_Clock_startI__E
                0x200059f8       0x14 C:/ti/energia_cc3220emt_5.6.2/system/energia\src/sysbios/sysbios.am4g(knl_Clock.o)
                0x200059f8                ti_sysbios_knl_Clock_startI__E
 .text.ti_sysbios_knl_Clock_start__E
                0x20005a0c       0x28 C:/ti/energia_cc3220emt_5.6.2/system/energia\src/sysbios/sysbios.am4g(knl_Clock.o)
                0x20005a0c                ti_sysbios_knl_Clock_start__E
 .text.ti_sysbios_knl_Clock_stop__E
                0x20005a34        0x8 C:/ti/energia_cc3220emt_5.6.2/system/energia\src/sysbios/sysbios.am4g(knl_Clock.o)
                0x20005a34                ti_sysbios_knl_Clock_stop__E
 .text.ti_sysbios_knl_Clock_setTimeout__E
                0x20005a3c        0x4 C:/ti/energia_cc3220emt_5.6.2/system/energia\src/sysbios/sysbios.am4g(knl_Clock.o)
                0x20005a3c                ti_sysbios_knl_Clock_setTimeout__E
 .text.ti_sysbios_knl_Clock_logTick__E
                0x20005a40        0x4 C:/ti/energia_cc3220emt_5.6.2/system/energia\src/sysbios/sysbios.am4g(knl_Clock.o)
                0x20005a40                ti_sysbios_knl_Clock_logTick__E
 .text.ti_sysbios_knl_Idle_loop__E
                0x20005a44       0x24 C:/ti/energia_cc3220emt_5.6.2/system/energia\src/sysbios/sysbios.am4g(knl_Idle.o)
                0x20005a44                ti_sysbios_knl_Idle_loop__E
 .text.ti_sysbios_knl_Idle_run__E
                0x20005a68       0x24 C:/ti/energia_cc3220emt_5.6.2/system/energia\src/sysbios/sysbios.am4g(knl_Idle.o)
                0x20005a68                ti_sysbios_knl_Idle_run__E
 .text.ti_sysbios_knl_Mailbox_Module_startup__E
                0x20005a8c       0x80 C:/ti/energia_cc3220emt_5.6.2/system/energia\src/sysbios/sysbios.am4g(knl_Mailbox.o)
                0x20005a8c                ti_sysbios_knl_Mailbox_Module_startup__E
 .text.ti_sysbios_knl_Queue_Instance_init__E
                0x20005b0c        0x8 C:/ti/energia_cc3220emt_5.6.2/system/energia\src/sysbios/sysbios.am4g(knl_Queue.o)
                0x20005b0c                ti_sysbios_knl_Queue_Instance_init__E
 .text.ti_sysbios_knl_Queue_dequeue__E
                0x20005b14        0xc C:/ti/energia_cc3220emt_5.6.2/system/energia\src/sysbios/sysbios.am4g(knl_Queue.o)
                0x20005b14                ti_sysbios_knl_Queue_dequeue__E
 .text.ti_sysbios_knl_Queue_empty__E
                0x20005b20        0xc C:/ti/energia_cc3220emt_5.6.2/system/energia\src/sysbios/sysbios.am4g(knl_Queue.o)
                0x20005b20                ti_sysbios_knl_Queue_empty__E
 .text.ti_sysbios_knl_Queue_enqueue__E
                0x20005b2c        0xc C:/ti/energia_cc3220emt_5.6.2/system/energia\src/sysbios/sysbios.am4g(knl_Queue.o)
                0x20005b2c                ti_sysbios_knl_Queue_enqueue__E
 .text.ti_sysbios_knl_Queue_head__E
                0x20005b38        0x4 C:/ti/energia_cc3220emt_5.6.2/system/energia\src/sysbios/sysbios.am4g(knl_Queue.o)
                0x20005b38                ti_sysbios_knl_Queue_head__E
 .text.ti_sysbios_knl_Queue_elemClear__E
                0x20005b3c        0x8 C:/ti/energia_cc3220emt_5.6.2/system/energia\src/sysbios/sysbios.am4g(knl_Queue.o)
                0x20005b3c                ti_sysbios_knl_Queue_elemClear__E
 .text.ti_sysbios_knl_Queue_insert__E
                0x20005b44        0xc C:/ti/energia_cc3220emt_5.6.2/system/energia\src/sysbios/sysbios.am4g(knl_Queue.o)
                0x20005b44                ti_sysbios_knl_Queue_insert__E
 .text.ti_sysbios_knl_Queue_next__E
                0x20005b50        0x4 C:/ti/energia_cc3220emt_5.6.2/system/energia\src/sysbios/sysbios.am4g(knl_Queue.o)
                0x20005b50                ti_sysbios_knl_Queue_next__E
 .text.ti_sysbios_knl_Queue_put__E
                0x20005b54       0x1c C:/ti/energia_cc3220emt_5.6.2/system/energia\src/sysbios/sysbios.am4g(knl_Queue.o)
                0x20005b54                ti_sysbios_knl_Queue_put__E
 .text.ti_sysbios_knl_Queue_remove__E
                0x20005b70       0x10 C:/ti/energia_cc3220emt_5.6.2/system/energia\src/sysbios/sysbios.am4g(knl_Queue.o)
                0x20005b70                ti_sysbios_knl_Queue_remove__E
 .text.ti_sysbios_knl_Semaphore_pendTimeout__I
                0x20005b80       0x30 C:/ti/energia_cc3220emt_5.6.2/system/energia\src/sysbios/sysbios.am4g(knl_Semaphore.o)
                0x20005b80                ti_sysbios_knl_Semaphore_pendTimeout(int0_t)
 .text.ti_sysbios_knl_Semaphore_Instance_init__E
                0x20005bb0       0x28 C:/ti/energia_cc3220emt_5.6.2/system/energia\src/sysbios/sysbios.am4g(knl_Semaphore.o)
                0x20005bb0                ti_sysbios_knl_Semaphore_Instance_init__E
 .text.ti_sysbios_knl_Semaphore_Instance_finalize__E
                0x20005bd8       0x10 C:/ti/energia_cc3220emt_5.6.2/system/energia\src/sysbios/sysbios.am4g(knl_Semaphore.o)
                0x20005bd8                ti_sysbios_knl_Semaphore_Instance_finalize__E
 .text.ti_sysbios_knl_Semaphore_pend__E
                0x20005be8      0x114 C:/ti/energia_cc3220emt_5.6.2/system/energia\src/sysbios/sysbios.am4g(knl_Semaphore.o)
                0x20005be8                ti_sysbios_knl_Semaphore_pend__E
 .text.ti_sysbios_knl_Semaphore_post__E
                0x20005cfc       0x68 C:/ti/energia_cc3220emt_5.6.2/system/energia\src/sysbios/sysbios.am4g(knl_Semaphore.o)
                0x20005cfc                ti_sysbios_knl_Semaphore_post__E
 .text.ti_sysbios_knl_Swi_Module_startup__E
                0x20005d64        0x8 C:/ti/energia_cc3220emt_5.6.2/system/energia\src/sysbios/sysbios.am4g(knl_Swi.o)
                0x20005d64                ti_sysbios_knl_Swi_Module_startup__E
 .text.ti_sysbios_knl_Task_sleepTimeout__I
                0x20005d6c       0x68 C:/ti/energia_cc3220emt_5.6.2/system/energia\src/sysbios/sysbios.am4g(knl_Task.o)
                0x20005d6c                ti_sysbios_knl_Task_sleepTimeout(int0_t)
 .text.ti_sysbios_knl_Task_schedule__I
                0x20005dd4       0xf8 C:/ti/energia_cc3220emt_5.6.2/system/energia\src/sysbios/sysbios.am4g(knl_Task.o)
                0x20005dd4                ti_sysbios_knl_Task_schedule(int0_t)
 .text.ti_sysbios_knl_Task_enter__I
                0x20005ecc       0x28 C:/ti/energia_cc3220emt_5.6.2/system/energia\src/sysbios/sysbios.am4g(knl_Task.o)
                0x20005ecc                ti_sysbios_knl_Task_enter(int0_t)
 .text.ti_sysbios_knl_Task_exit__E
                0x20005ef4       0xec C:/ti/energia_cc3220emt_5.6.2/system/energia\src/sysbios/sysbios.am4g(knl_Task.o)
                0x20005ef4                ti_sysbios_knl_Task_exit__E
 .text.ti_sysbios_knl_Task_postInit__I.constprop.3
                0x20005fe0      0x164 C:/ti/energia_cc3220emt_5.6.2/system/energia\src/sysbios/sysbios.am4g(knl_Task.o)
 .text.ti_sysbios_knl_Task_Module_startup__E
                0x20006144       0x78 C:/ti/energia_cc3220emt_5.6.2/system/energia\src/sysbios/sysbios.am4g(knl_Task.o)
                0x20006144                ti_sysbios_knl_Task_Module_startup__E
 .text.ti_sysbios_knl_Task_startCore__E
                0x200061bc       0xe4 C:/ti/energia_cc3220emt_5.6.2/system/energia\src/sysbios/sysbios.am4g(knl_Task.o)
                0x200061bc                ti_sysbios_knl_Task_startCore__E
 .text.ti_sysbios_knl_Task_startup__E
                0x200062a0        0x8 C:/ti/energia_cc3220emt_5.6.2/system/energia\src/sysbios/sysbios.am4g(knl_Task.o)
                0x200062a0                ti_sysbios_knl_Task_startup__E
 .text.ti_sysbios_knl_Task_disable__E
                0x200062a8       0x18 C:/ti/energia_cc3220emt_5.6.2/system/energia\src/sysbios/sysbios.am4g(knl_Task.o)
                0x200062a8                ti_sysbios_knl_Task_disable__E
 .text.ti_sysbios_knl_Task_restore__E
                0x200062c0       0x38 C:/ti/energia_cc3220emt_5.6.2/system/energia\src/sysbios/sysbios.am4g(knl_Task.o)
                0x200062c0                ti_sysbios_knl_Task_restore__E
 .text.ti_sysbios_knl_Task_restoreHwi__E
                0x200062f8       0x24 C:/ti/energia_cc3220emt_5.6.2/system/energia\src/sysbios/sysbios.am4g(knl_Task.o)
                0x200062f8                ti_sysbios_knl_Task_restoreHwi__E
 .text.ti_sysbios_knl_Task_self__E
                0x2000631c        0xc C:/ti/energia_cc3220emt_5.6.2/system/energia\src/sysbios/sysbios.am4g(knl_Task.o)
                0x2000631c                ti_sysbios_knl_Task_self__E
 .text.ti_sysbios_knl_Task_sleep__E
                0x20006328       0xe8 C:/ti/energia_cc3220emt_5.6.2/system/energia\src/sysbios/sysbios.am4g(knl_Task.o)
                0x20006328                ti_sysbios_knl_Task_sleep__E
 .text.ti_sysbios_knl_Task_yield__E
                0x20006410       0x6c C:/ti/energia_cc3220emt_5.6.2/system/energia\src/sysbios/sysbios.am4g(knl_Task.o)
                0x20006410                ti_sysbios_knl_Task_yield__E
 .text.ti_sysbios_knl_Task_getIdleTask__E
                0x2000647c        0xc C:/ti/energia_cc3220emt_5.6.2/system/energia\src/sysbios/sysbios.am4g(knl_Task.o)
                0x2000647c                ti_sysbios_knl_Task_getIdleTask__E
 .text.ti_sysbios_knl_Task_postInit__I
                0x20006488      0x184 C:/ti/energia_cc3220emt_5.6.2/system/energia\src/sysbios/sysbios.am4g(knl_Task.o)
                0x20006488                ti_sysbios_knl_Task_postInit(int0_t)
 .text.ti_sysbios_knl_Task_Instance_init__E
                0x2000660c       0xdc C:/ti/energia_cc3220emt_5.6.2/system/energia\src/sysbios/sysbios.am4g(knl_Task.o)
                0x2000660c                ti_sysbios_knl_Task_Instance_init__E
 .text.ti_sysbios_knl_Task_Instance_finalize__E
                0x200066e8      0x170 C:/ti/energia_cc3220emt_5.6.2/system/energia\src/sysbios/sysbios.am4g(knl_Task.o)
                0x200066e8                ti_sysbios_knl_Task_Instance_finalize__E
 .text.ti_sysbios_knl_Task_getEnv__E
                0x20006858        0x4 C:/ti/energia_cc3220emt_5.6.2/system/energia\src/sysbios/sysbios.am4g(knl_Task.o)
                0x20006858                ti_sysbios_knl_Task_getEnv__E
 .text.ti_sysbios_knl_Task_getHookContext__E
                0x2000685c        0x8 C:/ti/energia_cc3220emt_5.6.2/system/energia\src/sysbios/sysbios.am4g(knl_Task.o)
                0x2000685c                ti_sysbios_knl_Task_getHookContext__E
 .text.ti_sysbios_knl_Task_setHookContext__E
                0x20006864        0x8 C:/ti/energia_cc3220emt_5.6.2/system/energia\src/sysbios/sysbios.am4g(knl_Task.o)
                0x20006864                ti_sysbios_knl_Task_setHookContext__E
 .text.ti_sysbios_knl_Task_getPri__E
                0x2000686c        0x4 C:/ti/energia_cc3220emt_5.6.2/system/energia\src/sysbios/sysbios.am4g(knl_Task.o)
                0x2000686c                ti_sysbios_knl_Task_getPri__E
 .text.ti_sysbios_knl_Task_setEnv__E
                0x20006870        0x4 C:/ti/energia_cc3220emt_5.6.2/system/energia\src/sysbios/sysbios.am4g(knl_Task.o)
                0x20006870                ti_sysbios_knl_Task_setEnv__E
 .text.ti_sysbios_knl_Task_blockI__E
                0x20006874       0x48 C:/ti/energia_cc3220emt_5.6.2/system/energia\src/sysbios/sysbios.am4g(knl_Task.o)
                0x20006874                ti_sysbios_knl_Task_blockI__E
 .text.ti_sysbios_knl_Task_unblockI__E
                0x200068bc       0x5c C:/ti/energia_cc3220emt_5.6.2/system/energia\src/sysbios/sysbios.am4g(knl_Task.o)
                0x200068bc                ti_sysbios_knl_Task_unblockI__E
 .text.ti_sysbios_hal_Hwi_Module_startup__E
                0x20006918       0x10 C:/ti/energia_cc3220emt_5.6.2/system/energia\src/sysbios/sysbios.am4g(hal_Hwi.o)
                0x20006918                ti_sysbios_hal_Hwi_Module_startup__E
 .text.ti_sysbios_hal_Hwi_getStackInfo__E
                0x20006928        0x4 C:/ti/energia_cc3220emt_5.6.2/system/energia\src/sysbios/sysbios.am4g(hal_Hwi.o)
                0x20006928                ti_sysbios_hal_Hwi_getStackInfo__E
 .text.ti_sysbios_hal_Hwi_switchFromBootStack__E
                0x2000692c        0x4 C:/ti/energia_cc3220emt_5.6.2/system/energia\src/sysbios/sysbios.am4g(hal_Hwi.o)
                0x2000692c                ti_sysbios_hal_Hwi_switchFromBootStack__E
 .text.ti_sysbios_hal_Hwi_initStack
                0x20006930       0x24 C:/ti/energia_cc3220emt_5.6.2/system/energia\src/sysbios/sysbios.am4g(hal_Hwi_stack.o)
                0x20006930                ti_sysbios_hal_Hwi_initStack
 .text.ti_sysbios_hal_Hwi_startup__E
                0x20006954        0x4 C:/ti/energia_cc3220emt_5.6.2/system/energia\src/sysbios/sysbios.am4g(hal_Hwi_startup.o)
                0x20006954                ti_sysbios_hal_Hwi_startup__E
 .text.ti_sysbios_hal_Timer_Module_startup__E
                0x20006958       0x10 C:/ti/energia_cc3220emt_5.6.2/system/energia\src/sysbios/sysbios.am4g(hal_Timer.o)
                0x20006958                ti_sysbios_hal_Timer_Module_startup__E
 .text.ti_sysbios_utils_Load_taskRegHook__E
                0x20006968        0xc C:/ti/energia_cc3220emt_5.6.2/system/energia\src/sysbios/sysbios.am4g(utils_Load.o)
                0x20006968                ti_sysbios_utils_Load_taskRegHook__E
 .text.ti_sysbios_utils_Load_taskCreateHook__E
                0x20006974       0xb8 C:/ti/energia_cc3220emt_5.6.2/system/energia\src/sysbios/sysbios.am4g(utils_Load.o)
                0x20006974                ti_sysbios_utils_Load_taskCreateHook__E
 .text.ti_sysbios_utils_Load_taskDeleteHook__E
                0x20006a2c       0x70 C:/ti/energia_cc3220emt_5.6.2/system/energia\src/sysbios/sysbios.am4g(utils_Load.o)
                0x20006a2c                ti_sysbios_utils_Load_taskDeleteHook__E
 .text.ti_sysbios_utils_Load_taskSwitchHook__E
                0x20006a9c       0x58 C:/ti/energia_cc3220emt_5.6.2/system/energia\src/sysbios/sysbios.am4g(utils_Load.o)
                0x20006a9c                ti_sysbios_utils_Load_taskSwitchHook__E
 .text.ti_sysbios_utils_Load_idleFxn__E
                0x20006af4       0x70 C:/ti/energia_cc3220emt_5.6.2/system/energia\src/sysbios/sysbios.am4g(utils_Load.o)
                0x20006af4                ti_sysbios_utils_Load_idleFxn__E
 .text.ti_sysbios_utils_Load_startup__E
                0x20006b64       0x3c C:/ti/energia_cc3220emt_5.6.2/system/energia\src/sysbios/sysbios.am4g(utils_Load.o)
                0x20006b64                ti_sysbios_utils_Load_startup__E
 .text.ti_sysbios_utils_Load_updateThreadContexts__E
                0x20006ba0       0xf4 C:/ti/energia_cc3220emt_5.6.2/system/energia\src/sysbios/sysbios.am4g(utils_Load.o)
                0x20006ba0                ti_sysbios_utils_Load_updateThreadContexts__E
 .text.ti_sysbios_utils_Load_updateLoads__E
                0x20006c94      0x11c C:/ti/energia_cc3220emt_5.6.2/system/energia\src/sysbios/sysbios.am4g(utils_Load.o)
                0x20006c94                ti_sysbios_utils_Load_updateLoads__E
 .text.ti_sysbios_utils_Load_logCPULoad__I
                0x20006db0        0x4 C:/ti/energia_cc3220emt_5.6.2/system/energia\src/sysbios/sysbios.am4g(utils_Load_CPU.o)
                0x20006db0                ti_sysbios_utils_Load_logCPULoad(int0_t)
 .text.ti_sysbios_gates_GateHwi_Instance_init__E
                0x20006db4        0x4 C:/ti/energia_cc3220emt_5.6.2/system/energia\src/sysbios/sysbios.am4g(gates_GateHwi.o)
                0x20006db4                ti_sysbios_gates_GateHwi_Instance_init__E
 .text.ti_sysbios_gates_GateHwi_enter__E
                0x20006db8        0xc C:/ti/energia_cc3220emt_5.6.2/system/energia\src/sysbios/sysbios.am4g(gates_GateHwi.o)
                0x20006db8                ti_sysbios_gates_GateHwi_enter__E
 .text.ti_sysbios_gates_GateHwi_leave__E
                0x20006dc4        0x8 C:/ti/energia_cc3220emt_5.6.2/system/energia\src/sysbios/sysbios.am4g(gates_GateHwi.o)
                0x20006dc4                ti_sysbios_gates_GateHwi_leave__E
 .text.ti_sysbios_gates_GateHwi_query__E
                0x20006dcc        0x4 C:/ti/energia_cc3220emt_5.6.2/system/energia\src/sysbios/sysbios.am4g(gates_GateHwi.o)
                0x20006dcc                ti_sysbios_gates_GateHwi_query__E
 .text.ti_sysbios_gates_GateMutex_Instance_init__E
                0x20006dd0       0x1c C:/ti/energia_cc3220emt_5.6.2/system/energia\src/sysbios/sysbios.am4g(gates_GateMutex.o)
                0x20006dd0                ti_sysbios_gates_GateMutex_Instance_init__E
 .text.ti_sysbios_gates_GateMutex_Instance_finalize__E
                0x20006dec       0x10 C:/ti/energia_cc3220emt_5.6.2/system/energia\src/sysbios/sysbios.am4g(gates_GateMutex.o)
                0x20006dec                ti_sysbios_gates_GateMutex_Instance_finalize__E
 .text.ti_sysbios_gates_GateMutex_enter__E
                0x20006dfc       0x34 C:/ti/energia_cc3220emt_5.6.2/system/energia\src/sysbios/sysbios.am4g(gates_GateMutex.o)
                0x20006dfc                ti_sysbios_gates_GateMutex_enter__E
 .text.ti_sysbios_gates_GateMutex_leave__E
                0x20006e30       0x14 C:/ti/energia_cc3220emt_5.6.2/system/energia\src/sysbios/sysbios.am4g(gates_GateMutex.o)
                0x20006e30                ti_sysbios_gates_GateMutex_leave__E
 .text.ti_sysbios_gates_GateMutex_query__E
                0x20006e44        0x4 C:/ti/energia_cc3220emt_5.6.2/system/energia\src/sysbios/sysbios.am4g(gates_GateMutex.o)
                0x20006e44                ti_sysbios_gates_GateMutex_query__E
 .text.ti_sysbios_family_arm_m3_Hwi_Module_startup__E
                0x20006e48      0x114 C:/ti/energia_cc3220emt_5.6.2/system/energia\src/sysbios/sysbios.am4g(m3_Hwi.o)
                0x20006e48                ti_sysbios_family_arm_m3_Hwi_Module_startup__E
 .text.ti_sysbios_family_arm_m3_Hwi_Instance_init__E
                0x20006f5c      0x15c C:/ti/energia_cc3220emt_5.6.2/system/energia\src/sysbios/sysbios.am4g(m3_Hwi.o)
                0x20006f5c                ti_sysbios_family_arm_m3_Hwi_Instance_init__E
 .text.ti_sysbios_family_arm_m3_Hwi_Instance_finalize__E
                0x200070b8       0x74 C:/ti/energia_cc3220emt_5.6.2/system/energia\src/sysbios/sysbios.am4g(m3_Hwi.o)
                0x200070b8                ti_sysbios_family_arm_m3_Hwi_Instance_finalize__E
 .text.ti_sysbios_family_arm_m3_Hwi_initNVIC__E
                0x2000712c       0x8c C:/ti/energia_cc3220emt_5.6.2/system/energia\src/sysbios/sysbios.am4g(m3_Hwi.o)
                0x2000712c                ti_sysbios_family_arm_m3_Hwi_initNVIC__E
 .text.ti_sysbios_family_arm_m3_Hwi_startup__E
                0x200071b8       0x10 C:/ti/energia_cc3220emt_5.6.2/system/energia\src/sysbios/sysbios.am4g(m3_Hwi.o)
                0x200071b8                ti_sysbios_family_arm_m3_Hwi_startup__E
 .text.ti_sysbios_family_arm_m3_Hwi_disableFxn__E
                0x200071c8        0xc C:/ti/energia_cc3220emt_5.6.2/system/energia\src/sysbios/sysbios.am4g(m3_Hwi.o)
                0x200071c8                ti_sysbios_family_arm_m3_Hwi_disableFxn__E
 .text.ti_sysbios_family_arm_m3_Hwi_restoreFxn__E
                0x200071d4        0x8 C:/ti/energia_cc3220emt_5.6.2/system/energia\src/sysbios/sysbios.am4g(m3_Hwi.o)
                0x200071d4                ti_sysbios_family_arm_m3_Hwi_restoreFxn__E
 .text.ti_sysbios_family_arm_m3_Hwi_disableInterrupt__E
                0x200071dc       0x4c C:/ti/energia_cc3220emt_5.6.2/system/energia\src/sysbios/sysbios.am4g(m3_Hwi.o)
                0x200071dc                ti_sysbios_family_arm_m3_Hwi_disableInterrupt__E
 .text.ti_sysbios_family_arm_m3_Hwi_enableInterrupt__E
                0x20007228       0x48 C:/ti/energia_cc3220emt_5.6.2/system/energia\src/sysbios/sysbios.am4g(m3_Hwi.o)
                0x20007228                ti_sysbios_family_arm_m3_Hwi_enableInterrupt__E
 .text.ti_sysbios_family_arm_m3_Hwi_clearInterrupt__E
                0x20007270       0x20 C:/ti/energia_cc3220emt_5.6.2/system/energia\src/sysbios/sysbios.am4g(m3_Hwi.o)
                0x20007270                ti_sysbios_family_arm_m3_Hwi_clearInterrupt__E
 .text.ti_sysbios_family_arm_m3_Hwi_switchFromBootStack__E
                0x20007290       0x1c C:/ti/energia_cc3220emt_5.6.2/system/energia\src/sysbios/sysbios.am4g(m3_Hwi.o)
                0x20007290                ti_sysbios_family_arm_m3_Hwi_switchFromBootStack__E
 .text.ti_sysbios_family_arm_m3_Hwi_getStackInfo__E
                0x200072ac       0x44 C:/ti/energia_cc3220emt_5.6.2/system/energia\src/sysbios/sysbios.am4g(m3_Hwi.o)
                0x200072ac                ti_sysbios_family_arm_m3_Hwi_getStackInfo__E
 .text.ti_sysbios_family_arm_m3_Hwi_excHandler__I
                0x200072f0       0x20 C:/ti/energia_cc3220emt_5.6.2/system/energia\src/sysbios/sysbios.am4g(m3_Hwi.o)
                0x200072f0                ti_sysbios_family_arm_m3_Hwi_excHandler(int0_t)
 .text.ti_sysbios_family_arm_m3_Hwi_dispatchC__I
                0x20007310       0x5c C:/ti/energia_cc3220emt_5.6.2/system/energia\src/sysbios/sysbios.am4g(m3_Hwi.o)
                0x20007310                ti_sysbios_family_arm_m3_Hwi_dispatchC(int0_t)
 .text.ti_sysbios_family_arm_m3_Hwi_doSwiRestore__I
                0x2000736c        0x4 C:/ti/energia_cc3220emt_5.6.2/system/energia\src/sysbios/sysbios.am4g(m3_Hwi.o)
                0x2000736c                ti_sysbios_family_arm_m3_Hwi_doSwiRestore(int0_t)
 .text.ti_sysbios_family_arm_m3_Hwi_doTaskRestore__I
                0x20007370        0x8 C:/ti/energia_cc3220emt_5.6.2/system/energia\src/sysbios/sysbios.am4g(m3_Hwi.o)
                0x20007370                ti_sysbios_family_arm_m3_Hwi_doTaskRestore(int0_t)
 .text.ti_sysbios_family_arm_m3_TaskSupport_start__E
                0x20007378       0x38 C:/ti/energia_cc3220emt_5.6.2/system/energia\src/sysbios/sysbios.am4g(m3_TaskSupport.o)
                0x20007378                ti_sysbios_family_arm_m3_TaskSupport_start__E
 .text.ti_sysbios_family_arm_m3_TaskSupport_getStackAlignment__E
                0x200073b0        0xc C:/ti/energia_cc3220emt_5.6.2/system/energia\src/sysbios/sysbios.am4g(m3_TaskSupport.o)
                0x200073b0                ti_sysbios_family_arm_m3_TaskSupport_getStackAlignment__E
 .text.ti_sysbios_family_arm_m3_Timer_periodicStub__I
                0x200073bc       0x34 C:/ti/energia_cc3220emt_5.6.2/system/energia\src/sysbios/sysbios.am4g(m3_Timer.o)
                0x200073bc                ti_sysbios_family_arm_m3_Timer_periodicStub(int0_t)
 .text.ti_sysbios_family_arm_m3_Timer_Module_startup__E
                0x200073f0       0xb4 C:/ti/energia_cc3220emt_5.6.2/system/energia\src/sysbios/sysbios.am4g(m3_Timer.o)
                0x200073f0                ti_sysbios_family_arm_m3_Timer_Module_startup__E
 .text.ti_sysbios_family_arm_m3_Timer_startup__E
                0x200074a4       0x60 C:/ti/energia_cc3220emt_5.6.2/system/energia\src/sysbios/sysbios.am4g(m3_Timer.o)
                0x200074a4                ti_sysbios_family_arm_m3_Timer_startup__E
 .text.ti_sysbios_family_arm_m3_Timer_getHandle__E
                0x20007504        0xc C:/ti/energia_cc3220emt_5.6.2/system/energia\src/sysbios/sysbios.am4g(m3_Timer.o)
                0x20007504                ti_sysbios_family_arm_m3_Timer_getHandle__E
 .text.ti_sysbios_family_arm_m3_Timer_getPeriod__E
                0x20007510        0x4 C:/ti/energia_cc3220emt_5.6.2/system/energia\src/sysbios/sysbios.am4g(m3_Timer.o)
                0x20007510                ti_sysbios_family_arm_m3_Timer_getPeriod__E
 .text.ti_sysbios_family_arm_m3_Timer_getExpiredCounts__E
                0x20007514       0x44 C:/ti/energia_cc3220emt_5.6.2/system/energia\src/sysbios/sysbios.am4g(m3_Timer.o)
                0x20007514                ti_sysbios_family_arm_m3_Timer_getExpiredCounts__E
 .text.ti_sysbios_family_arm_m3_Timer_getTickCount__E
                0x20007558        0xc C:/ti/energia_cc3220emt_5.6.2/system/energia\src/sysbios/sysbios.am4g(m3_Timer.o)
                0x20007558                ti_sysbios_family_arm_m3_Timer_getTickCount__E
 .text.ti_sysbios_family_arm_m3_TimestampProvider_Module_startup__E
                0x20007564       0x20 C:/ti/energia_cc3220emt_5.6.2/system/energia\src/sysbios/sysbios.am4g(m3_TimestampProvider.o)
                0x20007564                ti_sysbios_family_arm_m3_TimestampProvider_Module_startup__E
 .text.ti_sysbios_family_arm_m3_TimestampProvider_get32__E
                0x20007584       0x30 C:/ti/energia_cc3220emt_5.6.2/system/energia\src/sysbios/sysbios.am4g(m3_TimestampProvider.o)
                0x20007584                ti_sysbios_family_arm_m3_TimestampProvider_get32__E
 .text.ti_sysbios_family_arm_m3_TimestampProvider_getFreq__E
                0x200075b4        0x4 C:/ti/energia_cc3220emt_5.6.2/system/energia\src/sysbios/sysbios.am4g(m3_TimestampProvider.o)
                0x200075b4                ti_sysbios_family_arm_m3_TimestampProvider_getFreq__E
 .text.ti_sysbios_heaps_HeapMem_initPrimary__I
                0x200075b8       0x9c C:/ti/energia_cc3220emt_5.6.2/system/energia\src/sysbios/sysbios.am4g(heaps_HeapMem.o)
                0x200075b8                ti_sysbios_heaps_HeapMem_initPrimary(int0_t)
 .text.ti_sysbios_heaps_HeapMem_Instance_init__E
                0x20007654       0x40 C:/ti/energia_cc3220emt_5.6.2/system/energia\src/sysbios/sysbios.am4g(heaps_HeapMem.o)
                0x20007654                ti_sysbios_heaps_HeapMem_Instance_init__E
 .text.ti_sysbios_heaps_HeapMem_alloc__E
                0x20007694       0xfc C:/ti/energia_cc3220emt_5.6.2/system/energia\src/sysbios/sysbios.am4g(heaps_HeapMem.o)
                0x20007694                ti_sysbios_heaps_HeapMem_alloc__E
 .text.ti_sysbios_heaps_HeapMem_free__E
                0x20007790       0x88 C:/ti/energia_cc3220emt_5.6.2/system/energia\src/sysbios/sysbios.am4g(heaps_HeapMem.o)
                0x20007790                ti_sysbios_heaps_HeapMem_free__E
 .text.ti_sysbios_heaps_HeapMem_isBlocking__E
                0x20007818        0x8 C:/ti/energia_cc3220emt_5.6.2/system/energia\src/sysbios/sysbios.am4g(heaps_HeapMem.o)
                0x20007818                ti_sysbios_heaps_HeapMem_isBlocking__E
 .text.ti_sysbios_heaps_HeapMem_getStats__E
                0x20007820       0x48 C:/ti/energia_cc3220emt_5.6.2/system/energia\src/sysbios/sysbios.am4g(heaps_HeapMem.o)
                0x20007820                ti_sysbios_heaps_HeapMem_getStats__E
 .text.ti_sysbios_rts_gnu_ReentSupport_Module_startup__E
                0x20007868       0x28 C:/ti/energia_cc3220emt_5.6.2/system/energia\src/sysbios/sysbios.am4g(gnu_ReentSupport.o)
                0x20007868                ti_sysbios_rts_gnu_ReentSupport_Module_startup__E
 .text.ti_sysbios_rts_gnu_ReentSupport_taskRegHook__I
                0x20007890        0xc C:/ti/energia_cc3220emt_5.6.2/system/energia\src/sysbios/sysbios.am4g(gnu_ReentSupport.o)
                0x20007890                ti_sysbios_rts_gnu_ReentSupport_taskRegHook(int0_t)
 .text.ti_sysbios_rts_gnu_ReentSupport_taskDeleteHook__I
                0x2000789c       0x2c C:/ti/energia_cc3220emt_5.6.2/system/energia\src/sysbios/sysbios.am4g(gnu_ReentSupport.o)
                0x2000789c                ti_sysbios_rts_gnu_ReentSupport_taskDeleteHook(int0_t)
 .text.ti_sysbios_family_arm_lm4_Timer_masterDisable__I
                0x200078c8        0x8 C:/ti/energia_cc3220emt_5.6.2/system/energia\src/sysbios/sysbios.am4g(lm4_Timer.o)
                0x200078c8                ti_sysbios_family_arm_lm4_Timer_masterDisable(int0_t)
 .text.ti_sysbios_family_arm_lm4_Timer_masterEnable__I
                0x200078d0        0x4 C:/ti/energia_cc3220emt_5.6.2/system/energia\src/sysbios/sysbios.am4g(lm4_Timer.o)
                0x200078d0                ti_sysbios_family_arm_lm4_Timer_masterEnable(int0_t)
 .text.ti_sysbios_family_arm_lm4_Timer_enableTimers__I
                0x200078d4       0x9c C:/ti/energia_cc3220emt_5.6.2/system/energia\src/sysbios/sysbios.am4g(lm4_Timer.o)
                0x200078d4                ti_sysbios_family_arm_lm4_Timer_enableTimers(int0_t)
 .text.ti_sysbios_family_arm_lm4_Timer_Module_startup__E
                0x20007970       0xa4 C:/ti/energia_cc3220emt_5.6.2/system/energia\src/sysbios/sysbios.am4g(lm4_Timer.o)
                0x20007970                ti_sysbios_family_arm_lm4_Timer_Module_startup__E
 .text.ti_sysbios_family_arm_lm4_Timer_start__E
                0x20007a14      0x230 C:/ti/energia_cc3220emt_5.6.2/system/energia\src/sysbios/sysbios.am4g(lm4_Timer.o)
                0x20007a14                ti_sysbios_family_arm_lm4_Timer_start__E
 .text.ti_sysbios_family_arm_lm4_Timer_startup__E
                0x20007c44       0x4c C:/ti/energia_cc3220emt_5.6.2/system/energia\src/sysbios/sysbios.am4g(lm4_Timer.o)
                0x20007c44                ti_sysbios_family_arm_lm4_Timer_startup__E
 .text.ti_sysbios_family_arm_lm4_Timer_enableCC3200__I
                0x20007c90       0x6c C:/ti/energia_cc3220emt_5.6.2/system/energia\src/sysbios/sysbios.am4g(lm4_Timer.o)
                0x20007c90                ti_sysbios_family_arm_lm4_Timer_enableCC3200(int0_t)
 .text.xdc_runtime_Core_createObject__I
                0x20007cfc       0xc8 C:/ti/energia_cc3220emt_5.6.2/system/kernel/tirtos/packages\gnu/targets/arm/rtsv7M/lib/gnu.targets.arm.rtsv7M.am4g(Core-mem.om4g)
                0x20007cfc                xdc_runtime_Core_createObject(int0_t)
 .text.xdc_runtime_Core_deleteObject__I
                0x20007dc4       0x70 C:/ti/energia_cc3220emt_5.6.2/system/kernel/tirtos/packages\gnu/targets/arm/rtsv7M/lib/gnu.targets.arm.rtsv7M.am4g(Core-mem.om4g)
                0x20007dc4                xdc_runtime_Core_deleteObject(int0_t)
 .text.xdc_runtime_Core_constructObject__I
                0x20007e34       0xac C:/ti/energia_cc3220emt_5.6.2/system/kernel/tirtos/packages\gnu/targets/arm/rtsv7M/lib/gnu.targets.arm.rtsv7M.am4g(Core-smem.om4g)
                0x20007e34                xdc_runtime_Core_constructObject(int0_t)
 .text.xdc_runtime_Core_assignLabel__I
                0x20007ee0       0x3c C:/ti/energia_cc3220emt_5.6.2/system/kernel/tirtos/packages\gnu/targets/arm/rtsv7M/lib/gnu.targets.arm.rtsv7M.am4g(Core-label.om4g)
                0x20007ee0                xdc_runtime_Core_assignLabel(int0_t)
 .text.xdc_runtime_Core_assignParams__I
                0x20007f1c       0x40 C:/ti/energia_cc3220emt_5.6.2/system/kernel/tirtos/packages\gnu/targets/arm/rtsv7M/lib/gnu.targets.arm.rtsv7M.am4g(Core-params.om4g)
                0x20007f1c                xdc_runtime_Core_assignParams(int0_t)
 .text.xdc_runtime_Error_init__E
                0x20007f5c       0x18 C:/ti/energia_cc3220emt_5.6.2/system/kernel/tirtos/packages\gnu/targets/arm/rtsv7M/lib/gnu.targets.arm.rtsv7M.am4g(Error.om4g)
                0x20007f5c                xdc_runtime_Error_init__E
 .text.xdc_runtime_Error_check__E
                0x20007f74       0x20 C:/ti/energia_cc3220emt_5.6.2/system/kernel/tirtos/packages\gnu/targets/arm/rtsv7M/lib/gnu.targets.arm.rtsv7M.am4g(Error.om4g)
                0x20007f74                xdc_runtime_Error_check__E
 .text.xdc_runtime_Error_raiseX__E
                0x20007f94       0x10 C:/ti/energia_cc3220emt_5.6.2/system/kernel/tirtos/packages\gnu/targets/arm/rtsv7M/lib/gnu.targets.arm.rtsv7M.am4g(Error.om4g)
                0x20007f94                xdc_runtime_Error_raiseX__E
 .text.xdc_runtime_Error_policySpin__E
                0x20007fa4        0x4 C:/ti/energia_cc3220emt_5.6.2/system/kernel/tirtos/packages\gnu/targets/arm/rtsv7M/lib/gnu.targets.arm.rtsv7M.am4g(Error.om4g)
                0x20007fa4                xdc_runtime_Error_policySpin__E
 .text.xdc_runtime_Gate_enterSystem__E
                0x20007fa8        0xc C:/ti/energia_cc3220emt_5.6.2/system/kernel/tirtos/packages\gnu/targets/arm/rtsv7M/lib/gnu.targets.arm.rtsv7M.am4g(Gate.om4g)
                0x20007fa8                xdc_runtime_Gate_enterSystem__E
 .text.xdc_runtime_Gate_leaveSystem__E
                0x20007fb4       0x10 C:/ti/energia_cc3220emt_5.6.2/system/kernel/tirtos/packages\gnu/targets/arm/rtsv7M/lib/gnu.targets.arm.rtsv7M.am4g(Gate.om4g)
                0x20007fb4                xdc_runtime_Gate_leaveSystem__E
 .text.xdc_runtime_Memory_alloc__E
                0x20007fc4       0x80 C:/ti/energia_cc3220emt_5.6.2/system/kernel/tirtos/packages\gnu/targets/arm/rtsv7M/lib/gnu.targets.arm.rtsv7M.am4g(Memory.om4g)
                0x20007fc4                xdc_runtime_Memory_alloc__E
 .text.xdc_runtime_Memory_free__E
                0x20008044       0x14 C:/ti/energia_cc3220emt_5.6.2/system/kernel/tirtos/packages\gnu/targets/arm/rtsv7M/lib/gnu.targets.arm.rtsv7M.am4g(Memory.om4g)
                0x20008044                xdc_runtime_Memory_free__E
 .text.xdc_runtime_Memory_valloc__E
                0x20008058       0x1c C:/ti/energia_cc3220emt_5.6.2/system/kernel/tirtos/packages\gnu/targets/arm/rtsv7M/lib/gnu.targets.arm.rtsv7M.am4g(Memory.om4g)
                0x20008058                xdc_runtime_Memory_valloc__E
 .text.xdc_runtime_Memory_calloc__E
                0x20008074       0x14 C:/ti/energia_cc3220emt_5.6.2/system/kernel/tirtos/packages\gnu/targets/arm/rtsv7M/lib/gnu.targets.arm.rtsv7M.am4g(Memory.om4g)
                0x20008074                xdc_runtime_Memory_calloc__E
 .text.xdc_runtime_Startup_exec__E
                0x20008088       0x5c C:/ti/energia_cc3220emt_5.6.2/system/kernel/tirtos/packages\gnu/targets/arm/rtsv7M/lib/gnu.targets.arm.rtsv7M.am4g(Startup.om4g)
                0x20008088                xdc_runtime_Startup_exec__E
 .text.xdc_runtime_Startup_rtsDone__E
                0x200080e4        0xc C:/ti/energia_cc3220emt_5.6.2/system/kernel/tirtos/packages\gnu/targets/arm/rtsv7M/lib/gnu.targets.arm.rtsv7M.am4g(Startup.om4g)
                0x200080e4                xdc_runtime_Startup_rtsDone__E
 .text.xdc_runtime_Startup_startMods__I
                0x200080f0       0xec C:/ti/energia_cc3220emt_5.6.2/system/kernel/tirtos/packages\gnu/targets/arm/rtsv7M/lib/gnu.targets.arm.rtsv7M.am4g(Startup.om4g)
                0x200080f0                xdc_runtime_Startup_startMods(int0_t)
 .text.xdc_runtime_System_Module_startup__E
                0x200081dc        0x8 C:/ti/energia_cc3220emt_5.6.2/system/kernel/tirtos/packages\gnu/targets/arm/rtsv7M/lib/gnu.targets.arm.rtsv7M.am4g(System.om4g)
                0x200081dc                xdc_runtime_System_Module_startup__E
 .text.xdc_runtime_System_abort__E
                0x200081e4       0x1c C:/ti/energia_cc3220emt_5.6.2/system/kernel/tirtos/packages\gnu/targets/arm/rtsv7M/lib/gnu.targets.arm.rtsv7M.am4g(System.om4g)
                0x200081e4                xdc_runtime_System_abort__E
 .text.xdc_runtime_System_atexit__E
                0x20008200       0x3c C:/ti/energia_cc3220emt_5.6.2/system/kernel/tirtos/packages\gnu/targets/arm/rtsv7M/lib/gnu.targets.arm.rtsv7M.am4g(System.om4g)
                0x20008200                xdc_runtime_System_atexit__E
 .text.xdc_runtime_System_abortSpin__E
                0x2000823c        0x4 C:/ti/energia_cc3220emt_5.6.2/system/kernel/tirtos/packages\gnu/targets/arm/rtsv7M/lib/gnu.targets.arm.rtsv7M.am4g(System.om4g)
                0x2000823c                xdc_runtime_System_abortSpin__E
 .text.xdc_runtime_System_exitSpin__E
                0x20008240        0x4 C:/ti/energia_cc3220emt_5.6.2/system/kernel/tirtos/packages\gnu/targets/arm/rtsv7M/lib/gnu.targets.arm.rtsv7M.am4g(System.om4g)
                0x20008240                xdc_runtime_System_exitSpin__E
 .text.xdc_runtime_System_processAtExit__E
                0x20008244       0x38 C:/ti/energia_cc3220emt_5.6.2/system/kernel/tirtos/packages\gnu/targets/arm/rtsv7M/lib/gnu.targets.arm.rtsv7M.am4g(System.om4g)
                0x20008244                xdc_runtime_System_processAtExit__E
 .text.xdc_runtime_System_exit__E
                0x2000827c       0x18 C:/ti/energia_cc3220emt_5.6.2/system/kernel/tirtos/packages\gnu/targets/arm/rtsv7M/lib/gnu.targets.arm.rtsv7M.am4g(System.om4g)
                0x2000827c                xdc_runtime_System_exit__E
 .text.xdc_runtime_System_flush__E
                0x20008294        0x4 C:/ti/energia_cc3220emt_5.6.2/system/kernel/tirtos/packages\gnu/targets/arm/rtsv7M/lib/gnu.targets.arm.rtsv7M.am4g(System.om4g)
                0x20008294                xdc_runtime_System_flush__E
 .text.xdc_runtime_SysCallback_abort__E
                0x20008298        0xc C:/ti/energia_cc3220emt_5.6.2/system/kernel/tirtos/packages\gnu/targets/arm/rtsv7M/lib/gnu.targets.arm.rtsv7M.am4g(SysCallback.om4g)
                0x20008298                xdc_runtime_SysCallback_abort__E
 .text.xdc_runtime_SysCallback_exit__E
                0x200082a4        0xc C:/ti/energia_cc3220emt_5.6.2/system/kernel/tirtos/packages\gnu/targets/arm/rtsv7M/lib/gnu.targets.arm.rtsv7M.am4g(SysCallback.om4g)
                0x200082a4                xdc_runtime_SysCallback_exit__E
 .text.xdc_runtime_SysCallback_flush__E
                0x200082b0        0xc C:/ti/energia_cc3220emt_5.6.2/system/kernel/tirtos/packages\gnu/targets/arm/rtsv7M/lib/gnu.targets.arm.rtsv7M.am4g(SysCallback.om4g)
                0x200082b0                xdc_runtime_SysCallback_flush__E
 .text.xdc_runtime_SysCallback_defaultFlush
                0x200082bc        0x4 C:/ti/energia_cc3220emt_5.6.2/system/kernel/tirtos/packages\gnu/targets/arm/rtsv7M/lib/gnu.targets.arm.rtsv7M.am4g(SysCallback.om4g)
                0x200082bc                xdc_runtime_SysCallback_defaultFlush
 .text.xdc_runtime_SysCallback_defaultAbort
                0x200082c0        0x4 C:/ti/energia_cc3220emt_5.6.2/system/kernel/tirtos/packages\gnu/targets/arm/rtsv7M/lib/gnu.targets.arm.rtsv7M.am4g(SysCallback.om4g)
                0x200082c0                xdc_runtime_SysCallback_defaultAbort
 .text.xdc_runtime_SysCallback_defaultExit
                0x200082c4        0x4 C:/ti/energia_cc3220emt_5.6.2/system/kernel/tirtos/packages\gnu/targets/arm/rtsv7M/lib/gnu.targets.arm.rtsv7M.am4g(SysCallback.om4g)
                0x200082c4                xdc_runtime_SysCallback_defaultExit
 .text.xdc_runtime_Text_cordText__E
                0x200082c8       0x2c C:/ti/energia_cc3220emt_5.6.2/system/kernel/tirtos/packages\gnu/targets/arm/rtsv7M/lib/gnu.targets.arm.rtsv7M.am4g(Text.om4g)
                0x200082c8                xdc_runtime_Text_cordText__E
 .text.xdc_runtime_Text_ropeText__E
                0x200082f4       0x14 C:/ti/energia_cc3220emt_5.6.2/system/kernel/tirtos/packages\gnu/targets/arm/rtsv7M/lib/gnu.targets.arm.rtsv7M.am4g(Text.om4g)
                0x200082f4                xdc_runtime_Text_ropeText__E
 .text.xdc_runtime_Timestamp_get32__E
                0x20008308        0x4 C:/ti/energia_cc3220emt_5.6.2/system/kernel/tirtos/packages\gnu/targets/arm/rtsv7M/lib/gnu.targets.arm.rtsv7M.am4g(Timestamp.om4g)
                0x20008308                xdc_runtime_Timestamp_get32__E
 .text.xdc_runtime_Timestamp_getFreq__E
                0x2000830c        0x4 C:/ti/energia_cc3220emt_5.6.2/system/kernel/tirtos/packages\gnu/targets/arm/rtsv7M/lib/gnu.targets.arm.rtsv7M.am4g(Timestamp.om4g)
                0x2000830c                xdc_runtime_Timestamp_getFreq__E
 .text.xdc_runtime_Assert_raise__I
                0x20008310       0x50 C:/ti/energia_cc3220emt_5.6.2/system/kernel/tirtos/packages\gnu/targets/arm/rtsv7M/lib/gnu.targets.arm.rtsv7M.am4g(Assert.om4g)
                0x20008310                xdc_runtime_Assert_raise(int0_t)
 .text.startupC
                0x20008360       0x9c C:/ti/energia_cc3220emt_5.6.2/system/kernel/tirtos/packages\gnu/targets/arm/rtsv7M/lib/boot.am4g(startup.om4g)
                0x20008360                startupC
 .text._fini    0x200083fc        0x4 C:/ti/energia_cc3220emt_5.6.2/system/kernel/tirtos/packages\gnu/targets/arm/rtsv7M/lib/boot.am4g(startup.om4g)
                0x200083fc                _fini
 .text._exit    0x20008400        0x4 C:/ti/energia_cc3220emt_5.6.2/system/kernel/tirtos/packages\gnu/targets/arm/rtsv7M/lib/syscalls.am4g(syscalls.om4g)
                0x20008400                C$$EXIT
                0x20008400                _exit
 .text.__tcf_0  0x20008404       0x1c C:/Users/Liam/workspace_v8/cc3220emt_CC3220SF-LAUNCHXL_WiFiMKII/Debug\libcc3220emt_CC3220SF-LAUNCHXL_WiFiMKII.a(WiFi.o)
 .text._ZN9WiFiClassC2Ev
                0x20008420       0x38 C:/Users/Liam/workspace_v8/cc3220emt_CC3220SF-LAUNCHXL_WiFiMKII/Debug\libcc3220emt_CC3220SF-LAUNCHXL_WiFiMKII.a(WiFi.o)
                0x20008420                WiFiClass::WiFiClass()
                0x20008420                WiFiClass::WiFiClass()
 .text._ZN9WiFiClass4initEv
                0x20008458       0x90 C:/Users/Liam/workspace_v8/cc3220emt_CC3220SF-LAUNCHXL_WiFiMKII/Debug\libcc3220emt_CC3220SF-LAUNCHXL_WiFiMKII.a(WiFi.o)
                0x20008458                WiFiClass::init()
 .text._ZN9WiFiClass9getSocketEv
                0x200084e8       0x24 C:/Users/Liam/workspace_v8/cc3220emt_CC3220SF-LAUNCHXL_WiFiMKII/Debug\libcc3220emt_CC3220SF-LAUNCHXL_WiFiMKII.a(WiFi.o)
                0x200084e8                WiFiClass::getSocket()
 .text._ZN9WiFiClass12beginNetworkEPcS0_
                0x2000850c       0xa8 C:/Users/Liam/workspace_v8/cc3220emt_CC3220SF-LAUNCHXL_WiFiMKII/Debug\libcc3220emt_CC3220SF-LAUNCHXL_WiFiMKII.a(WiFi.o)
                0x2000850c                WiFiClass::beginNetwork(char*, char*)
 .text._ZN9WiFiClass7localIPEv
                0x200085b4       0x48 C:/Users/Liam/workspace_v8/cc3220emt_CC3220SF-LAUNCHXL_WiFiMKII/Debug\libcc3220emt_CC3220SF-LAUNCHXL_WiFiMKII.a(WiFi.o)
                0x200085b4                WiFiClass::localIP()
 .text._ZN9WiFiClass10hostByNameEPcR9IPAddress
                0x200085fc       0x44 C:/Users/Liam/workspace_v8/cc3220emt_CC3220SF-LAUNCHXL_WiFiMKII/Debug\libcc3220emt_CC3220SF-LAUNCHXL_WiFiMKII.a(WiFi.o)
                0x200085fc                WiFiClass::hostByName(char*, IPAddress&)
 .text._ZN9WiFiClass20_registerNewDeviceIPEPhS0_
                0x20008640       0x80 C:/Users/Liam/workspace_v8/cc3220emt_CC3220SF-LAUNCHXL_WiFiMKII/Debug\libcc3220emt_CC3220SF-LAUNCHXL_WiFiMKII.a(WiFi.o)
                0x20008640                WiFiClass::_registerNewDeviceIP(unsigned char*, unsigned char*)
 .text._ZN9WiFiClass17_unregisterDeviceEPh
                0x200086c0       0x3c C:/Users/Liam/workspace_v8/cc3220emt_CC3220SF-LAUNCHXL_WiFiMKII/Debug\libcc3220emt_CC3220SF-LAUNCHXL_WiFiMKII.a(WiFi.o)
                0x200086c0                WiFiClass::_unregisterDevice(unsigned char*)
 .text.startup._GLOBAL__sub_I__ZN9WiFiClass11WiFi_statusE
                0x200086fc       0x44 C:/Users/Liam/workspace_v8/cc3220emt_CC3220SF-LAUNCHXL_WiFiMKII/Debug\libcc3220emt_CC3220SF-LAUNCHXL_WiFiMKII.a(WiFi.o)
 .text._ZN10WiFiClient5writeEh
                0x20008740       0x22 C:/Users/Liam/workspace_v8/cc3220emt_CC3220SF-LAUNCHXL_WiFiMKII/Debug\libcc3220emt_CC3220SF-LAUNCHXL_WiFiMKII.a(WiFiClient.o)
                0x20008740                WiFiClient::write(unsigned char)
 .text._ZN10WiFiClient4readEv
                0x20008762       0x22 C:/Users/Liam/workspace_v8/cc3220emt_CC3220SF-LAUNCHXL_WiFiMKII/Debug\libcc3220emt_CC3220SF-LAUNCHXL_WiFiMKII.a(WiFiClient.o)
                0x20008762                WiFiClient::read()
 .text._ZN10WiFiClient4peekEv
                0x20008784       0x16 C:/Users/Liam/workspace_v8/cc3220emt_CC3220SF-LAUNCHXL_WiFiMKII/Debug\libcc3220emt_CC3220SF-LAUNCHXL_WiFiMKII.a(WiFiClient.o)
                0x20008784                WiFiClient::peek()
 .text._ZN10WiFiClientcvbEv
                0x2000879a        0xa C:/Users/Liam/workspace_v8/cc3220emt_CC3220SF-LAUNCHXL_WiFiMKII/Debug\libcc3220emt_CC3220SF-LAUNCHXL_WiFiMKII.a(WiFiClient.o)
                0x2000879a                WiFiClient::operator bool()
 .text._ZN10WiFiClient7connectEPKct
                0x200087a4       0x44 C:/Users/Liam/workspace_v8/cc3220emt_CC3220SF-LAUNCHXL_WiFiMKII/Debug\libcc3220emt_CC3220SF-LAUNCHXL_WiFiMKII.a(WiFiClient.o)
                0x200087a4                WiFiClient::connect(char const*, unsigned short)
 .text._ZN10WiFiClient10sslConnectEPKct
                0x200087e8       0x44 C:/Users/Liam/workspace_v8/cc3220emt_CC3220SF-LAUNCHXL_WiFiMKII/Debug\libcc3220emt_CC3220SF-LAUNCHXL_WiFiMKII.a(WiFiClient.o)
                0x200087e8                WiFiClient::sslConnect(char const*, unsigned short)
 .text._ZN10WiFiClient5flushEv
                0x2000882c       0x1a C:/Users/Liam/workspace_v8/cc3220emt_CC3220SF-LAUNCHXL_WiFiMKII/Debug\libcc3220emt_CC3220SF-LAUNCHXL_WiFiMKII.a(WiFiClient.o)
                0x2000882c                WiFiClient::flush()
 *fill*         0x20008846        0x2 
 .text._ZN10WiFiClient9availableEv
                0x20008848       0xc0 C:/Users/Liam/workspace_v8/cc3220emt_CC3220SF-LAUNCHXL_WiFiMKII/Debug\libcc3220emt_CC3220SF-LAUNCHXL_WiFiMKII.a(WiFiClient.o)
                0x20008848                WiFiClient::available()
 .text._ZN10WiFiClient4readEPhj
                0x20008908       0x3c C:/Users/Liam/workspace_v8/cc3220emt_CC3220SF-LAUNCHXL_WiFiMKII/Debug\libcc3220emt_CC3220SF-LAUNCHXL_WiFiMKII.a(WiFiClient.o)
                0x20008908                WiFiClient::read(unsigned char*, unsigned int)
 .text._ZN10WiFiClient4stopEv
                0x20008944       0x40 C:/Users/Liam/workspace_v8/cc3220emt_CC3220SF-LAUNCHXL_WiFiMKII/Debug\libcc3220emt_CC3220SF-LAUNCHXL_WiFiMKII.a(WiFiClient.o)
                0x20008944                WiFiClient::stop()
 .text._ZN10WiFiClient5writeEPKhj
                0x20008984       0x50 C:/Users/Liam/workspace_v8/cc3220emt_CC3220SF-LAUNCHXL_WiFiMKII/Debug\libcc3220emt_CC3220SF-LAUNCHXL_WiFiMKII.a(WiFiClient.o)
                0x20008984                WiFiClient::write(unsigned char const*, unsigned int)
 .text._ZN10WiFiClient7connectE9IPAddresst
                0x200089d4       0xbc C:/Users/Liam/workspace_v8/cc3220emt_CC3220SF-LAUNCHXL_WiFiMKII/Debug\libcc3220emt_CC3220SF-LAUNCHXL_WiFiMKII.a(WiFiClient.o)
                0x200089d4                WiFiClient::connect(IPAddress, unsigned short)
 .text._ZN10WiFiClient10sslConnectE9IPAddresst
                0x20008a90      0x108 C:/Users/Liam/workspace_v8/cc3220emt_CC3220SF-LAUNCHXL_WiFiMKII/Debug\libcc3220emt_CC3220SF-LAUNCHXL_WiFiMKII.a(WiFiClient.o)
                0x20008a90                WiFiClient::sslConnect(IPAddress, unsigned short)
 .text._ZN10WiFiClientC2Ev
                0x20008b98       0x2c C:/Users/Liam/workspace_v8/cc3220emt_CC3220SF-LAUNCHXL_WiFiMKII/Debug\libcc3220emt_CC3220SF-LAUNCHXL_WiFiMKII.a(WiFiClient.o)
                0x20008b98                WiFiClient::WiFiClient()
                0x20008b98                WiFiClient::WiFiClient()
 .text._ZN10WiFiClientD2Ev
                0x20008bc4       0x2c C:/Users/Liam/workspace_v8/cc3220emt_CC3220SF-LAUNCHXL_WiFiMKII/Debug\libcc3220emt_CC3220SF-LAUNCHXL_WiFiMKII.a(WiFiClient.o)
                0x20008bc4                WiFiClient::~WiFiClient()
                0x20008bc4                WiFiClient::~WiFiClient()
 .text._ZN10WiFiClient6statusEv
                0x20008bf0       0x14 C:/Users/Liam/workspace_v8/cc3220emt_CC3220SF-LAUNCHXL_WiFiMKII/Debug\libcc3220emt_CC3220SF-LAUNCHXL_WiFiMKII.a(WiFiClient.o)
                0x20008bf0                WiFiClient::status()
 .text._ZN10WiFiClient9connectedEv
                0x20008c04        0xe C:/Users/Liam/workspace_v8/cc3220emt_CC3220SF-LAUNCHXL_WiFiMKII/Debug\libcc3220emt_CC3220SF-LAUNCHXL_WiFiMKII.a(WiFiClient.o)
                0x20008c04                WiFiClient::connected()
 .text._ZN7WiFiUDP9availableEv
                0x20008c12       0x10 C:/Users/Liam/workspace_v8/cc3220emt_CC3220SF-LAUNCHXL_WiFiMKII/Debug\libcc3220emt_CC3220SF-LAUNCHXL_WiFiMKII.a(WiFiUdp.o)
                0x20008c12                WiFiUDP::available()
 .text._ZN7WiFiUDP5writeEh
                0x20008c22       0x16 C:/Users/Liam/workspace_v8/cc3220emt_CC3220SF-LAUNCHXL_WiFiMKII/Debug\libcc3220emt_CC3220SF-LAUNCHXL_WiFiMKII.a(WiFiUdp.o)
                0x20008c22                WiFiUDP::write(unsigned char)
 .text._ZN7WiFiUDP4readEv
                0x20008c38       0x1c C:/Users/Liam/workspace_v8/cc3220emt_CC3220SF-LAUNCHXL_WiFiMKII/Debug\libcc3220emt_CC3220SF-LAUNCHXL_WiFiMKII.a(WiFiUdp.o)
                0x20008c38                WiFiUDP::read()
 .text._ZN7WiFiUDP4peekEv
                0x20008c54       0x16 C:/Users/Liam/workspace_v8/cc3220emt_CC3220SF-LAUNCHXL_WiFiMKII/Debug\libcc3220emt_CC3220SF-LAUNCHXL_WiFiMKII.a(WiFiUdp.o)
                0x20008c54                WiFiUDP::peek()
 .text._ZN7WiFiUDP5flushEv
                0x20008c6a       0x1a C:/Users/Liam/workspace_v8/cc3220emt_CC3220SF-LAUNCHXL_WiFiMKII/Debug\libcc3220emt_CC3220SF-LAUNCHXL_WiFiMKII.a(WiFiUdp.o)
                0x20008c6a                WiFiUDP::flush()
 .text._ZN7WiFiUDP5writeEPKhj
                0x20008c84       0x2e C:/Users/Liam/workspace_v8/cc3220emt_CC3220SF-LAUNCHXL_WiFiMKII/Debug\libcc3220emt_CC3220SF-LAUNCHXL_WiFiMKII.a(WiFiUdp.o)
                0x20008c84                WiFiUDP::write(unsigned char const*, unsigned int)
 *fill*         0x20008cb2        0x2 
 .text._ZN7WiFiUDPC2Ev
                0x20008cb4       0x48 C:/Users/Liam/workspace_v8/cc3220emt_CC3220SF-LAUNCHXL_WiFiMKII/Debug\libcc3220emt_CC3220SF-LAUNCHXL_WiFiMKII.a(WiFiUdp.o)
                0x20008cb4                WiFiUDP::WiFiUDP()
                0x20008cb4                WiFiUDP::WiFiUDP()
 .text._ZN7WiFiUDP5beginEt
                0x20008cfc       0x7c C:/Users/Liam/workspace_v8/cc3220emt_CC3220SF-LAUNCHXL_WiFiMKII/Debug\libcc3220emt_CC3220SF-LAUNCHXL_WiFiMKII.a(WiFiUdp.o)
                0x20008cfc                WiFiUDP::begin(unsigned short)
 .text._ZN7WiFiUDP11beginPacketE9IPAddresst
                0x20008d78       0x2e C:/Users/Liam/workspace_v8/cc3220emt_CC3220SF-LAUNCHXL_WiFiMKII/Debug\libcc3220emt_CC3220SF-LAUNCHXL_WiFiMKII.a(WiFiUdp.o)
                0x20008d78                WiFiUDP::beginPacket(IPAddress, unsigned short)
 *fill*         0x20008da6        0x2 
 .text._ZN7WiFiUDP9endPacketEv
                0x20008da8       0x70 C:/Users/Liam/workspace_v8/cc3220emt_CC3220SF-LAUNCHXL_WiFiMKII/Debug\libcc3220emt_CC3220SF-LAUNCHXL_WiFiMKII.a(WiFiUdp.o)
                0x20008da8                WiFiUDP::endPacket()
 .text._ZN7WiFiUDP5writeEPc
                0x20008e18       0x1c C:/Users/Liam/workspace_v8/cc3220emt_CC3220SF-LAUNCHXL_WiFiMKII/Debug\libcc3220emt_CC3220SF-LAUNCHXL_WiFiMKII.a(WiFiUdp.o)
                0x20008e18                WiFiUDP::write(char*)
 .text._ZN7WiFiUDP11parsePacketEv
                0x20008e34       0xb0 C:/Users/Liam/workspace_v8/cc3220emt_CC3220SF-LAUNCHXL_WiFiMKII/Debug\libcc3220emt_CC3220SF-LAUNCHXL_WiFiMKII.a(WiFiUdp.o)
                0x20008e34                WiFiUDP::parsePacket()
 .text._ZN7WiFiUDP4readEPhj
                0x20008ee4       0x36 C:/Users/Liam/workspace_v8/cc3220emt_CC3220SF-LAUNCHXL_WiFiMKII/Debug\libcc3220emt_CC3220SF-LAUNCHXL_WiFiMKII.a(WiFiUdp.o)
                0x20008ee4                WiFiUDP::read(unsigned char*, unsigned int)
 .text._ZN7WiFiUDP8remoteIPEv
                0x20008f1a       0x18 C:/Users/Liam/workspace_v8/cc3220emt_CC3220SF-LAUNCHXL_WiFiMKII/Debug\libcc3220emt_CC3220SF-LAUNCHXL_WiFiMKII.a(WiFiUdp.o)
                0x20008f1a                WiFiUDP::remoteIP()
 .text._ZN7WiFiUDP10remotePortEv
                0x20008f32        0x6 C:/Users/Liam/workspace_v8/cc3220emt_CC3220SF-LAUNCHXL_WiFiMKII/Debug\libcc3220emt_CC3220SF-LAUNCHXL_WiFiMKII.a(WiFiUdp.o)
                0x20008f32                WiFiUDP::remotePort()
 .text.delay    0x20008f38        0xa C:/Users/Liam/workspace_v8/cc3220emt_CC3220SF-LAUNCHXL_core/Debug\libcc3220emt_CC3220SF-LAUNCHXL_core.a(wiring.o)
                0x20008f38                delay
 .text.dmaErrorFxn
                0x20008f42        0xc C:/Users/Liam/workspace_v8/cc3220emt_CC3220SF-LAUNCHXL_core/Debug\libcc3220emt_CC3220SF-LAUNCHXL_core.a(Board_init.o)
 .text.Board_init
                0x20008f4e       0x12 C:/Users/Liam/workspace_v8/cc3220emt_CC3220SF-LAUNCHXL_core/Debug\libcc3220emt_CC3220SF-LAUNCHXL_core.a(Board_init.o)
                0x20008f4e                Board_init
 .text._ZN14HardwareSerial5flushEv
                0x20008f60        0xe C:/Users/Liam/workspace_v8/cc3220emt_CC3220SF-LAUNCHXL_core/Debug\libcc3220emt_CC3220SF-LAUNCHXL_core.a(HardwareSerial.o)
                0x20008f60                HardwareSerial::flush()
 .text._ZN14HardwareSerial5writeEh
                0x20008f6e       0x16 C:/Users/Liam/workspace_v8/cc3220emt_CC3220SF-LAUNCHXL_core/Debug\libcc3220emt_CC3220SF-LAUNCHXL_core.a(HardwareSerial.o)
                0x20008f6e                HardwareSerial::write(unsigned char)
 .text._ZN14HardwareSerial4peekEv
                0x20008f84       0x3a C:/Users/Liam/workspace_v8/cc3220emt_CC3220SF-LAUNCHXL_core/Debug\libcc3220emt_CC3220SF-LAUNCHXL_core.a(HardwareSerial.o)
                0x20008f84                HardwareSerial::peek()
 .text._ZN14HardwareSerial9availableEv
                0x20008fbe       0x48 C:/Users/Liam/workspace_v8/cc3220emt_CC3220SF-LAUNCHXL_core/Debug\libcc3220emt_CC3220SF-LAUNCHXL_core.a(HardwareSerial.o)
                0x20008fbe                HardwareSerial::available()
 .text._ZN14HardwareSerial4readEv
                0x20009006       0x58 C:/Users/Liam/workspace_v8/cc3220emt_CC3220SF-LAUNCHXL_core/Debug\libcc3220emt_CC3220SF-LAUNCHXL_core.a(HardwareSerial.o)
                0x20009006                HardwareSerial::read()
 *fill*         0x2000905e        0x2 
 .text._ZN14HardwareSerialC2EmPFvP12UART_Config_PvjES4_
                0x20009060       0x28 C:/Users/Liam/workspace_v8/cc3220emt_CC3220SF-LAUNCHXL_core/Debug\libcc3220emt_CC3220SF-LAUNCHXL_core.a(HardwareSerial.o)
                0x20009060                HardwareSerial::HardwareSerial(unsigned long, void (*)(UART_Config_*, void*, unsigned int), void (*)(UART_Config_*, void*, unsigned int))
                0x20009060                HardwareSerial::HardwareSerial(unsigned long, void (*)(UART_Config_*, void*, unsigned int), void (*)(UART_Config_*, void*, unsigned int))
 .text._ZN14HardwareSerial5beginEm
                0x20009088       0xa6 C:/Users/Liam/workspace_v8/cc3220emt_CC3220SF-LAUNCHXL_core/Debug\libcc3220emt_CC3220SF-LAUNCHXL_core.a(HardwareSerial.o)
                0x20009088                HardwareSerial::begin(unsigned long)
 .text._ZN14HardwareSerial7primeTxEv
                0x2000912e       0x58 C:/Users/Liam/workspace_v8/cc3220emt_CC3220SF-LAUNCHXL_core/Debug\libcc3220emt_CC3220SF-LAUNCHXL_core.a(HardwareSerial.o)
                0x2000912e                HardwareSerial::primeTx()
 .text._ZN14HardwareSerial5writeEPKhj
                0x20009186       0xb0 C:/Users/Liam/workspace_v8/cc3220emt_CC3220SF-LAUNCHXL_core/Debug\libcc3220emt_CC3220SF-LAUNCHXL_core.a(HardwareSerial.o)
                0x20009186                HardwareSerial::write(unsigned char const*, unsigned int)
 .text._ZN14HardwareSerial12readCallbackEP12UART_Config_Pvj
                0x20009236       0x58 C:/Users/Liam/workspace_v8/cc3220emt_CC3220SF-LAUNCHXL_core/Debug\libcc3220emt_CC3220SF-LAUNCHXL_core.a(HardwareSerial.o)
                0x20009236                HardwareSerial::readCallback(UART_Config_*, void*, unsigned int)
 .text._ZN14HardwareSerial13writeCallbackEP12UART_Config_Pvj
                0x2000928e       0x6c C:/Users/Liam/workspace_v8/cc3220emt_CC3220SF-LAUNCHXL_core/Debug\libcc3220emt_CC3220SF-LAUNCHXL_core.a(HardwareSerial.o)
                0x2000928e                HardwareSerial::writeCallback(UART_Config_*, void*, unsigned int)
 .text._ZNK9IPAddress7printToER5Print
                0x200092fa       0x3e C:/Users/Liam/workspace_v8/cc3220emt_CC3220SF-LAUNCHXL_core/Debug\libcc3220emt_CC3220SF-LAUNCHXL_core.a(IPAddress.o)
                0x200092fa                IPAddress::printTo(Print&) const
 .text._ZN9IPAddressC2Ev
                0x20009338       0x10 C:/Users/Liam/workspace_v8/cc3220emt_CC3220SF-LAUNCHXL_core/Debug\libcc3220emt_CC3220SF-LAUNCHXL_core.a(IPAddress.o)
                0x20009338                IPAddress::IPAddress()
                0x20009338                IPAddress::IPAddress()
 .text._ZN9IPAddressC2Ehhhh
                0x20009348       0x18 C:/Users/Liam/workspace_v8/cc3220emt_CC3220SF-LAUNCHXL_core/Debug\libcc3220emt_CC3220SF-LAUNCHXL_core.a(IPAddress.o)
                0x20009348                IPAddress::IPAddress(unsigned char, unsigned char, unsigned char, unsigned char)
                0x20009348                IPAddress::IPAddress(unsigned char, unsigned char, unsigned char, unsigned char)
 .text._ZN9IPAddressaSEm
                0x20009360        0x4 C:/Users/Liam/workspace_v8/cc3220emt_CC3220SF-LAUNCHXL_core/Debug\libcc3220emt_CC3220SF-LAUNCHXL_core.a(IPAddress.o)
                0x20009360                IPAddress::operator=(unsigned long)
 .text.startup._GLOBAL__sub_I_INADDR_NONE
                0x20009364       0x1c C:/Users/Liam/workspace_v8/cc3220emt_CC3220SF-LAUNCHXL_core/Debug\libcc3220emt_CC3220SF-LAUNCHXL_core.a(IPAddress.o)
 .text._ZNK10MACAddress7printToER5Print
                0x20009380       0x60 C:/Users/Liam/workspace_v8/cc3220emt_CC3220SF-LAUNCHXL_core/Debug\libcc3220emt_CC3220SF-LAUNCHXL_core.a(MACAddress.o)
                0x20009380                MACAddress::printTo(Print&) const
 .text.startup._GLOBAL__sub_I_MACADDR_NONE
                0x200093e0       0x20 C:/Users/Liam/workspace_v8/cc3220emt_CC3220SF-LAUNCHXL_core/Debug\libcc3220emt_CC3220SF-LAUNCHXL_core.a(MACAddress.o)
 .text._ZN5Print5writeEPKc
                0x20009400       0x1c C:/Users/Liam/workspace_v8/cc3220emt_CC3220SF-LAUNCHXL_core/Debug\libcc3220emt_CC3220SF-LAUNCHXL_core.a(Print.o)
                0x20009400                Print::write(char const*)
 .text._ZN5Print5printEPKc
                0x2000941c        0x8 C:/Users/Liam/workspace_v8/cc3220emt_CC3220SF-LAUNCHXL_core/Debug\libcc3220emt_CC3220SF-LAUNCHXL_core.a(Print.o)
                0x2000941c                Print::print(char const*)
 .text._ZN5Print5printEc
                0x20009424        0x6 C:/Users/Liam/workspace_v8/cc3220emt_CC3220SF-LAUNCHXL_core/Debug\libcc3220emt_CC3220SF-LAUNCHXL_core.a(Print.o)
                0x20009424                Print::print(char)
 .text._ZN5Print5printERK9Printable
                0x2000942a        0xc C:/Users/Liam/workspace_v8/cc3220emt_CC3220SF-LAUNCHXL_core/Debug\libcc3220emt_CC3220SF-LAUNCHXL_core.a(Print.o)
                0x2000942a                Print::print(Printable const&)
 .text._ZN5Print7printlnEv
                0x20009436       0x18 C:/Users/Liam/workspace_v8/cc3220emt_CC3220SF-LAUNCHXL_core/Debug\libcc3220emt_CC3220SF-LAUNCHXL_core.a(Print.o)
                0x20009436                Print::println()
 .text._ZN5Print7printlnEPKc
                0x2000944e       0x14 C:/Users/Liam/workspace_v8/cc3220emt_CC3220SF-LAUNCHXL_core/Debug\libcc3220emt_CC3220SF-LAUNCHXL_core.a(Print.o)
                0x2000944e                Print::println(char const*)
 .text._ZN5Print7printlnERK9Printable
                0x20009462       0x14 C:/Users/Liam/workspace_v8/cc3220emt_CC3220SF-LAUNCHXL_core/Debug\libcc3220emt_CC3220SF-LAUNCHXL_core.a(Print.o)
                0x20009462                Print::println(Printable const&)
 .text._ZN5Print11printNumberEmh
                0x20009476       0x40 C:/Users/Liam/workspace_v8/cc3220emt_CC3220SF-LAUNCHXL_core/Debug\libcc3220emt_CC3220SF-LAUNCHXL_core.a(Print.o)
                0x20009476                Print::printNumber(unsigned long, unsigned char)
 .text._ZN5Print5printEli
                0x200094b6       0x44 C:/Users/Liam/workspace_v8/cc3220emt_CC3220SF-LAUNCHXL_core/Debug\libcc3220emt_CC3220SF-LAUNCHXL_core.a(Print.o)
                0x200094b6                Print::print(long, int)
 .text._ZN5Print7printlnEii
                0x200094fa       0x14 C:/Users/Liam/workspace_v8/cc3220emt_CC3220SF-LAUNCHXL_core/Debug\libcc3220emt_CC3220SF-LAUNCHXL_core.a(Print.o)
                0x200094fa                Print::println(int, int)
 .text._ZN5Print5printEmi
                0x2000950e       0x16 C:/Users/Liam/workspace_v8/cc3220emt_CC3220SF-LAUNCHXL_core/Debug\libcc3220emt_CC3220SF-LAUNCHXL_core.a(Print.o)
                0x2000950e                Print::print(unsigned long, int)
 .text._ZN5Print5printEhi
                0x20009524        0x4 C:/Users/Liam/workspace_v8/cc3220emt_CC3220SF-LAUNCHXL_core/Debug\libcc3220emt_CC3220SF-LAUNCHXL_core.a(Print.o)
                0x20009524                Print::print(unsigned char, int)
 .text._ZN7TwoWire5writeEPKhj